--------- beginning of main
D/SecVolumePanel.04d0d0ea( 1242): onSliderVisibilityChanged(stream=-200, visi=0)
E/Avrcp   ( 2770): onActiveSessionsChanged
D/Avrcp   ( 2770): pick active media Controller
D/Avrcp   ( 2770): Get the active Media Controller 
D/MediaSessionRecord( 1034): setPlaybackState oldState:0, newState:0, packageName:com.sec.android.app.music
D/SecVolumePanel.04d0d0ea( 1242): onSliderVisibilityChanged(stream=-200, visi=0)
E/Avrcp   ( 2770): onActiveSessionsChanged
D/Avrcp   ( 2770): pick active media Controller
D/Avrcp   ( 2770): Get the active Media Controller 
V/Avrcp   ( 2770): onClientTransportControlUpdate transportControlFlags: 511
V/MediaPlayer-JNI(14714): native_setup
V/MediaPlayer(14714): constructor
V/MediaPlayer(14714): setListener
E/MediaPlayer-JNI(14714): QCMediaPlayer mediaplayer NOT present
V/MediaPlayer-JNI(14714): get_session_id()
D/SMUSIC-ServicePlayer(14714): notifyAudioEffect() openSession ? true
D/SAControlPanelReceiver(29358): *****onReceive()*****
D/SAControlPanelReceiver(29358): Action: android.media.action.OPEN_AUDIO_EFFECT_CONTROL_SESSION
D/SMUSIC-ServiceListManager(14714): mIsShuffle : 0 setShuffle(): mPlayListLength: 0
D/SMUSIC-Service(14714): savePreferences key : shuffle value : 0
D/SMUSIC-Service(14714): savePreferences key : repeat value : 0
D/SAControlPanelReceiver(29358): OPEN_SESSION currentPackageName :com.sec.android.app.music  prevPackageName : __SoundAlivePlayer currentAudioSession : 20  prevAudioSession : -4
D/SAControlPanelReceiver(29358): start SAControlPanelService - SERVICE_STATE_OPEN
D/SAControlPanelService(29358): *****onCreate() in Service*****
D/SoundAlivePolicyManager(29358): isAudioPathSpeaker() : true
D/SAControlPanelService(29358): getCurrentAudioPath :  currentAudioPath = SA_PATH_SPK
D/SAControlPanelService(29358): *****onStartCommand() in Service*****
D/SAControlPanelService(29358): onStartCommand mIsNativeError : false
D/SAControlPanelService(29358): getAudioPath() is 0
D/SAControlPanelService(29358): onStartCommand() service_state == SERVICE_STATE_OPEN
D/MediaSessionRecord( 1034): setPlaybackState oldState:0, newState:1, packageName:com.sec.android.app.music
V/Avrcp   ( 2770): onClientTransportControlUpdate transportControlFlags: 511
D/RCPManagerService( 1034): exchangeData() failure , invalid userId
D/AudioSAEffectSec(  285): EffectCreate - Allocating SessionNo 0 for SessionId 20
D/AudioSAEffectSec(  285): EffectCreate - This is the first effect in current sessionId 20 sessionNo 0
D/AudioSAEffectSec(  285): AudioSAEffectSec::AudioSAEffectSec ctor
D/AudioSAEffectSec(  285): AudioSAEffectSec::createSA
D/AudioSASec(  285): AudioSASec::AudioSASec : 0xb89a3fb0
D/AudioSASec(  285): AudioSASec::AudioSASec : 0xb89a3fb0 -
D/AudioSAEffectSec(  285): AudioSAEffectSec::createSA(0xb89a3fb0)
I/AudioSASec(  285): AudioSASec::Configure(1606867, 44100, 2, 1)
I/AudioSASec(  285): AudioSASec::Configure(1606867, 44100, 2, 1)
I/AudioSAEffectSec(  285): EFFECT_CMD_INIT mTrackChannel = 2, mThreadChannel = 2 mTrackFormat = 0x1
D/AudioSASec(  285): AudioSASec::Init() trackChannel = 2, threadChannel = 2 format=1
D/AudioSASec(  285): int android::AudioSASec::Init(int, int, int) mChannels:2 mCurPreset:0 mBitDepth:0 mSampleRate:44100
E/SecMediaRecorderJNI(14714): JNI_OnLoad(SecMediaRecorder)
I/SecMediaRecorderJNI(14714): init
I/SecMediaRecorderJNI(14714): is_recording: 0
D/AudioSASec(  285): AudioSASec::Init() - TrackStart
D/AudioSASec(  285): AudioSASec::Init()
I/AudioSASec(  285): AudioSASec::Configure(960, 48000, 2, 1)
I/AudioSASec(  285): AudioSASec::Configure(960, 48000, 2, 1)
D/CallStateChecker(14714): isCallIdle() isVoipIdle : true isCommIdle(Such like google talk..) : true
D/SAControlPanelService(29358): getNewSoundAliveInstance :: new SoundAlive instance created successfully
D/SAControlPanelService(29358):  checkAndSetEffect()
D/SAControlPanelService(29358): *****updateSquareUIsetting()*****
D/SAControlPanelService(29358): position: 40
I/MediaFocusControl( 1034):  AudioFocus  requestAudioFocus() from android.media.AudioManager$2d96cb73com.sec.android.app.music.service.PlayerService$3$2923da30 req=1flags=0x0
D/SMUSIC-Service(14714): request audio focus result : 1
D/SAControlPanelService(29358): *****convPresetIndexToGenreIndex()***** presetIndex : 0   genreIndex : 0
D/SettingsProvider( 1034): isChangeAllowed() : name = SOUNDALIVE_GENRE_INDEX
D/SettingsProvider( 1034): edmUri: content://com.sec.knox.provider/RestrictionPolicy3
D/SettingsProvider( 1034): projectionArgs: isSettingsChangesAllowed
D/SettingsProvider( 1034): selectionArgs: false
D/SettingsProvider( 1034): selectionArgs: 10033
D/SecContentProvider( 1034): query(), uri = 17 selection = isSettingsChangesAllowed
D/SettingsProvider( 1034): ret = -1
D/SAControlPanelService(29358): *****updateAutoPreset()*****
I/SecKeyguardClockSingleView( 1242): Ignore. Because it is same clock text
D/SMUSIC-ServiceListManager(14714): getCurrentListPosition : 0
D/SMUSIC-Service(14714): saveQueue
D/SMUSIC-ServiceListManager(14714): created queue string in 0 ms
D/SMUSIC-ServiceListManager(14714): getCurrentListPosition : 0
D/SMUSIC-Service(14714): saveQueue
D/SMUSIC-ServiceListManager(14714): created queue string in 0 ms
D/SMUSIC-ServiceListManager(14714): getCurrentListPosition : 0
D/SMUSIC-ServicePlayer(14714): setVolume() : 0.0
D/HelperGooglePlayMusic(29358): *****onReceive()*****
D/HelperGooglePlayMusic(29358): Action: android.media.action.OPEN_AUDIO_EFFECT_CONTROL_SESSION
D/SMUSIC-ServicePlayer(14714): isPlaying() true
D/WVMDrmPlugIn(  284): WVMDrmPlugin::onInitialize : 2347
D/WVMDrmPlugIn(  284): WVMDrmPlugin::onSetOnInfoListener : add 2347
D/SMUSIC-ServicePlayer(14714): reset() state : PREPARING
V/MediaPlayer-JNI(14714): reset
V/MediaPlayer(14714): reset
D/SMUSIC-ServicePlayer(14714): reset() completed
V/MediaPlayer-JNI(14714): set_session_id(): 20
V/MediaPlayer(14714): MediaPlayer::setAudioSessionId(20)
V/MediaPlayer-JNI(14714): setDataSourceFD: fd 40
V/MediaPlayer(14714): setDataSource(40, 0, 576460752303423487)
V/MediaPlayerService(  285): Create new client(7) from pid 14714, uid 10087, 
V/MediaPlayerService(  285): setDataSource fd=47, offset=0, length=576460752303423487
V/MediaPlayerService(  285): st_dev  = 23
V/MediaPlayerService(  285): st_ino  = 327684
V/MediaPlayerService(  285): st_mode = 33272
V/MediaPlayerService(  285): st_uid  = 0
V/MediaPlayerService(  285): st_gid  = 1028
V/MediaPlayerService(  285): st_size = 3333449
V/MediaPlayerService(  285): calculated length = 3333449
V/MediaPlayerService(  285): player type = 4
V/NuPlayerDriver(  285): NuPlayerDriver(0xb89d5728)
V/AudioSink(  285): AudioOutput(20)
V/NuPlayerDriver(  285): setDataSource(0xb89d5728) file(47)
V/GenericSource(  285): setDefault
V/NuPlayer(  285): kWhatSetAudioSink
V/NuPlayer(  285): kWhatSetDataSource
V/MediaPlayerService(  285): [7] setParameter(1604)
V/NuPlayer(  285): setParameter = 1604
V/NuPlayer(  285): Current Content PID : 14714
V/MediaPlayerService(  285): [7] getParameter(1700)
V/MediaPlayer-JNI(14714): setAudioStreamType: 3
V/MediaPlayer(14714): MediaPlayer::setAudioStreamType
V/MediaPlayer(14714): setVideoSurfaceTexture
V/MediaPlayerService(  285): [7] setVideoSurfaceTexture(0x0)
V/MediaPlayer(14714): prepareAsync
V/MediaPlayerService(  285): [7] setAudioStreamType(3)
V/MediaPlayerService(  285): [7] prepareAsync
V/NuPlayerDriver(  285): prepareAsync(0xb89d5728)
V/GenericSource(  285): prepareAsync
V/GenericSource(  285): [Flag] set 0x8 -> mFlags = 0x8
D/SMUSIC-ServicePlayer(14714): notifyAudioEffect() openSession ? false
V/GenericSource(  285): onPrepareAsync
D/MediaScanner( 2360): MediaScanner - mSkipList:
D/MediaScanner( 2360): 7klwibgf7fvntblfd7(7bnlwubmrdblb.(747klwibgf7fvntblfd7(7DrwDrcl+A7
D/SMUSIC-ServicePlayer(14714): notifyAudioEffect() openSession ? true
D/SAControlPanelReceiver(29358): *****onReceive()*****
D/SAControlPanelReceiver(29358): Action: android.media.action.CLOSE_AUDIO_EFFECT_CONTROL_SESSION
D/SAControlPanelReceiver(29358): CLOSE_SESSION currentPackageName :com.sec.android.app.music  prevPackageName : com.sec.android.app.music currentAudioSession : 20  prevAudioSession : 20
D/SAControlPanelReceiver(29358): start SAControlPanelService - SERVICE_STATE_PAUSE
D/SAControlPanelService(29358): *****onStartCommand() in Service*****
D/SAControlPanelService(29358): onStartCommand mIsNativeError : false
D/SAControlPanelService(29358): getAudioPath() is 0
D/SAControlPanelService(29358): onStartCommand() service_state == SERVICE_STATE_PAUSE
D/SAControlPanelService(29358): SoundAlive Disabled successfully
V/MediaPlayerService(  285): Create new media retriever from pid 2360
W/SavsMetadataRetriever(  285): SavsMetadataRetriever::setDataSource CreateFromFD(49) offset= 0,  length=3333449
I/        (  285): [Read time] time (16501) us > 10000 us, request_size (10), read_size (10) offset(99281) mOffset(0)
D/WVMDrmPlugIn(  284): WVMDrmPlugin::onInitialize : 5120
D/WVMDrmPlugIn(  284): WVMDrmPlugin::onSetOnInfoListener : add 5120
D/HelperGooglePlayMusic(29358): *****onReceive()*****
D/HelperGooglePlayMusic(29358): Action: android.media.action.CLOSE_AUDIO_EFFECT_CONTROL_SESSION
E/SEC_DRM_PLUGIN_Omafl(  284): OmaPlugin::onOpenDecryptSession(fd)::Drm2IsDrmFileByExtFd::file is NOT DRM by extension
D/SAControlPanelReceiver(29358): *****onReceive()*****
D/SAControlPanelReceiver(29358): Action: android.media.action.OPEN_AUDIO_EFFECT_CONTROL_SESSION
D/SAControlPanelReceiver(29358): OPEN_SESSION currentPackageName :com.sec.android.app.music  prevPackageName : com.sec.android.app.music currentAudioSession : 20  prevAudioSession : 20
D/SAControlPanelReceiver(29358): start SAControlPanelService - SERVICE_STATE_RESUME
E/MTPPlaObsrvr( 9764): playlist path before updatePlaylistPath
E/MTPPlaObsrvr( 9764): Rename 2nd case playlist_dir
D/SAControlPanelService(29358): *****onStartCommand() in Service*****
D/SAControlPanelService(29358): onStartCommand mIsNativeError : false
D/SAControlPanelService(29358): getAudioPath() is 0
D/SAControlPanelService(29358): onStartCommand() service_state == SERVICE_STATE_RESUME
D/SAControlPanelService(29358): SoundAlive Enabled successfully
D/SAControlPanelService(29358): *****updateAutoPreset()*****
E/MTPJNIInterface( 9764): playlist file does not exist
E/MTPJNIInterface( 9764): In sendPlaAdded playlist file path
W/SEC_DRM_PLUGIN_Playready(  284): PlayreadyPlugIn: Function[DRM_ASFVerify_Context_Initialize]; Line[4464]; File type[0]
E/MTPPlaObsrvr( 9764): In updatePlaylistPath dateModified is = 1500520425
E/MTPPlaObsrvr( 9764): In updatePlaylistPath file deleated 
W/SEC_DRM_PLUGIN_Playready(  284): PlayReadyPlugIn: Function[onOpenDecryptSession]; Line[2572]; DRM Result[0x80004005]
D/WVMDrmPlugIn(  284): WVMDrmPlugin::onTerminate : 5120
I/AnotherPacketSource(  285): setFormat() audio
V/GenericSource(  285): setDefault
I/GenericSource(  285): NuPlayer Ormode enabled
V/GenericSource(  285): send mUnsupportedAudio = 0 mUnsupportedVideo = 0 mHaveAudio = 1 mHaveVideo = 0
V/GenericSource(  285): onPrepareAsyncEvent() done
V/NuPlayer(  285): prepare posted successfully.
V/NuPlayer(  285): mUnsupportedAudio = 0, mUnsupportedVideo = 0, mHaveAudioTrack = 1, mHaveVideoTrack = 0
V/NuPlayer(  285): msg : 200, ext1 : 973, ext2 : 0
V/MediaPlayerService(  285): [7] notify (0xb89c49f0, 200, 973, 0)
V/NuPlayer(  285): extractMetadata Tracks : 1
V/NuPlayer(  285): enableInbandTextFromExtr
V/MediaPlayerService(  285): [7] notify (0xb89c49f0, 1, 0, 0)
V/MediaPlayer(14714): message received msg=200, ext1=973, ext2=0
W/MediaPlayer(14714): info/warning (973, 0)
V/MediaPlayer(14714): callback application
V/MediaPlayer(14714): back from callback
V/MediaPlayer(14714): message received msg=1, ext1=0, ext2=0
V/MediaPlayer(14714): prepared
V/MediaPlayer(14714): callback application
V/MediaPlayer(14714): back from callback
D/HelperGooglePlayMusic(29358): *****onReceive()*****
D/HelperGooglePlayMusic(29358): Action: android.media.action.OPEN_AUDIO_EFFECT_CONTROL_SESSION
W/FaceProviderInterface( 2360): com.sec.face is not exist. android.content.pm.PackageManager$NameNotFoundException: com.sec.face
E/MTPPlaObsrvr( 9764): playlist rename DB updation sucessful
D/SMUSIC-ServiceListManager(14714): getCurrentListPosition : 0
D/MediaSession(14714): skip to prevent exception
E/File    (14104): fail readDirectory() errno=13
E/File    (14104): fail readDirectory() errno=13
E/RenderScript(14714): Failed loading RS driver: dlopen failed: library "libRSDriver_adreno.so" not found
E/RenderScript(14714): Failed to load runtime libRSDriver_adreno.so, loading default
E/File    (14104): fail readDirectory() errno=13
E/File    (14104): fail readDirectory() errno=13
E/File    (14104): fail readDirectory() errno=13
E/File    (14104): fail readDirectory() errno=13
E/File    (14104): fail readDirectory() errno=13
E/File    (14104): fail readDirectory() errno=13
E/File    (14104): fail readDirectory() errno=13
E/File    (14104): fail readDirectory() errno=13
E/File    (14104): fail readDirectory() errno=13
I/Timeline(14104): Timeline: Activity_launch_request id:me.drakeet.meizhi.debug time:6599022
V/RenderScript(14714): 0xb774d4c0 Launching thread(s), CPUs 4
D/SMUSIC-ArtWork(14714):  saveMusicLaunchImage width : 720 height : 1280 isPortrait : true
D/SMUSIC-ArtWork(14714):  saveMusicLaunchImage newWidth : 69 width : 125 cropX : 28
D/InputDispatcher( 1034): Focused application set to: xxxx
D/SMUSIC-ArtWork(14714):  saveMusicLaunchImage elapsed : 12 mili sec
D/MediaSessionRecord( 1034): setPlaybackState oldState:1, newState:6, packageName:com.sec.android.app.music
E/Avrcp   ( 2770): onActiveSessionsChanged
D/Avrcp   ( 2770): pick active media Controller
D/Avrcp   ( 2770): Get the active Media Controller 
E/File    (14104): fail readDirectory() errno=13
D/SecVolumePanel.04d0d0ea( 1242): onSliderVisibilityChanged(stream=-200, visi=0)
I/Avrcp   ( 2770): name : com.sec.android.app.music play state : 6
D/Avrcp   ( 2770):  Set up Media Controller
D/InputMethodManager(14120): windowDismissed mLockisused = false
V/Avrcp   ( 2770): onClientTransportControlUpdate transportControlFlags: 511
D/InputDispatcher( 1034): Focus left window: 14120
D/ApplicationPackageManager(14714): getResourcesForApplication com.samsung.colorful_indie.appicon got new pi = android.app.LoadedApk@38c31465
D/PointerIcon( 1034): setMouseIconStyle1 pointerType: 1001 iconType:101 flag:0 pid:1034 uid:1000
D/PointerIcon( 1034): setMouseCustomIcon IconType is same.101
V/WindowOrientationListener( 1034): setCurrentAppOrientation :1
V/WindowOrientationListener( 1034): ScreenOrientationEventListenerImpl.getProposedRotationLocked, Rotation: -1
V/WindowOrientationListener( 1034): ScreenOrientationEventListenerImpl.getProposedRotationLocked, Rotation: -1
D/ApplicationPackageManager(14714): getResourcesForApplication com.samsung.colorful_indie.appicon got new pi = android.app.LoadedApk@38c31465
D/SMUSIC-Service(14714): updateNotificationAllInfo notify start 
D/ApplicationPolicy( 1034): isStatusBarNotificationAllowedAsUser: packageName = com.sec.android.app.music,userId = 0
D/SMUSIC-Service(14714): updateNotificationAllInfo notify end 
D/ActivityManager( 1034): post active user change for 0 fullscreen true isFloatingActivity() false isHomeActivity() false
D/SMUSIC-MusicButton(14714): onReceive() intent  : Intent { act=android.intent.action.MEDIA_BUTTON flg=0x10000010 cmp=com.sec.android.app.music/.service.receiver.MediaButtonReceiver bqHint=2 (has extras) }
D/KnoxTimeoutHandler( 1034): postActiveUserChange for user 0
I/KnoxTimeoutHandler( 1034): postActiveUserChange, showWhenLocked: false
D/SMUSIC-MusicButton(14714): isBluetoothA2dpOn() is false, playing with speaker and key code : 85
D/SMUSIC-Service(14714): mSystemReceiver - batteryLevel: 100 batteryStatus: 5
D/SMUSIC-Service(14714):  There are no network : false
D/BluetoothA2dp(14714): doBind(): CallingUid(myUserHandle) = 0
D/SMUSIC-Service(14714): savePreferences key : album_id value : 1
D/SMUSIC-ServiceListManager(14714): getCurrentListPosition : 0
I/SurfaceFlinger(  260): id=291 createSurf (720x1280),1 flag=404, NainActivit
D/SMUSIC-ServicePlayer(14714): duration() : -1 mCurrentState : 4
D/InputDispatcher( 1034): Focus entered window: 14120
D/PointerIcon( 1034): setMouseIconStyle1 pointerType: 1001 iconType:101 flag:0 pid:1034 uid:1000
D/PointerIcon( 1034): setMouseCustomIcon IconType is same.101
D/KnoxTimeoutHandler( 1034): handleActiveUserChange for user 0
D/HelperGooglePlayMusic(29358): *****onReceive()*****
I/KnoxTimeoutHandler( 1034): Shared devices show user statefalse
D/HelperGooglePlayMusic(29358): Action: com.android.music.playstatechanged
D/HelperGooglePlayMusic(29358): ACTION_PLAYSTATE_CHANGED : Action: com.android.music.playstatechanged
D/InputMethodManagerService( 1034): windowGainedFocus mCurrentFocusedUserId - 0 and mSecureKeypadEnabled-false
D/SamsungIME( 4949): onStartInput: No inputType, No imeOption, isInputViewShown = false, isExtractViewShown = false, isShowInputRequested = false, isConfigChanged = false
D/ApplicationPackageManager( 1242): getResourcesForApplication com.sec.android.app.music got new pi = android.app.LoadedApk@10b887c8
D/SMUSIC-ServiceListManager(14714): getCurrentListPosition : 0
D/MediaSession(14714): skip to prevent exception
I/Timeline(14120): Timeline: Activity_idle id: android.os.BinderProxy@235f1bfa time:6599290
D/SMUSIC-ArtWork(14714):  saveMusicLaunchImage width : 720 height : 1280 isPortrait : true
D/SMUSIC-ArtWork(14714):  saveMusicLaunchImage newWidth : 69 width : 125 cropX : 28
I/Avrcp   ( 2770): onMetadataChanged
D/KnoxNotification( 1242): ----- inflateViews : modified KnoxViewLocal -----
D/ApplicationPackageManager( 1242): getResourcesForApplication com.sec.android.app.music got new pi = android.app.LoadedApk@10b887c8
D/SMUSIC-ArtWork(14714):  saveMusicLaunchImage elapsed : 19 mili sec
D/ApplicationPackageManager( 1242): getResourcesForApplication com.sec.android.app.music got new pi = android.app.LoadedApk@10b887c8
D/MediaSessionRecord( 1034): setPlaybackState oldState:6, newState:6, packageName:com.sec.android.app.music
D/ApplicationPackageManager(14714): getResourcesForApplication com.samsung.colorful_indie.appicon got new pi = android.app.LoadedApk@13386b1d
I/PhoneStatusBar( 1242): Icon Only
I/Avrcp   ( 2770): onPlaybackStateChanged
V/Avrcp   ( 2770): onClientTransportControlUpdate transportControlFlags: 511
I/StatusBar( 1242): Icon Only
D/SMUSIC-Service(14714): updateNotificationAllInfo notify start 
D/SMUSIC-Service(14714): updateNotificationAllInfo notify end 
E/MediaPlayer(14714): Should have subtitle controller already set
V/MediaPlayer-JNI(14714): get_session_id()
D/SMUSIC-ServicePlayer(14714): ------------- onPrepared --------- audiosession id : 20 mIsSupposedToBePlaying : true mSeekPosition : 0
D/ApplicationPolicy( 1034): isStatusBarNotificationAllowedAsUser: packageName = com.sec.android.app.music,userId = 0
D/StatusBar( 1242): getNumberOfActiveSim: 1
D/SMUSIC-ServicePlayer(14714): setVolume() : 1.0
D/PanelView( 1242): kidsfalse mQsExpansionEnabled:true
V/MediaPlayer-JNI(14714): setVolume: left 1.000000  right 1.000000
V/MediaPlayer(14714): MediaPlayer::setVolume(1.000000, 1.000000)
V/MediaPlayerService(  285): [7] setVolume(1.000000, 1.000000)
V/AudioSink(  285): setVolume(1.000000, 1.000000)
I/SecMediaRecorderJNI(14714): is_recording: 0
D/CallStateChecker(14714): isCallIdle() isVoipIdle : true isCommIdle(Such like google talk..) : true
I/MediaFocusControl( 1034):  AudioFocus  requestAudioFocus() from android.media.AudioManager$2d96cb73com.sec.android.app.music.service.PlayerService$3$2923da30 req=1flags=0x0
D/SMUSIC-Service(14714): request audio focus result : 1
D/SMUSIC-ServicePlayer(14714): start() mode 
V/MediaPlayer-JNI(14714): start
V/MediaPlayer(14714): start
V/MediaPlayerService(  285): [7] setLooping(0)
V/MediaPlayerService(  285): [7] setVolume(1.000000, 1.000000)
V/AudioSink(  285): setVolume(1.000000, 1.000000)
V/MediaPlayerService(  285): [7] setAuxEffectSendLevel(0.000000)
V/AudioSink(  285): setAuxEffectSendLevel(0.000000)
V/MediaPlayerService(  285): [7] start
E/MediaPlayerService(  285): WFD client is not created 
V/MediaPlayerService(  285): [7] start() ContextAware send information
D/NuPlayerDriver(  285): start(0xb89d5728)
V/MediaPlayer(14714): message received msg=300, ext1=0, ext2=0
V/NuPlayer(  285): kWhatStart
I/GenericSource(  285): start
I/PhoneStatusBar( 1242): Icon Only
V/MediaPlayer-JNI(14714): getCurrentPosition: 0 (msec)
D/MediaSessionRecord( 1034): setPlaybackState oldState:6, newState:3, packageName:com.sec.android.app.music
V/MediaPlayer(14714): Received SEC_MM_PLAYER_CONTEXT_AWARE
V/MediaPlayer(14714): callback application
V/MediaPlayer(14714): back from callback
I/StatusBar( 1242): Icon Only
D/SMUSIC-ServiceListManager(14714): getCurrentListPosition : 0
D/BluetoothA2dp(14714): Proxy object connected
V/NuPlayer(  285): checkOffloadExceptions is true, call canOffloadStream
I/NuSecMediaClock(  285): NuSecMediaClock constructor
I/NuSecMediaClock(  285): reset
I/NuSecMediaClock(  285): init success
I/NuSecMediaClock(  285): setClockMargin mMinClockModificationCondition (80000), mMaxClockCorrection (30000)
I/NuPlayerRenderer(  285): setParamForMediaClock() out
I/NuPlayerRenderer(  285): setDuration (202135500)
V/NuPlayer(  285): scanning sources haveAudio=0, haveVideo=0
V/NuPlayer(  285): checkOffloadExceptions is true, call canOffloadStream
I/Avrcp   ( 2770): onPlaybackStateChanged
V/Avrcp   ( 2770): onClientTransportControlUpdate transportControlFlags: 511
I/NuPlayerRenderer(  285): openAudioSink: offloadOnly(1) offloadingAudio(1)
V/AudioSink(  285): +++ close
V/AudioSink(  285): --- close
V/AudioSink(  285): open(44100, 2, 0x0, 0x1000000, 0, 8 0x14)
V/AudioSink(  285): no track available to recycle
V/AudioSink(  285): creating new AudioTrack
I/AudioPolicyManager(  285): getOutputForAttr() device 0x2, samplingRate 44100, format 2038202c, channelMask 1000000, flags 0
V/audio_hw_primary(  285): adev_open_output_stream: enter: sample_rate(44100) channel_mask(0x3) devices(0x2) flags(0x400031)
V/msm8974_platform(  285): platform_get_compress_offload_buffer_size: fragment_size 32768
V/audio_hw_primary(  285): adev_open_output_stream: offloaded output offload_info version 0001 bit rate 128000
V/audio_hw_primary(  285): check_and_set_gapless_mode:
V/audio_hw_primary(  285): adev_open_output_stream: exit
V/audio_hw_primary(  285): out_set_callback
I/AudioFlinger(  285): HAL output buffer size 32768 frames, normal sink buffer size 32768 frames
I/AudioFlinger(  285): AudioFlinger's thread 0xb8a8e038 ready to run
W/AudioFlinger(  285): moveEffectChain_l() effect chain for session 0 not on source thread 0xb230c008
D/AudioPolicyManager(  285): Offload output is created
I/AudioPolicyManager(  285): getOutputForAttr() output 22
D/StatusBar( 1242): getNumberOfActiveSim: 1
I/AudioSASec(  285): AudioSASec::Configure(32768, 44100, 2, 1)
I/AudioSASec(  285): AudioSASec::Configure(32768, 44100, 2, 1)
V/AudioSink(  285): deleteRecycledTrack
V/AudioSink(  285): setVolume
V/AudioSink(  285): open() DONE status 0
V/AudioSink(  285): start
V/AudioPolicyEffects(  285): addOutputSessionEffects(): session: 20, refCount: 1
D/AudioSAEffectSec(  285): SoundAlive EffectSetFactor start - session 20
D/AudioSAEffectSec(  285): SoundAlive - Allocating SessionNo 0 for SessionId 20
E/Parcel  (  285): Reading a NULL string not supported here.
V/AudioPolicyEffects(  285): addOutputSessionEffects(): added Fx soundalive on session: 20 for stream: 3
D/MySoundEffect(  285): MySound EffectCreate start - session 20
D/MySoundEffect(  285): MS EffectCreate - Allocating SessionNo 0 for SessionId 20
D/MySoundEffect(  285): MS EffectCreate - This is the first effect in current sessionId 20 sessionNo 0
D/MySoundEffect(  285): MySoundEffect::MySoundEffect ctor
D/MySound (  285): MySound::Init, mSampleRate = 48000, mFrameCount = 0
I/AudioSASec(  285): AudioSASec::Configure(32768, 44100, 2, 1)
I/AudioSASec(  285): AudioSASec::Configure(32768, 44100, 2, 1)
D/MySound (  285): MySound::Init, mSampleRate = 44100, mFrameCount = 32768
I/MySound (  285): setDevice 2, 0
V/AudioPolicyEffects(  285): addOutputSessionEffects(): added Fx dha on session: 20 for stream: 3
D/PanelView( 1242): kidsfalse mQsExpansionEnabled:true
D/MySpaceEffect(  285): MySpace EffectCreate start - session 20
D/MySpaceEffect(  285): MS EffectCreate - Allocating SessionNo 0 for SessionId 20
D/MySpaceEffect(  285): MS EffectCreate - This is the first effect in current sessionId 20 sessionNo 0
D/MySpaceEffect(  285): MySpaceEffect::MySpaceEffect ctor
D/MySpace (  285): MySpace::Init, mSampleRate = 48000, mFrameCount = 0
D/MySpace (  285): MySpace Initialize mPreset = 0
D/MySpace (  285): MySpace::Init, mSampleRate = 44100, mFrameCount = 32768
D/MySpace (  285): MySpace Initialize mPreset = 0
I/MySpace (  285): setDevice 2, 0
D/MySpaceEffect(  285): MySpace EffectSetFactor start - session 20
D/MySpaceEffect(  285): MS EffectSetFactor - Allocating SessionNo 0 for SessionId 20
V/AudioPolicyEffects(  285): addOutputSessionEffects(): added Fx sa3d on session: 20 for stream: 3
V/AudioPolicyEffects(  285): AudioPolicyEffects::addOutputSessionEffects MYSPACE Bypass
V/AudioPolicyEffects(  285): AudioPolicyEffects::isMySoundState
V/AudioPolicyEffects(  285): call setEnabled = 0, sessionId = 20
I/AudioPolicyManager(  285): startOutput() output 22, stream 3, session 20
I/AudioPolicyManager(  285): changeRefCount() stream 3, count 1
I/AudioPolicyManager(  285): setOutputDevice() changing prevDevice 0002 device 0002 output 22 delayMs 0
D/StatusBar( 1242): ----- contentsUnchanged : true, bigContentsUnchanged - true, headsUpContentsUnchanged - true , publicUnchanged true
I/PhoneStatusBar( 1242): Icon Only
I/StatusBar( 1242): Icon Only
I/MySpace (  285): setDevice 2, 2
I/MySound (  285): setDevice 2, 2
D/audio_hw_primary(  285): out_set_parameters: enter: usecase(3: compress-offload-playback) kvpairs: routing=2
V/audio_hw_primary(  285): parse_compress_metadata: Not gapless meta data params
V/audio_hw_primary(  285): out_set_parameters: exit: code(0)
W/FaceProviderInterface( 2360): com.sec.face is not exist. android.content.pm.PackageManager$NameNotFoundException: com.sec.face
D/AudioManager(14714): AudioManager dispatching onAudioFocusChange(1) for android.media.AudioManager$2d96cb73com.sec.android.app.music.service.PlayerService$3$2923da30
I/NuPlayerRenderer(  285): fillAudioBuffer() offload, request_size (65536), return size (0)
D/SMUSIC-ServicePlayer(14714): setVolume() : 1.0
D/StatusBar( 1242): getNumberOfActiveSim: 1
V/MediaPlayer-JNI(14714): setVolume: left 1.000000  right 1.000000
V/MediaPlayer(14714): MediaPlayer::setVolume(1.000000, 1.000000)
D/audio_hw_primary(  285): out_set_parameters: enter: usecase(3: compress-offload-playback) kvpairs: music_offload_avg_bit_rate=128000;music_offload_sample_rate=44100
V/audio_hw_primary(  285): parse_compress_metadata new encoder delay 0 and padding 0
V/audio_hw_primary(  285): out_set_parameters: exit: code(0)
I/AudioFlinger(  285): acquire offload lock for AudioOut_16
V/MediaPlayerService(  285): [7] setVolume(1.000000, 1.000000)
V/AudioSink(  285): setVolume(1.000000, 1.000000)
I/AudioSAEffectSec(  285): EFFECT_CMD_SET_VOLUME
I/AudioSAEffectSec(  285): command EFFECT_CMD_SET_VOLUME left = 1.000000, right =1.000000
V/audio_hw_primary(  285): offload volume (1.000000, 1.000000)
V/NuPlayer(  285): make DecoderPassThrough (audio)
I/NuPlayerRenderer(  285): fillAudioBuffer() offload, request_size (65536), return size (0)
V/NuPlayer(  285): executePendingSecSeek - There are not any pending seek!
D/PanelView( 1242): kidsfalse mQsExpansionEnabled:true
I/NuPlayerDecoderPassThrough(  285): onConfigure playback for offloading mode
V/SMUSIC-Service(14714): AudioFocus: received AUDIOFOCUS_GAIN paused by focus before ? false
D/SMUSIC-ServicePlayer(14714): setVolume() : 1.0
V/MediaPlayer-JNI(14714): setVolume: left 1.000000  right 1.000000
V/MediaPlayer(14714): MediaPlayer::setVolume(1.000000, 1.000000)
V/MediaPlayerService(  285): [7] setVolume(1.000000, 1.000000)
V/AudioSink(  285): setVolume(1.000000, 1.000000)
I/NuPlayerRenderer(  285): openAudioSink: offloadOnly(1) offloadingAudio(1)
I/PhoneStatusBar( 1242): Icon Only
I/StatusBar( 1242): Icon Only
I/NuPlayerRenderer(  285): setAudioFirstAnchorTime mAudioFirstAnchorTimeMediaUs : -1, new mediaTimeUs : 0
I/NuSecMediaClock(  285): updateBasePosition (0)
I/NuSecMediaClock(  285): NuSecMediaClock state RUNNING
V/NuPlayer(  285): media rendering started
V/NuPlayer(  285): msg : 6, ext1 : 0, ext2 : 0
I/NuPlayerRenderer(  285): fillAudioBuffer() offload, request_size (65536), return size (24241)
I/NuPlayerRenderer(  285): fillAudioBuffer() offload, request_size (41295), return size (0)
V/MediaPlayerService(  285): [7] notify (0xb89c49f0, 6, 0, 0)
V/MediaPlayer(14714): message received msg=6, ext1=0, ext2=0
V/MediaPlayer(14714): Received MEDIA_STARTED
V/MediaPlayer(14714): callback application
V/MediaPlayer(14714): back from callback
W/FaceProviderInterface( 2360): com.sec.face is not exist. android.content.pm.PackageManager$NameNotFoundException: com.sec.face
D/StatusBar( 1242): getNumberOfActiveSim: 1
I/NuPlayerRenderer(  285): fillAudioBuffer() offload, request_size (41295), return size (24242)
I/NuPlayerRenderer(  285): fillAudioBuffer() offload, request_size (17053), return size (0)
D/PanelView( 1242): kidsfalse mQsExpansionEnabled:true
D/PanelView( 1242): mCarrierLabel.setVisibility - mIsFullyOpened : false isShade : true !mIsUpwardFling : true !isCovered : true
I/NuPlayerRenderer(  285): fillAudioBuffer() offload, request_size (17053), return size (17053)
V/audio_hw_primary(  285): offload volume (1.000000, 1.000000)
D/audio_hw_primary(  285): start_output_stream: enter: stream(0xb8a8dc38)usecase(3: compress-offload-playback) devices(0x2)
V/audio_hw_primary(  285): select_devices: ENTER
V/audio_hw_primary(  285): select_devices: usecase(normal)
V/audio_hw_primary(  285): select_devices: usecase(PCM_PLAYBACK)
V/msm8974_platform(  285): platform_get_output_snd_device: enter: output devices(0x2)
V/msm8974_platform(  285): get_OUTPUT_snd_device: for Normal Playback
V/msm8974_platform(  285): platform_get_output_snd_device: exit: snd_device(speaker)
D/audio_hw_primary(  285): select_devices: out_snd_device(2: speaker)
D/audio_hw_primary(  285): select_devices: in_snd_device(0: dummy)
D/hardware_info(  285): hw_info_append_hw_type : device_name = speaker
D/ACDB-LOADER(  285): ACDB -> send_audio_cal, acdb_id = 15, path =  0
D/ACDB-LOADER(  285): ACDB -> send_asm_topology
D/ACDB-LOADER(  285): ACDB -> ACDB_CMD_GET_AUDPROC_STREAM_TOPOLOGY_ID
D/ACDB-LOADER(  285): ACDB -> send_adm_topology
D/ACDB-LOADER(  285): ACDB -> ACDB_CMD_GET_AUDPROC_COMMON_TOPOLOGY_ID
D/ACDB-LOADER(  285): ACDB -> send_audtable
D/ACDB-LOADER(  285): ACDB -> ACDB_CMD_GET_AUDPROC_COMMON_TABLE
D/ACDB-LOADER(  285): ACDB -> AUDIO_SET_AUDPROC_CAL
D/ACDB-LOADER(  285): ACDB -> send_audvoltable
D/ACDB-LOADER(  285): ACDB -> ACDB_CMD_GET_AUDPROC_GAIN_DEP_STEP_TABLE
D/ACDB-LOADER(  285): ACDB -> AUDIO_SET_AUDPROC_VOL_CAL
D/ACDB-LOADER(  285): ACDB -> send_audstrmtable
D/ACDB-LOADER(  285): ACDB -> ACDB_CMD_GET_AUDPROC_STREAM_TABLE_V2
D/ACDB-LOADER(  285): ACDB -> audstrm_cal->cal_type.cal_data.cal_size = 16
D/ACDB-LOADER(  285): ACDB -> send_afe_cal
D/ACDB-LOADER(  285): ACDB -> ACDB_CMD_GET_AFE_COMMON_TABLE
D/ACDB-LOADER(  285): ACDB -> AUDIO_SET_AFE_CAL
D/ACDB-LOADER(  285): ACDB -> send_hw_delay : acdb_id = 15 path = 0
D/ACDB-LOADER(  285): ACDB -> ACDB_AVSYNC_INFO: ACDB_CMD_GET_DEVICE_PROPERTY
V/audio_hw_primary(  285): enable_snd_device: snd_device(2: speaker, speaker)
D/audio_route(  285): ++++ audio_route_update_path ==============
D/audio_route(  285): Setting mixer control: MI2S_RX Channels, value: 1
D/audio_route(  285): Setting mixer control: RX3 MIX1 INP1, value: 3
D/PanelView( 1242): mCarrierLabel.setVisibility - mIsFullyOpened : false isShade : true !mIsUpwardFling : true !isCovered : true
D/audio_route(  285): Setting mixer control: RX3 MIX1 INP2, value: 4
D/audio_route(  285): Setting mixer control: SPK DAC Switch, value: 1
D/audio_route(  285): ---- audio_route_update_path ==============
D/audio_route(  285): ++++ audio_route_update_mixer ==============
D/audio_route(  285): ------ audio_route_update_mixer ==============
V/audio_hw_primary(  285): enable_audio_route: enter: usecase(3)
V/audio_hw_primary(  285): enable_audio_route: apply mixer path: compress-offload-playback
D/audio_route(  285): ++++ audio_route_update_mixer ==============
D/audio_route(  285): Setting mixer control: PRI_MI2S_RX Audio Mixer MultiMedia4, value: 1
D/audio_route(  285): ------ audio_route_update_mixer ==============
V/audio_hw_primary(  285): enable_audio_route: exit
V/msm8974_platform(  285): platform_get_output_snd_device: enter: output devices(0x2)
V/msm8974_platform(  285): get_OUTPUT_snd_device: for Normal Playback
V/msm8974_platform(  285): platform_get_output_snd_device: exit: snd_device(speaker)
D/ACDB-LOADER(  285): ACDB -> send_audio_cal, acdb_id = 15, path =  0
D/ACDB-LOADER(  285): ACDB -> send_asm_topology
D/ACDB-LOADER(  285): ACDB -> ACDB_CMD_GET_AUDPROC_STREAM_TOPOLOGY_ID
D/ACDB-LOADER(  285): ACDB -> send_adm_topology
D/ACDB-LOADER(  285): ACDB -> ACDB_CMD_GET_AUDPROC_COMMON_TOPOLOGY_ID
D/ACDB-LOADER(  285): ACDB -> send_audtable
D/ACDB-LOADER(  285): ACDB -> ACDB_CMD_GET_AUDPROC_COMMON_TABLE
D/ACDB-LOADER(  285): ACDB -> AUDIO_SET_AUDPROC_CAL
D/ACDB-LOADER(  285): ACDB -> send_audvoltable
D/ACDB-LOADER(  285): ACDB -> ACDB_CMD_GET_AUDPROC_GAIN_DEP_STEP_TABLE
D/ACDB-LOADER(  285): ACDB -> AUDIO_SET_AUDPROC_VOL_CAL
D/ACDB-LOADER(  285): ACDB -> send_audstrmtable
D/ACDB-LOADER(  285): ACDB -> ACDB_CMD_GET_AUDPROC_STREAM_TABLE_V2
D/ACDB-LOADER(  285): ACDB -> audstrm_cal->cal_type.cal_data.cal_size = 16
D/ACDB-LOADER(  285): ACDB -> send_afe_cal
D/ACDB-LOADER(  285): ACDB -> ACDB_CMD_GET_AFE_COMMON_TABLE
D/ACDB-LOADER(  285): ACDB -> AUDIO_SET_AFE_CAL
D/ACDB-LOADER(  285): ACDB -> send_hw_delay : acdb_id = 15 path = 0
D/ACDB-LOADER(  285): ACDB -> ACDB_AVSYNC_INFO: ACDB_CMD_GET_DEVICE_PROPERTY
V/audio_hw_primary(  285): start_output_stream: Opening PCM device card_id(0) device_id(9)
I/Timeline( 1034): Timeline: Activity_windows_visible id: ActivityRecord{3a256213 u0 me.drakeet.meizhi.debug/me.drakeet.meizhi.ui.MainActivity t722} time:6599476
I/SurfaceFlinger(  260): id=288 Removed XebActivity (6/8)
I/SurfaceFlinger(  260): id=288 Removed XebActivity (-2/8)
D/PanelView( 1242): mCarrierLabel.setVisibility - mIsFullyOpened : false isShade : true !mIsUpwardFling : true !isCovered : true
V/audio_hw_primary(  285): start_output_stream: exit
D/audio_hw_primary(  285): update offload effect: VSP,1000
D/audio_hw_primary(  285): update offload effect: SB,0,0
D/AudioSAEffectOffload(  285): update offload effect: MS,0,0,0,0,0,0,0,0,0,0,0,0,0,0
D/AudioSAEffectOffload(  285): update offload effect: SA,0,0,0,0,0,0,0,0,0,0,0,0,0,0,0,4,4,0,1
D/audio_hw_primary(  285): update offload effect: VOL,8192,8192
D/offload_visualizer(  285): thread enter
I/NuPlayerRenderer(  285): fillAudioBuffer() offload, request_size (32768), return size (31430)
I/NuPlayerRenderer(  285): fillAudioBuffer() offload, request_size (1338), return size (0)
E/AudioSink(  285): received unknown event type: 1 inside CallbackWrapper !
I/NuSecMediaClock(  285): updateClock() frame timestamp(0) is slower than system clock(83000), gap (-83000), decrease system clock
I/NuSecMediaClock(  285): updateClock() decrease system clock (-30000)
I/NuPlayerRenderer(  285): fillAudioBuffer() offload, request_size (34106), return size (34106)
I/NuPlayerRenderer(  285): fillAudioBuffer() offload, request_size (31430), return size (31430)
I/NuPlayerRenderer(  285): fillAudioBuffer() offload, request_size (32768), return size (7189)
I/NuPlayerRenderer(  285): fillAudioBuffer() offload, request_size (25579), return size (0)
D/audio_hw_primary(  285): No space available in compress driver, post msg to cb thread
V/audio_hw_primary(  285): offload_thread_loop RUNNING
D/InputMethodManager(14120): windowDismissed mLockisused = false
I/NuPlayerRenderer(  285): fillAudioBuffer() offload, request_size (26917), return size (24242)
I/NuPlayerRenderer(  285): fillAudioBuffer() offload, request_size (2675), return size (0)
I/NuPlayerRenderer(  285): fillAudioBuffer() offload, request_size (2675), return size (2675)
I/NuPlayerRenderer(  285): fillAudioBuffer() offload, request_size (31430), return size (21566)
I/NuPlayerRenderer(  285): fillAudioBuffer() offload, request_size (9864), return size (0)
I/NuPlayerRenderer(  285): fillAudioBuffer() offload, request_size (9864), return size (9864)
E/File    (14104): fail readDirectory() errno=13
I/InputDispatcher( 1034): Delivering key to (14120): action: 0x0 (0)
E/File    (14104): fail readDirectory() errno=13
I/InputDispatcher( 1034): Delivering key to (14120): action: 0x1 (0)
E/File    (14104): fail readDirectory() errno=13
E/File    (14104): fail readDirectory() errno=13
I/InputDispatcher( 1034): Delivering key to (14120): action: 0x0 (0)
E/File    (14104): fail readDirectory() errno=13
D/InputDispatcher( 1034): Waiting for application to become ready for input: 14120.  Reason: Waiting to send key event because the focused window has not finished processing all of the input events that were previously delivered to it.  Outbound queue length: 0.  Wait queue length: 1.
I/InputDispatcher( 1034): Delivering key to (14120): action: 0x1 (0)
E/File    (14104): fail readDirectory() errno=13
E/File    (14104): fail readDirectory() errno=13
I/InputDispatcher( 1034): Delivering key to (14120): action: 0x0 (0)
E/File    (14104): fail readDirectory() errno=13
I/InputDispatcher( 1034): Delivering key to (14120): action: 0x1 (0)
E/File    (14104): fail readDirectory() errno=13
E/File    (14104): fail readDirectory() errno=13
I/InputDispatcher( 1034): Delivering touch to (1242): action: 0x4, toolType: 0
I/InputDispatcher( 1034): Delivering touch to (14120): action: 0x0, toolType: 0
E/File    (14104): fail readDirectory() errno=13
I/InputDispatcher( 1034): Delivering touch to (14120): action: 0x1, toolType: 0
D/ViewRootImpl(14120): ViewPostImeInputStage ACTION_DOWN
E/File    (14104): fail readDirectory() errno=13
D/audio_hw_primary(  285): No space available in compress driver, post msg to cb thread
V/audio_hw_primary(  285): offload_thread_loop RUNNING
I/NuPlayerRenderer(  285): fillAudioBuffer() offload, request_size (32768), return size (32768)
E/File    (14104): fail readDirectory() errno=13
I/InputDispatcher( 1034): Delivering touch to (1242): action: 0x4, toolType: 0
I/InputDispatcher( 1034): Delivering touch to (14120): action: 0x0, toolType: 0
E/File    (14104): fail readDirectory() errno=13
I/InputDispatcher( 1034): Delivering touch to (14120): action: 0x1, toolType: 0
E/File    (14104): fail readDirectory() errno=13
D/ViewRootImpl(14120): ViewPostImeInputStage ACTION_DOWN
W/Settings(14120): Setting airplane_mode_on has moved from android.provider.Settings.System to android.provider.Settings.Global, returning read-only value.
I/System.out(14120): (HTTPLog)-Static: HongbaoModeServiceAPI: checkUid()
D/HongbaoModeService( 1034): onHongbaoReceived() checkUid =me.drakeet.meizhi.debug
I/System.out(14120): (HTTPLog)-Thread-1375-1052668339: userRequest.method() = GET
I/System.out(14120): (HTTPLog)-Thread-1375-1052668339: userRequest.urlString() = https://ws1.sinaimg.cn/large/610dc034ly1fhhz28n9vyj20u00u00w9.jpg
I/System.out(14120): (HTTPLog)-Static: isSBSettingEnabled false
I/Timeline(14120): Timeline: Activity_launch_request id:me.drakeet.meizhi.debug time:6601966
D/InputDispatcher( 1034): Focused application set to: xxxx
D/InputDispatcher( 1034): Focus left window: 14120
D/PointerIcon( 1034): setMouseIconStyle1 pointerType: 1001 iconType:101 flag:0 pid:1034 uid:1000
D/PointerIcon( 1034): setMouseCustomIcon IconType is same.101
V/WindowOrientationListener( 1034): setCurrentAppOrientation :-1
V/WindowOrientationListener( 1034): ScreenOrientationEventListenerImpl.getProposedRotationLocked, Rotation: -1
V/WindowOrientationListener( 1034): ScreenOrientationEventListenerImpl.getProposedRotationLocked, Rotation: -1
W/ResourceType(14120): Failure getting entry for 0x0108094d (t=7 e=2381) (error -75)
D/PhoneWindow(14120): *FMB* installDecor mIsFloating : false
D/PhoneWindow(14120): *FMB* installDecor flags : -2139029248
D/Activity(14120): performCreate Call Injection manager
I/InjectionManager(14120): dispatchOnViewCreated > Target : me.drakeet.meizhi.ui.PictureActivity isFragment :false
D/ActivityManager( 1034): post active user change for 0 fullscreen false isFloatingActivity() false isHomeActivity() false
D/KnoxTimeoutHandler( 1034): postActiveUserChange for user 0
I/KnoxTimeoutHandler( 1034): postActiveUserChange, showWhenLocked: false
D/KnoxTimeoutHandler( 1034): handleActiveUserChange for user 0
I/KnoxTimeoutHandler( 1034): Shared devices show user statefalse
I/KnoxTimeoutHandler( 1034): Target Activity is not fullscreen. We will not show this activity0
D/PhoneWindow(14120): *FMB* isFloatingMenuEnabled mFloatingMenuBtn : null
D/PhoneWindow(14120): *FMB* isFloatingMenuEnabled return false
I/SurfaceFlinger(  260): id=292 createSurf (1x1),1 flag=4, QictureActi
V/WindowOrientationListener( 1034): setCurrentAppOrientation :1
V/WindowOrientationListener( 1034): ScreenOrientationEventListenerImpl.getProposedRotationLocked, Rotation: -1
V/WindowOrientationListener( 1034): ScreenOrientationEventListenerImpl.getProposedRotationLocked, Rotation: -1
D/InputDispatcher( 1034): Focus entered window: 14120
D/PointerIcon( 1034): setMouseIconStyle1 pointerType: 1001 iconType:101 flag:0 pid:1034 uid:1000
D/PointerIcon( 1034): setMouseCustomIcon IconType is same.101
I/InjectionManager(14120): dispatchCreateOptionsMenu :me.drakeet.meizhi.ui.PictureActivity
I/InjectionManager(14120): dispatchPrepareOptionsMenu :me.drakeet.meizhi.ui.PictureActivity
D/InputMethodManagerService( 1034): windowGainedFocus mCurrentFocusedUserId - 0 and mSecureKeypadEnabled-false
D/SamsungIME( 4949): onStartInput: No inputType, No imeOption, isInputViewShown = false, isExtractViewShown = false, isShowInputRequested = false, isConfigChanged = false
E/File    (14104): fail readDirectory() errno=13
I/InputDispatcher( 1034): Delivering key to (14120): action: 0x0 (0)
E/File    (14104): fail readDirectory() errno=13
D/InputDispatcher( 1034): Waiting for application to become ready for input: 14120.  Reason: Waiting to send key event because the focused window has not finished processing all of the input events that were previously delivered to it.  Outbound queue length: 0.  Wait queue length: 1.
I/InputDispatcher( 1034): Delivering key to (14120): action: 0x1 (0)
E/File    (14104): fail readDirectory() errno=13
D/SamsungIME( 4949): onStartInput: No inputType, No imeOption, isInputViewShown = false, isExtractViewShown = false, isShowInputRequested = false, isConfigChanged = false
I/Timeline(14120): Timeline: Activity_idle id: android.os.BinderProxy@500aad time:6602159
I/Timeline( 1034): Timeline: Activity_windows_visible id: ActivityRecord{2206991 u0 me.drakeet.meizhi.debug/me.drakeet.meizhi.ui.PictureActivity t722} time:6602163
D/ViewRootImpl(14120): changeCanvasOpacity: opaque=true
I/SurfaceFlinger(  260): id=291 Removed NainActivit (2/8)
V/WindowOrientationListener( 1034): setCurrentAppOrientation :-1
V/WindowOrientationListener( 1034): ScreenOrientationEventListenerImpl.getProposedRotationLocked, Rotation: -1
V/WindowOrientationListener( 1034): ScreenOrientationEventListenerImpl.getProposedRotationLocked, Rotation: -1
I/SurfaceFlinger(  260): id=291 Removed NainActivit (-2/8)
E/File    (14104): fail readDirectory() errno=13
I/InputDispatcher( 1034): Delivering key to (14120): action: 0x0 (0)
E/File    (14104): fail readDirectory() errno=13
D/InputDispatcher( 1034): Waiting for application to become ready for input: 14120.  Reason: Waiting to send key event because the focused window has not finished processing all of the input events that were previously delivered to it.  Outbound queue length: 0.  Wait queue length: 1.
I/InputDispatcher( 1034): Delivering key to (14120): action: 0x1 (0)
E/File    (14104): fail readDirectory() errno=13
E/File    (14104): fail readDirectory() errno=13
I/InputDispatcher( 1034): Delivering key to (14120): action: 0x0 (0)
E/File    (14104): fail readDirectory() errno=13
I/InjectionManager(14120): dispatchPrepareOptionsMenu :me.drakeet.meizhi.ui.PictureActivity
I/InputDispatcher( 1034): Delivering key to (14120): action: 0x1 (0)
E/File    (14104): fail readDirectory() errno=13
D/audio_hw_primary(  285): No space available in compress driver, post msg to cb thread
I/NuPlayerRenderer(  285): fillAudioBuffer() offload, request_size (1338), return size (1338)
V/audio_hw_primary(  285): offload_thread_loop RUNNING
I/NuPlayerRenderer(  285): fillAudioBuffer() offload, request_size (31430), return size (31430)
E/File    (14104): fail readDirectory() errno=13
E/File    (14104): fail readDirectory() errno=13
E/File    (14104): fail readDirectory() errno=13
E/File    (14104): fail readDirectory() errno=13
E/File    (14104): fail readDirectory() errno=13
E/File    (14104): fail readDirectory() errno=13
E/File    (14104): fail readDirectory() errno=13
E/File    (14104): fail readDirectory() errno=13
E/File    (14104): fail readDirectory() errno=13
E/File    (14104): fail readDirectory() errno=13
E/File    (14104): fail readDirectory() errno=13
D/InputDispatcher( 1034): Waiting for application to become ready for input: 14120.  Reason: Waiting to send key event because the focused window has not finished processing all of the input events that were previously delivered to it.  Outbound queue length: 0.  Wait queue length: 4.
I/InputDispatcher( 1034): Delivering key to (14120): action: 0x0 (0)
E/File    (14104): fail readDirectory() errno=13
D/InputDispatcher( 1034): Waiting for application to become ready for input: 14120.  Reason: Waiting to send key event because the focused window has not finished processing all of the input events that were previously delivered to it.  Outbound queue length: 0.  Wait queue length: 1.
I/InputDispatcher( 1034): Delivering key to (14120): action: 0x1 (0)
E/File    (14104): fail readDirectory() errno=13
V/LpnetManagerService( 1034): on USB power
D/KeyguardUpdateMonitor( 1242): received broadcast android.intent.action.BATTERY_CHANGED
I/PERF    ( 1242): received broadcast android.intent.action.BATTERY_CHANGED
D/KeyguardUpdateMonitor( 1242): handleBatteryUpdate
D/PhoneStatusBar( 1242): ACTION_BATTERY_CHANGED received - mBatteryLevel = 100
D/CommonServiceConfiguration( 1641): getStringValueSetting
D/BatteryMonitor( 1641): new battery level: 100
V/HeadsetService( 2770): HeadsetService - Received Intent.ACTION_BATTERY_CHANGED
D/HeadsetStateMachine( 2770): Disconnected process message: 10
D/QSTile.TorchLightTile( 1242): ACTION_BATTERY_CHANGED - Level :: 100, Status :: 5
D/SMUSIC-Service(14714): mSystemReceiver - batteryLevel: 100 batteryStatus: 5
D/ViewRootImpl(14120): changeCanvasOpacity: opaque=false
E/File    (14104): fail readDirectory() errno=13
I/InputDispatcher( 1034): Delivering key to (14120): action: 0x0 (0)
E/File    (14104): fail readDirectory() errno=13
I/InputDispatcher( 1034): Delivering key to (14120): action: 0x1 (0)
E/File    (14104): fail readDirectory() errno=13
E/File    (14104): fail readDirectory() errno=13
I/StatusBar( 1242): Icon Only
D/StatusBar( 1242): getNumberOfActiveSim: 1
D/PhoneStatusBar( 1242): animateCollapse(): mExpandedVisible=false flags=0
D/StatusBar-Window( 1242): fnf=true sanc=false, kni=false, sbf=false
D/CoverUI ( 1242): applyFocusableFlag() : Remove SAMSUNG_FLAG_SVIEW_COVER
D/CoverUI ( 1242): applyHeight h = 50, oc = false, ex = false, fa = false, ac = false, sc = false
D/ToggleSlider( 1242): onReceive : android.intent.action.CLOSE_SYSTEM_DIALOGS
E/File    (14104): fail readDirectory() errno=13
D/ToggleSlider( 1242): onReceive : android.intent.action.CLOSE_SYSTEM_DIALOGS
D/ToggleSlider( 1242): onReceive : android.intent.action.CLOSE_SYSTEM_DIALOGS
D/AirplaneModeTile( 1242): onReceive : android.intent.action.CLOSE_SYSTEM_DIALOGS
D/HotspotTile( 1242): onReceive : android.intent.action.CLOSE_SYSTEM_DIALOGS
D/RedPacketTile( 1242): onReceive:android.intent.action.CLOSE_SYSTEM_DIALOGS
I/InputDispatcher( 1034): Delivering key to (14120): action: 0x1 (0)
E/File    (14104): fail readDirectory() errno=13
D/PanelView( 1242): mCarrierLabel.setVisibility - mIsFullyOpened : false isShade : true !mIsUpwardFling : true !isCovered : true
D/PanelView( 1242): mCarrierLabel.setVisibility - mIsFullyOpened : false isShade : true !mIsUpwardFling : true !isCovered : true
E/File    (14104): fail readDirectory() errno=13
I/InputDispatcher( 1034): Delivering touch to (1242): action: 0x4, toolType: 0
I/InputDispatcher( 1034): Delivering touch to (14120): action: 0x0, toolType: 0
E/File    (14104): fail readDirectory() errno=13
I/InputDispatcher( 1034): Delivering touch to (14120): action: 0x1, toolType: 0
E/File    (14104): fail readDirectory() errno=13
D/ViewRootImpl(14120): ViewPostImeInputStage ACTION_DOWN
D/audio_hw_primary(  285): No space available in compress driver, post msg to cb thread
V/audio_hw_primary(  285): offload_thread_loop RUNNING
I/NuPlayerRenderer(  285): fillAudioBuffer() offload, request_size (32768), return size (32768)
E/File    (14104): fail readDirectory() errno=13
I/InputDispatcher( 1034): Delivering touch to (1242): action: 0x4, toolType: 0
I/InputDispatcher( 1034): Delivering touch to (14120): action: 0x0, toolType: 0
D/ViewRootImpl(14120): ViewPostImeInputStage ACTION_DOWN
E/File    (14104): fail readDirectory() errno=13
I/InputDispatcher( 1034): Delivering touch to (14120): action: 0x1, toolType: 0
E/File    (14104): fail readDirectory() errno=13
E/File    (14104): fail readDirectory() errno=13
