V/WindowOrientationListener( 1034): ScreenOrientationEventListenerImpl.getProposedRotationLocked, Rotation: -1
V/WindowOrientationListener( 1034): ScreenOrientationEventListenerImpl.getProposedRotationLocked, Rotation: -1
V/ActivityThread(14120): updateVisibility : ActivityRecord{254e6c4d token=android.os.BinderProxy@12202d1b {me.drakeet.meizhi.debug/me.drakeet.meizhi.ui.MainActivity}} show : true
V/WindowManager( 1034): rotationForOrientationLw(orient=1, last=0); user=0  sensorRotation=-1 mLidState=-1 mDockMode=0 mHdmiPlugged=false mMobileKeyboardEnabled=false
V/WindowStateAnimator( 1034): Finishing drawing window Window{19167290 u0 d0 me.drakeet.meizhi.debug/me.drakeet.meizhi.ui.MainActivity}: mDrawState=DRAW_PENDING
I/Timeline( 1034): Timeline: Activity_windows_visible id: ActivityRecord{29a93619 u0 me.drakeet.meizhi.debug/me.drakeet.meizhi.ui.MainActivity t723} time:8326593
D/ViewRootImpl(14120): changeCanvasOpacity: opaque=false
D/InputDispatcher( 1034): Focused application set to: xxxx
D/CustomFrequencyManagerService( 1034): acquireDVFSLockLocked : type : DVFS_MIN_LIMIT  frequency : 1190400  uid : 1000  pid : 1034  pkgName : ACTIVITY_RESUME_BOOSTER@8
D/ActivityManager( 1034): mDVFSHelper.acquire()
I/ActivityManager( 1034): Killing 31243:com.tencent.engine/u0a77 (adj 8): SSR - service for lastStateTime 632s, lastActivityTime 632s
I/ActivityManager( 1034): Killing 31214:com.samsung.authentication.gba:GBA/u0a43 (adj 8): SSR - service for lastStateTime 633s, lastActivityTime 633s
D/InputDispatcher( 1034): Focus left window: 14120
D/InputDispatcher( 1034): Focus entered window: 14120
D/PowerManagerService( 1034): setKeyboardVisibility: false
D/StatusBarManagerService( 1034): manageDisableList userId=0 what=0x0 pkg=Window{19167290 u0 d0 me.drakeet.meizhi.debug/me.drakeet.meizhi.ui.MainActivity}
D/PointerIcon( 1034): setMouseIconStyle1 pointerType: 1001 iconType:101 flag:0 pid:1034 uid:1000
D/PointerIcon( 1034): setMouseCustomIcon IconType is same.101
D/ActivityManager( 1034): post active user change for 0 fullscreen true isFloatingActivity() false isHomeActivity() false
D/KnoxTimeoutHandler( 1034): postActiveUserChange for user 0
I/KnoxTimeoutHandler( 1034): postActiveUserChange, showWhenLocked: false
D/KnoxTimeoutHandler( 1034): handleActiveUserChange for user 0
D/InputMethodManagerService( 1034): windowGainedFocus mCurrentFocusedUserId - 0 and mSecureKeypadEnabled-false
I/KnoxTimeoutHandler( 1034): Shared devices show user statefalse
D/SamsungIME( 4949): onStartInput: No inputType, No imeOption, isInputViewShown = false, isExtractViewShown = false, isShowInputRequested = false, isConfigChanged = false
D/PersonaManagerService( 1034): getPersonasForUser(): returning null!
W/ActivityThread(14120): AppLock checkAppLockState isAppLocked = false pkgName = me.drakeet.meizhi.debug showWhenLocked = false
I/SurfaceFlinger(  260): id=306 Removed QictureActi (5/8)
I/SurfaceFlinger(  260): id=306 Removed QictureActi (-2/8)
I/Timeline(14120): Timeline: Activity_idle id: android.os.BinderProxy@12202d1b time:8327046
D/InputMethodManager(14120): windowDismissed mLockisused = false
D/ActivityManager( 1034): cleanUpApplicationRecord -- 31243
D/ActivityManager( 1034): isDeviceAdminActiveApp false :com.tencent.engine
D/ActivityManager( 1034): isAutoRunBlockedApp:: com.tencent.engine, Auto Run ON
D/ActivityManager( 1034): isDeviceAdminActiveApp false :com.tencent.engine
D/ActivityManager( 1034): isAutoRunBlockedApp:: com.tencent.engine, Auto Run ON
I/ActivityManager( 1034): isWidgetUsingPkg : com.tencent.engine no widget is using.
W/ActivityManager( 1034): Scheduling restart of crashed service com.tencent.engine/.DemoSecureService in 1000ms
D/ActivityManager( 1034): cleanUpApplicationRecord -- 31214
D/ActivityManager( 1034): isDeviceAdminActiveApp false :com.samsung.authentication.gba
D/ActivityManager( 1034): isAutoRunBlockedApp:: com.samsung.authentication.gba, Auto Run ON
D/ActivityManager( 1034): isDeviceAdminActiveApp false :com.samsung.authentication.gba
D/ActivityManager( 1034): isAutoRunBlockedApp:: com.samsung.authentication.gba, Auto Run ON
I/ActivityManager( 1034): isWidgetUsingPkg : com.samsung.authentication.gba no widget is using.
W/ActivityManager( 1034): Scheduling restart of crashed service com.samsung.authentication.gba/.GbaSrv in 0ms
E/Zygote  ( 8885): MountEmulatedStorage()
E/Zygote  ( 8885): v2
I/SELinux ( 8885): Function: selinux_compare_spd_ram , priority [2] , priority version is VE=SEPF_SM-J3110_5.1.1_0070
E/Zygote  ( 8885): accessInfo : 0
E/SELinux ( 8885): [DEBUG] get_category: variable seinfo: platform sensitivity: NULL, cateogry: NULL
I/libpersona( 8885): KNOX_SDCARD checking this for 10043
I/libpersona( 8885): KNOX_SDCARD not a persona
I/ActivityManager( 1034): Start proc 8885:com.samsung.authentication.gba:GBA/u0a43 for service com.samsung.authentication.gba/.GbaSrv
D/TimaKeyStoreProvider( 8885): TimaSignature is unavailable
D/ActivityThread( 8885): Added TimaKeyStore provider
I/InjectionManager( 8885): Inside getClassLibPath + mLibMap{0=, 1=}
I/InjectionManagerService -AppFeature( 1034): getCoreFeaturePkgList :[]
D/ResourcesManager( 8885): For user 0 new overlays fetched Null
I/InjectionManager( 8885): Inside getClassLibPath caller 
D/InjectionManager( 8885): InjectionManager
D/InjectionManager( 8885): fillFeatureStoreMap com.samsung.authentication.gba
I/InjectionManager( 8885): Constructor com.samsung.authentication.gba, Feature store :{}
I/InjectionManager( 8885): featureStore :{}
I/<GBA>   ( 8885): GbaSrv: initGbaAccessibleObj 
I/<GBA>   ( 8885): GbaSrv: initGbaAccessibleObj Gba [gbaStore=GbaStore [map={}]]
E/<GBA>   ( 8885): GbaSrv: initGbaAccessibleObj GBA not supported tm /need to support GBA-ME
I/<GBA>   ( 8885): GbaSrv: onCreate 
I/<GBA>   ( 8885): GbaSrv: onStartCommand 
E/<GBA>   ( 8885): GbaSrv: intent is null
D/lights  ( 1034): button : 0 +
D/lights  ( 1034): button : 0 -
D/LightsService( 1034): Excessive delay setting light: 59ms
D/Recents_RecentsTaskLoader( 1376): getAndUpdateThumbnail getTaskThumbnail
E/Zygote  ( 8917): MountEmulatedStorage()
E/Zygote  ( 8917): v2
I/SELinux ( 8917): Function: selinux_compare_spd_ram , priority [2] , priority version is VE=SEPF_SM-J3110_5.1.1_0070
E/Zygote  ( 8917): accessInfo : 0
E/SELinux ( 8917): [DEBUG] get_category: variable seinfo: default sensitivity: NULL, cateogry: NULL
I/ActivityManager( 1034): Start proc 8917:com.tencent.engine/u0a77 for service com.tencent.engine/.DemoSecureService
I/libpersona( 8917): KNOX_SDCARD checking this for 10077
I/libpersona( 8917): KNOX_SDCARD not a persona
D/TimaKeyStoreProvider( 8917): TimaSignature is unavailable
D/ActivityThread( 8917): Added TimaKeyStore provider
I/InjectionManager( 8917): Inside getClassLibPath + mLibMap{0=, 1=}
I/InjectionManager( 8917): Inside getClassLibPath caller 
I/InjectionManagerService -AppFeature( 1034): getCoreFeaturePkgList :[]
D/ResourcesManager( 8917): For user 0 new overlays fetched Null
D/InjectionManager( 8917): InjectionManager
D/InjectionManager( 8917): fillFeatureStoreMap com.tencent.engine
I/InjectionManager( 8917): Constructor com.tencent.engine, Feature store :{}
I/InjectionManager( 8917): featureStore :{}
W/System.err( 8917): java.lang.reflect.InvocationTargetException
D/ActivityManager( 1034): startService callerProcessName:com.tencent.engine, calleePkgName: com.tencent.engine
D/ActivityManager( 1034): caller:android.app.ApplicationThreadProxy@20c74b3d, r.packageName :com.tencent.engine
W/ActivityManager( 1034): Permission Denial: setProcessForeground() from pid=8917, uid=10077 requires android.permission.SET_PROCESS_LIMIT
W/System.err( 8917): 	at java.lang.reflect.Method.invoke(Native Method)
W/System.err( 8917): 	at java.lang.reflect.Method.invoke(Method.java:372)
W/System.err( 8917): 	at com.tencent.tmsecure.common.TMSService.setProcessForeground(Unknown Source)
W/System.err( 8917): 	at com.tencent.tmsecure.common.TMSService.onCreate(Unknown Source)
W/System.err( 8917): 	at com.tencent.engine.DemoSecureService.onCreate(DemoSecureService.java:12)
W/System.err( 8917): 	at android.app.ActivityThread.handleCreateService(ActivityThread.java:3704)
W/System.err( 8917): 	at android.app.ActivityThread.access$2000(ActivityThread.java:219)
W/System.err( 8917): 	at android.app.ActivityThread$H.handleMessage(ActivityThread.java:1818)
W/System.err( 8917): 	at android.os.Handler.dispatchMessage(Handler.java:102)
W/System.err( 8917): 	at android.os.Looper.loop(Looper.java:145)
W/System.err( 8917): 	at android.app.ActivityThread.main(ActivityThread.java:6959)
W/System.err( 8917): 	at java.lang.reflect.Method.invoke(Native Method)
W/System.err( 8917): 	at java.lang.reflect.Method.invoke(Method.java:372)
W/System.err( 8917): 	at com.android.internal.os.ZygoteInit$MethodAndArgsCaller.run(ZygoteInit.java:1404)
W/System.err( 8917): 	at com.android.internal.os.ZygoteInit.main(ZygoteInit.java:1199)
W/System.err( 8917): Caused by: java.lang.SecurityException: Permission Denial: setProcessForeground() from pid=8917, uid=10077 requires android.permission.SET_PROCESS_LIMIT
W/System.err( 8917): 	at android.os.Parcel.readException(Parcel.java:1546)
W/System.err( 8917): 	at android.os.Parcel.readException(Parcel.java:1499)
W/System.err( 8917): 	at android.app.ActivityManagerProxy.setProcessForeground(ActivityManagerNative.java:4840)
W/System.err( 8917): 	... 15 more
D/CustomFrequencyManagerService( 1034): releaseDVFSLockLocked : Getting Lock type frm List : DVFS_MIN_LIMIT  frequency : 1190400  uid : 1000  pid : 1034  tag : ACTIVITY_RESUME_BOOSTER@8
E/Watchdog( 1034): !@Sync 277 [07-20 11:42:36.803]
D/CustomFrequencyManagerService( 1034): FrequencyrequestList.getNextCStateDisableRequest, index: 0
D/ActivityManager( 1034): mDVFSHelper.release()
D/CustomFrequencyManagerService( 1034): acquireDVFSLockLocked : type : DVFS_MIN_LIMIT  frequency : 1190400  uid : 1000  pid : 1034  pkgName : ACTIVITY_RESUME_BOOSTER@14
D/SensorService( 1034): [SO] -0.269 0.244 9.725
D/CustomFrequencyManagerService( 1034): releaseDVFSLockLocked : Getting Lock type frm List : DVFS_MIN_LIMIT  frequency : 1190400  uid : 1000  pid : 1034  tag : ACTIVITY_RESUME_BOOSTER@14
D/CustomFrequencyManagerService( 1034): FrequencyrequestList.getNextCStateDisableRequest, index: 0
D/SSRM:n  ( 1034): SIOP:: AP = 370, CUR = -3, LCD = 0
D/SensorService( 1034): [SO] -0.249 0.259 9.752
D/SSRM:n  ( 1034): SIOP:: AP = 370, CUR = -3, LCD = 0
D/SensorService( 1034): [SO] -0.235 0.260 9.730
D/BatteryService( 1034): !@BatteryListener : batteryPropertiesChanged!
D/BatteryService( 1034): level:100, scale:100, status:5, health:2, present:true, voltage: 4296, temperature: 312, technology: Li-ion, AC powered:false, USB powered:true, POGO powered:false, Wireless powered:false, icon:17303417, invalid charger:0
D/BatteryService( 1034): online:4, current avg:-3, charge type:0, power sharing:false, high voltage charger:false, capacity:280000, batterySWSelfDischarging:false, current_now:-3
D/BatteryService( 1034): Sending ACTION_BATTERY_CHANGED.
I/MotionRecognitionService( 1034): Plugged
D/MotionRecognitionService( 1034): cableConnection = 1
D/MotionRecognitionService( 1034): setPowerConnected | state  = 1024, state =1024
D/MotionRecognitionService( 1034): skip setTransmitPower. 
V/LpnetManagerService( 1034): on USB power
D/KeyguardUpdateMonitor( 1242): received broadcast android.intent.action.BATTERY_CHANGED
I/PERF    ( 1242): received broadcast android.intent.action.BATTERY_CHANGED
D/KeyguardUpdateMonitor( 1242): handleBatteryUpdate
D/PhoneStatusBar( 1242): ACTION_BATTERY_CHANGED received - mBatteryLevel = 100
D/CommonServiceConfiguration( 1641): getStringValueSetting
D/BatteryMonitor( 1641): new battery level: 100
D/BatteryMeterView( 1242): ACTION_BATTERY_CHANGED : level:100 status:5 health:2
D/BatteryMeterView( 1242): ACTION_BATTERY_CHANGED : level:100 status:5 health:2
D/BatteryMeterView( 1242): ACTION_BATTERY_CHANGED : level:100 status:5 health:2
D/QSTile.TorchLightTile( 1242): ACTION_BATTERY_CHANGED - Level :: 100, Status :: 5
V/HeadsetService( 2770): HeadsetService - Received Intent.ACTION_BATTERY_CHANGED
D/HeadsetStateMachine( 2770): Disconnected process message: 10
D/SMUSIC-Service( 5901): mSystemReceiver - batteryLevel: 100 batteryStatus: 5
D/SSRM:n  ( 1034): SIOP:: AP = 370, CUR = -3, LCD = 0
V/AlarmManager( 1034): waitForAlarm result :8
D/KeyguardUpdateMonitor( 1242): received broadcast android.intent.action.TIME_TICK
I/PERF    ( 1242): received broadcast android.intent.action.TIME_TICK
D/KeyguardUpdateMonitor( 1242): handleTimeUpdate
D/SecKeyguardClockView( 1242): onTimeChanged() : mShouldShowDualClock - false, isDualClockSet() -false
D/SecKeyguardClockView( 1242): HomeTimezone(): 0
D/SecKeyguardClockView( 1242): mTimeZone:null, hour:11,   is4DigitClock:true
D/[zero daemon] ( 1329): {[C6B53529A4E9A61B6E9DFAC2EC352F35413B8423020D39F21C4F88CE3B9B87CFDCC0B81B0A5ED41F6DFA9549B8ADE1F4BACF4D40B7B8E99052DE9FA88E767D1DEF99F3B50EBB0BE2EA7D97147503802808B0F46342E4D32B53ACCA63815BEAA3E6A19B15B6D34AFADF3249A820F62444]}
I/[zero daemon] ( 1329): {[A32E1AC369E42B6168CFC8ECFBFA9951C42133C77ADF9B218D854990F6269E396BCB11BEB3F5B339C9A8D47415526840]}
D/SecKeyguardStatusUtils( 1242): regionalDateFormat = 3333/11/22 isRTLlanguage = false returnDateFormat = MMMM d, E
E/Watchdog( 1034): !@Sync 278 [07-20 11:43:06.804]
D/SensorService( 1034): [SO] -0.227 0.266 9.728
D/SSRM:n  ( 1034): SIOP:: AP = 370, CUR = -3, LCD = 0
D/SensorService( 1034): [SO] -0.245 0.256 9.758
D/SSRM:n  ( 1034): SIOP:: AP = 370, CUR = -3, LCD = 0
D/SensorService( 1034): [SO] -0.237 0.254 9.723
D/BatteryService( 1034): !@BatteryListener : batteryPropertiesChanged!
D/SSRM:n  ( 1034): SIOP:: AP = 370, CUR = -3, LCD = 0
D/SensorService( 1034): [SO] -0.233 0.257 9.717
E/Watchdog( 1034): !@Sync 279 [07-20 11:43:36.804]
D/SSRM:n  ( 1034): SIOP:: AP = 370, CUR = -3, LCD = 0
D/SensorService( 1034): [SO] -0.237 0.253 9.722
D/SSRM:n  ( 1034): SIOP:: AP = 370, CUR = -3, LCD = 0
D/SensorService( 1034): [SO] -0.251 0.259 9.731
D/BatteryService( 1034): !@BatteryListener : batteryPropertiesChanged!
D/BatteryService( 1034): level:100, scale:100, status:5, health:2, present:true, voltage: 4296, temperature: 313, technology: Li-ion, AC powered:false, USB powered:true, POGO powered:false, Wireless powered:false, icon:17303417, invalid charger:0
D/BatteryService( 1034): online:4, current avg:-3, charge type:0, power sharing:false, high voltage charger:false, capacity:280000, batterySWSelfDischarging:false, current_now:-3
D/BatteryService( 1034): Sending ACTION_BATTERY_CHANGED.
V/LpnetManagerService( 1034): on USB power
D/KeyguardUpdateMonitor( 1242): received broadcast android.intent.action.BATTERY_CHANGED
I/PERF    ( 1242): received broadcast android.intent.action.BATTERY_CHANGED
D/KeyguardUpdateMonitor( 1242): handleBatteryUpdate
D/PhoneStatusBar( 1242): ACTION_BATTERY_CHANGED received - mBatteryLevel = 100
I/MotionRecognitionService( 1034): Plugged
D/MotionRecognitionService( 1034): cableConnection = 1
D/MotionRecognitionService( 1034): setPowerConnected | state  = 1024, state =1024
D/MotionRecognitionService( 1034): skip setTransmitPower. 
D/CommonServiceConfiguration( 1641): getStringValueSetting
D/BatteryMonitor( 1641): new battery level: 100
V/HeadsetService( 2770): HeadsetService - Received Intent.ACTION_BATTERY_CHANGED
D/HeadsetStateMachine( 2770): Disconnected process message: 10
D/QSTile.TorchLightTile( 1242): ACTION_BATTERY_CHANGED - Level :: 100, Status :: 5
D/SMUSIC-Service( 5901): mSystemReceiver - batteryLevel: 100 batteryStatus: 5
D/BatteryMeterView( 1242): ACTION_BATTERY_CHANGED : level:100 status:5 health:2
D/BatteryMeterView( 1242): ACTION_BATTERY_CHANGED : level:100 status:5 health:2
D/BatteryMeterView( 1242): ACTION_BATTERY_CHANGED : level:100 status:5 health:2
V/AlarmManager( 1034): waitForAlarm result :8
D/KeyguardUpdateMonitor( 1242): received broadcast android.intent.action.TIME_TICK
I/PERF    ( 1242): received broadcast android.intent.action.TIME_TICK
D/KeyguardUpdateMonitor( 1242): handleTimeUpdate
D/SecKeyguardClockView( 1242): onTimeChanged() : mShouldShowDualClock - false, isDualClockSet() -false
D/SecKeyguardClockView( 1242): HomeTimezone(): 0
D/SecKeyguardClockView( 1242): mTimeZone:null, hour:11,   is4DigitClock:true
D/[zero daemon] ( 1329): {[C6B53529A4E9A61B6E9DFAC2EC352F35413B8423020D39F21C4F88CE3B9B87CFDCC0B81B0A5ED41F6DFA9549B8ADE1F4BACF4D40B7B8E99052DE9FA88E767D1DEF99F3B50EBB0BE2EA7D97147503802808B0F46342E4D32B53ACCA63815BEAA3E6A19B15B6D34AFADF3249A820F62444]}
I/[zero daemon] ( 1329): {[A32E1AC369E42B6168CFC8ECFBFA9951C42133C77ADF9B218D854990F6269E396BCB11BEB3F5B339C9A8D47415526840]}
D/SecKeyguardStatusUtils( 1242): regionalDateFormat = 3333/11/22 isRTLlanguage = false returnDateFormat = MMMM d, E
D/SSRM:n  ( 1034): SIOP:: AP = 370, CUR = -3, LCD = 0
D/TimaService( 1034): TIMA: TimaService scheduler is intialized. 
D/TimaService( 1034): TIMA: checkEvent, operation: 50000 subject: 10000
D/TimaService( 1034): TimaServiceHandler.handleMessage what =1
I/TLC_TIMA_PKM_measure_kernel( 1034): TIMA: response_id = 3
I/TLC_TIMA_PKM_measure_kernel( 1034): TIMA: response ret = 0, result_ondemand = MSG=Kernel Verification Success;
D/TimaService( 1034): TIMA MEASUREMENT Result: TIMA_STATUS=0;MSG=Kernel Verification Success;
D/TimaService( 1034): TIMA MEASUREMENT success status: TIMA_STATUS=0;MSG=Kernel Verification Success;
D/SensorService( 1034): [SO] -0.243 0.261 9.758
E/Watchdog( 1034): !@Sync 280 [07-20 11:44:06.805]
D/SSRM:n  ( 1034): SIOP:: AP = 370, CUR = -3, LCD = 0
D/SensorService( 1034): [SO] -0.231 0.269 9.717
D/SSRM:n  ( 1034): SIOP:: AP = 370, CUR = -3, LCD = 0
D/SensorService( 1034): [SO] -0.227 0.267 9.717
D/BatteryService( 1034): !@BatteryListener : batteryPropertiesChanged!
D/BatteryService( 1034): level:100, scale:100, status:5, health:2, present:true, voltage: 4296, temperature: 314, technology: Li-ion, AC powered:false, USB powered:true, POGO powered:false, Wireless powered:false, icon:17303417, invalid charger:0
D/BatteryService( 1034): online:4, current avg:-3, charge type:0, power sharing:false, high voltage charger:false, capacity:280000, batterySWSelfDischarging:false, current_now:-3
D/BatteryService( 1034): Sending ACTION_BATTERY_CHANGED.
V/LpnetManagerService( 1034): on USB power
D/KeyguardUpdateMonitor( 1242): received broadcast android.intent.action.BATTERY_CHANGED
I/PERF    ( 1242): received broadcast android.intent.action.BATTERY_CHANGED
D/KeyguardUpdateMonitor( 1242): handleBatteryUpdate
I/MotionRecognitionService( 1034): Plugged
D/MotionRecognitionService( 1034): cableConnection = 1
D/MotionRecognitionService( 1034): setPowerConnected | state  = 1024, state =1024
D/MotionRecognitionService( 1034): skip setTransmitPower. 
D/PhoneStatusBar( 1242): ACTION_BATTERY_CHANGED received - mBatteryLevel = 100
D/CommonServiceConfiguration( 1641): getStringValueSetting
V/HeadsetService( 2770): HeadsetService - Received Intent.ACTION_BATTERY_CHANGED
D/HeadsetStateMachine( 2770): Disconnected process message: 10
D/BatteryMonitor( 1641): new battery level: 100
D/SMUSIC-Service( 5901): mSystemReceiver - batteryLevel: 100 batteryStatus: 5
D/QSTile.TorchLightTile( 1242): ACTION_BATTERY_CHANGED - Level :: 100, Status :: 5
D/BatteryMeterView( 1242): ACTION_BATTERY_CHANGED : level:100 status:5 health:2
D/BatteryMeterView( 1242): ACTION_BATTERY_CHANGED : level:100 status:5 health:2
D/BatteryMeterView( 1242): ACTION_BATTERY_CHANGED : level:100 status:5 health:2
D/SSRM:n  ( 1034): SIOP:: AP = 370, CUR = -3, LCD = 0
D/SensorService( 1034): [SO] -0.239 0.254 9.729
E/Watchdog( 1034): !@Sync 281 [07-20 11:44:36.806]
D/SSRM:n  ( 1034): SIOP:: AP = 370, CUR = -3, LCD = 0
D/SensorService( 1034): [SO] -0.233 0.257 9.730
D/SSRM:n  ( 1034): SIOP:: AP = 370, CUR = -3, LCD = 0
D/SensorService( 1034): [SO] -0.219 0.244 9.752
D/BatteryService( 1034): !@BatteryListener : batteryPropertiesChanged!
V/AlarmManager( 1034): waitForAlarm result :8
D/KeyguardUpdateMonitor( 1242): received broadcast android.intent.action.TIME_TICK
I/PERF    ( 1242): received broadcast android.intent.action.TIME_TICK
D/KeyguardUpdateMonitor( 1242): handleTimeUpdate
I/ActivityManager( 1034): Killing 648:com.qualcomm.telephony/1000 (adj 8): SSR - service for lastStateTime 658s, lastActivityTime 658s
I/ActivityManager( 1034): Killing 5230:com.sec.android.app.camera/u0a91 (adj 15): empty for 1854s
I/ActivityManager( 1034): Killing 5210:com.sec.android.widgetapp.samsungapps/u0a61 (adj 15): empty for 1854s
I/ActivityManager( 1034): Killing 5185:com.android.mms/u0a29 (adj 15): empty for 1854s
I/ActivityManager( 1034): Killing 5169:com.sec.android.app.fm/u0a8 (adj 15): empty for 1854s
D/SecKeyguardClockView( 1242): onTimeChanged() : mShouldShowDualClock - false, isDualClockSet() -false
D/SecKeyguardClockView( 1242): HomeTimezone(): 0
D/SecKeyguardClockView( 1242): mTimeZone:null, hour:11,   is4DigitClock:true
D/[zero daemon] ( 1329): {[C6B53529A4E9A61B6E9DFAC2EC352F35413B8423020D39F21C4F88CE3B9B87CFDCC0B81B0A5ED41F6DFA9549B8ADE1F4BACF4D40B7B8E99052DE9FA88E767D1DEF99F3B50EBB0BE2EA7D97147503802808B0F46342E4D32B53ACCA63815BEAA3E6A19B15B6D34AFADF3249A820F62444]}
I/[zero daemon] ( 1329): {[A32E1AC369E42B6168CFC8ECFBFA9951C42133C77ADF9B218D854990F6269E396BCB11BEB3F5B339C9A8D47415526840]}
D/CountryDetector( 1034): No listener is left
D/ActivityManager( 1034): cleanUpApplicationRecord -- 5185
D/ActivityManager( 1034): isDeviceAdminActiveApp false :com.android.mms
D/ActivityManager( 1034): isAutoRunBlockedApp:: com.android.mms, Auto Run ON
D/ActivityManager( 1034): isDeviceAdminActiveApp false :com.android.mms
D/ActivityManager( 1034): isAutoRunBlockedApp:: com.android.mms, Auto Run ON
D/SecKeyguardStatusUtils( 1242): regionalDateFormat = 3333/11/22 isRTLlanguage = false returnDateFormat = MMMM d, E
I/Atfwd_Sendcmd(  328): AtCmdFwd : binderDied
I/ServiceManager(  258): service 'AtCmdFwd' died
I/ServiceManager(  328): Waiting for service AtCmdFwd...
D/ActivityManager( 1034): cleanUpApplicationRecord -- 648
D/ActivityManager( 1034): isDeviceAdminActiveApp false :com.qualcomm.atfwd
D/ActivityManager( 1034): isAutoRunBlockedApp:: com.qualcomm.atfwd, Auto Run ON
D/ActivityManager( 1034): isDeviceAdminActiveApp false :com.qualcomm.atfwd
D/ActivityManager( 1034): isAutoRunBlockedApp:: com.qualcomm.atfwd, Auto Run ON
I/ActivityManager( 1034): isWidgetUsingPkg : com.qualcomm.atfwd no widget is using.
W/ActivityManager( 1034): Scheduling restart of crashed service com.qualcomm.atfwd/.AtFwdService in 1000ms
D/ActivityManager( 1034): cleanUpApplicationRecord -- 5169
D/ActivityManager( 1034): isDeviceAdminActiveApp false :com.sec.android.app.fm
D/ActivityManager( 1034): isAutoRunBlockedApp:: com.sec.android.app.fm, Auto Run ON
D/ActivityManager( 1034): isDeviceAdminActiveApp false :com.sec.android.app.fm
D/ActivityManager( 1034): isAutoRunBlockedApp:: com.sec.android.app.fm, Auto Run ON
D/ActivityManager( 1034): cleanUpApplicationRecord -- 5230
D/ActivityManager( 1034): isDeviceAdminActiveApp false :com.sec.android.app.camera
D/ActivityManager( 1034): isAutoRunBlockedApp:: com.sec.android.app.camera, Auto Run ON
D/ActivityManager( 1034): isDeviceAdminActiveApp false :com.sec.android.app.camera
D/ActivityManager( 1034): isAutoRunBlockedApp:: com.sec.android.app.camera, Auto Run ON
D/ActivityManager( 1034): cleanUpApplicationRecord -- 5210
D/ActivityManager( 1034): isDeviceAdminActiveApp false :com.sec.android.widgetapp.samsungapps
D/ActivityManager( 1034): isAutoRunBlockedApp:: com.sec.android.widgetapp.samsungapps, Auto Run ON
D/ActivityManager( 1034): isDeviceAdminActiveApp false :com.sec.android.widgetapp.samsungapps
D/ActivityManager( 1034): isAutoRunBlockedApp:: com.sec.android.widgetapp.samsungapps, Auto Run ON
D/SSRM:n  ( 1034): SIOP:: AP = 370, CUR = -3, LCD = 0
I/ServiceManager(  328): Waiting for service AtCmdFwd...
E/Zygote  (11090): MountEmulatedStorage()
E/Zygote  (11090): v2
I/SELinux (11090): Function: selinux_compare_spd_ram , priority [2] , priority version is VE=SEPF_SM-J3110_5.1.1_0070
E/Zygote  (11090): accessInfo : 0
E/SELinux (11090): [DEBUG] get_category: variable seinfo: platform sensitivity: NULL, cateogry: NULL
I/libpersona(11090): KNOX_SDCARD checking this for 1000
I/libpersona(11090): KNOX_SDCARD not a persona
I/ActivityManager( 1034): Start proc 11090:com.qualcomm.telephony/1000 for service com.qualcomm.atfwd/.AtFwdService
D/TimaKeyStoreProvider(11090): TimaSignature is unavailable
D/ActivityThread(11090): Added TimaKeyStore provider
I/InjectionManager(11090): Inside getClassLibPath + mLibMap{0=, 1=}
I/InjectionManagerService -AppFeature( 1034): getCoreFeaturePkgList :[]
D/ResourcesManager(11090): For user 0 new overlays fetched Null
I/InjectionManager(11090): Inside getClassLibPath caller 
D/InjectionManager(11090): InjectionManager
D/InjectionManager(11090): fillFeatureStoreMap com.qualcomm.atfwd
I/InjectionManager(11090): Constructor com.qualcomm.atfwd, Feature store :{}
I/InjectionManager(11090): featureStore :{}
D/AtFwdService(11090): onCreate method
I/AtFwdService(11090): Instantiate AtCmdFwd Service
D/AtCkpdCmdHandler(11090): De-queing command
D/SensorService( 1034): [SO] -0.207 0.235 9.729
E/Watchdog( 1034): !@Sync 282 [07-20 11:45:06.807]
D/SSRM:n  ( 1034): SIOP:: AP = 370, CUR = -3, LCD = 0
D/SensorService( 1034): [SO] -0.157 0.925 9.814
D/InputReader( 1034): Input event(1): value=1 when=8489624285000
D/InputReader( 1034): !@notifyKey(116), action=0
D/InputManager-JNI( 1034): !@interceptKeyBeforeQueueing(116), action=0, interactive=true
D/InputManager-JNI( 1034): !@handleInterceptActions(116), action=0, wmActions=0
D/InputReader( 1034): Input event(1): value=0 when=8489878196000
D/InputReader( 1034): !@notifyKey(116), action=1
D/InputManager-JNI( 1034): !@interceptKeyBeforeQueueing(116), action=1, interactive=true
D/InputManager-JNI( 1034): !@handleInterceptActions(116), action=1, wmActions=0
V/WindowOrientationListener( 1034): WindowOrientationListener disabled
D/SensorService( 1034): cleanupWithoutDisableLocked - size : 0, ref : 2
D/SensorService( 1034): [SO] activate (ident=0xb7c70108, enabled=0)
I/Sensors ( 1034): AccelerometerSensor enable: mEnabled 1, handle 0, en 0
I/SurfaceFlinger(  260): id=308 createSurf (720x1280),2 flag=404, DolorFade
D/PowerManagerService( 1034): [api] [s] goToSleep: 4 (uid: 1000 pid: 1034) eventTime = 8489624
I/PowerManagerService( 1034): !@[ps] Screen__Off - 0 :  goToSleep:  (uid: 1000 pid: 1034) (4)
I/PowerManagerService( 1034): Going to sleep due to power button (uid 1000)...
D/DisplayPowerController( 1034): animateScreenStateChange[0]: target=2
D/DisplayPowerController( 1034): [Dual Screen Compatible] state[0] :2
D/AutomaticBrightnessController( 1034): [DAB] mLightSensor is null.
D/DisplayPowerController( 1034): getFinalBrightness : Summary is 255 -> 255
D/DisplayPowerController( 1034): Animating brightness: target=255, rate=2000 (PSM:false, AB limit:(-1 ~ -1) MB Limit:(-1 ~ -1) MAdj:(0, (0, 255)))
D/PowerManagerService( 1034): [s] DisplayPowerCallbacks : onStateChanged()
D/PowerManagerService( 1034): [PWL] sb acquire: PowerManagerService.Broadcasts
D/PowerManagerService( 1034): SecHardwareInterface.setBatteryADC : false
D/PowerManagerService( 1034): handleSandman : startDreaming: true  (canDreamLocked: false  canDozeLocked: true)
D/PowerManagerService( 1034): handleSandman : startDream(true)
E/PowerManagerService( 1034): handleSandman : startDreaming, but isDreaming false
I/PowerManagerService( 1034): Sleeping (uid 1000)...
D/PowerManagerService( 1034): [s] UserActivityState : 1 -> 0
D/DisplayPowerController( 1034): animateScreenStateChange[0]: target=1
D/ColorFade( 1034): prepare: mode=4
D/SensorService( 1034): cleanupConnection - size : 0, ref : 0
D/SensorManager( 1034): unregisterListener ::   
I/PERF    ( 1242): KeyguardViewMediator - onScreenTurnedOff() start
D/KeyguardViewMediator( 1242): onScreenTurnedOff(2)
D/KeyguardViewMediator( 1242): notifyScreenOffLocked
I/PERF    ( 1242): KeyguardViewMediator - handleNotifyScreenOff() start
D/FactoryTest( 1242): checkAutomationTestOption() : option=0
I/Adreno-EGL( 1034): <qeglDrvAPI_eglInitialize:379>: EGL 1.4 QUALCOMM build: AU_LINUX_ANDROID_LA.BR.1.1.3_RB1.05.01.01.032.053_msm8916_32_refs/tags/AU_LINUX_ANDROID_LA.BR.1.1.3_RB1.05.01.01.032.053__release_AU (Ic8ede1fb34)
I/Adreno-EGL( 1034): OpenGL ES Shader Compiler Version: E031.25.03.04
I/Adreno-EGL( 1034): Build Date: 05/11/16 Wed
I/Adreno-EGL( 1034): Local Branch: 
I/Adreno-EGL( 1034): Remote Branch: refs/tags/AU_LINUX_ANDROID_LA.BR.1.1.3_RB1.05.01.01.032.053
I/Adreno-EGL( 1034): Local Patches: NONE
I/Adreno-EGL( 1034): Reconstruct Branch: NOTHING
D/PowerManagerService( 1034): Excessive delay in ColorFade : createSurface: 12ms
D/FactoryTest( 1242): checkAutomationTestOption() : mode_screenlock=0
D/KeyguardViewMediator( 1242): isAutoUnlockEnabled in KeyguardViewMediator = true
D/KeyguardViewMediator( 1242): doKeyguard: showing the lock screen
D/KeyguardViewMediator( 1242): showLocked
D/KeyguardViewMediator( 1242): handleNotifyScreenOff
I/PERF    ( 1242): KeyguardViewMediator - onScreenTurnedOff() end
D/LauncherApps( 1242): getActivityList callingUid: 0 user: 0
I/StatusBar( 1242): canChildBeBlocked-R1
D/LauncherApps( 1242): getActivityList callingUid: 0 user: 0
I/StatusBar( 1242): canChildBeBlocked-R1
D/LauncherApps( 1242): getActivityList callingUid: 0 user: 0
I/StatusBar( 1242): canChildBeBlocked-R1
I/PERF    ( 1242): KeyguardViewMediator - handleNotifyScreenOff() end
D/KeyguardViewMediator( 1242): handleShow
D/KeyguardViewMediator( 1242): Kiosk container not exists on device. handleShow
E/KeyguardViewMediator( 1242): setShowingLocked mShowing true
I/KeyguardEffectViewController( 1242): setKeyguardShowing = true
D/KeyguardEffectViewController( 1242): show()
V/KeyguardUpdateMonitor( 1242): *** register callback for com.android.keyguard.sec.effect.KeyguardEffectViewController$2@17873895
V/KeyguardUpdateMonitor( 1242): *** unregister callback for null
D/VisualEffectCircleUnlockEffect( 1242): KeyguardEffectViewNone : show
D/VisualEffectCircleUnlockEffect( 1242): clearEffect
D/VisualEffectCircleUnlockEffect( 1242): cancelAllAnimator
D/VisualEffectParticleEffect( 1242): KeyguardEffectViewParticleSpace : show
D/VisualEffectParticleEffect( 1242): clearEffect
D/VisualEffectParticleEffect( 1242): new SoundPool
D/InputMethodManagerService( 1034): [HARDWARE_KEYBOARD] (refreshImeWindowVisibilityLocked) isChineseRegion = true, isFolderPhone= false isFolderOpen = false hardKeyShown = false
D/InputMethodManagerService( 1034): [HARDWARE_KEYBOARD] (refreshImeWindowVisibilityLocked) mImeWindowVis= 0 inputVisible = falsehaveHardKeyboard = false hardKeyShown = false
D/MotionRecognitionService( 1034): mReceiver.onReceive : ACTION_SCREEN_ON
E/MotionRecognitionService( 1034): handler : SCREEN_ON end
W/CoverManager( 1034): getCoverState : This device is not supported cover
E/WifiNative-wlan0( 1034): do suspend false
D/audio_hw_primary(  285): adev_set_parameters: enter: screen_state=on
V/voice   (  285): voice_set_parameters: enter: screen_state=on
V/voice   (  285): voice_set_parameters: exit with code(-2)
V/msm8974_platform(  285): platform_set_parameters: enter: screen_state=on
V/msm8974_platform(  285): platform_set_parameters: exit with code(-2)
D/audio_hw_hfp(  285): audio_extn_hfp_set_parameters: enter
V/audio_hw_primary(  285): adev_set_parameters: exit
I/KeyguardEffectViewController( 1242): setHidden = false
D/VisualEffectCircleUnlockEffect( 1242): clearEffect
D/VisualEffectCircleUnlockEffect( 1242): cancelAllAnimator
D/KeyguardEffectViewController( 1242): isFestivalActivated()false
I/KeyguardEffectViewController( 1242): setFestivalKeyguardShowing = true ,:false
D/KeyguardEffectViewController( 1242): isFestivalActivated()false
V/MediaPlayer( 1242): decode(74, 0, 16660)
V/MediaPlayerService(  285): decode(49, 0, 16660)
D/NotificationService( 1034): ACTION_SCREEN_ON
D/LightsService( 1034): [api] [SvcLED] turnOff:: id = 5 (uid: 1000 pid: 1034) 
D/LightsService( 1034): [api] [SvcLED] LED indicator : Not supported.
V/MediaPlayerService(  285): player type = 4
V/NuPlayerDriver(  285): NuPlayerDriver(0xb8ad1700)
V/NuPlayerDriver(  285): setDataSource(0xb8ad1700) file(49)
V/GenericSource(  285): setDefault
V/NuPlayer(  285): kWhatSetAudioSink
V/NuPlayer(  285): kWhatSetDataSource
V/MediaPlayerService(  285): prepare
V/NuPlayerDriver(  285): prepareAsync(0xb8ad1700)
V/MediaPlayerService(  285): wait for prepare
V/GenericSource(  285): prepareAsync
V/GenericSource(  285): [Flag] set 0x8 -> mFlags = 0x8
V/GenericSource(  285): onPrepareAsync
I/OggExtractor(  285): OggSource::OggSource() mExtractor ref count = 4
I/AnotherPacketSource(  285): setFormat() audio
V/GenericSource(  285): setDefault
I/GenericSource(  285): NuPlayer Ormode enabled
V/GenericSource(  285): send mUnsupportedAudio = 0 mUnsupportedVideo = 0 mHaveAudio = 1 mHaveVideo = 0
V/NuPlayer(  285): prepare posted successfully.
V/NuPlayer(  285): mUnsupportedAudio = 0, mUnsupportedVideo = 0, mHaveAudioTrack = 1, mHaveVideoTrack = 0
V/NuPlayer(  285): msg : 200, ext1 : 973, ext2 : 0
V/AudioCache(  285): notify(0xb8ad14f0, 200, 973, 0)
V/AudioCache(  285): ignored
V/NuPlayer(  285): extractMetadata Tracks : 1
V/NuPlayer(  285): enableInbandTextFromExtr
V/AudioCache(  285): notify(0xb8ad14f0, 1, 0, 0)
V/AudioCache(  285): prepared
V/AudioCache(  285): wait - success
V/GenericSource(  285): onPrepareAsyncEvent() done
V/MediaPlayerService(  285): start
D/NuPlayerDriver(  285): start(0xb8ad1700)
V/MediaPlayerService(  285): wait for playback complete
V/NuPlayer(  285): kWhatStart
I/GenericSource(  285): start
V/NuPlayer(  285): checkOffloadExceptions is true, call canOffloadStream
I/NuSecMediaClock(  285): NuSecMediaClock constructor
I/NuSecMediaClock(  285): reset
I/NuSecMediaClock(  285): init success
I/NuSecMediaClock(  285): setClockMargin mMinClockModificationCondition (80000), mMaxClockCorrection (30000)
I/NuPlayerRenderer(  285): setParamForMediaClock() out
I/NuPlayerRenderer(  285): setDuration (802539)
V/NuPlayer(  285): scanning sources haveAudio=0, haveVideo=0
V/NuPlayer(  285): checkOffloadExceptions is true, call canOffloadStream
V/NuPlayer(  285): make Decoder (audio)
V/NuPlayer(  285): executePendingSecSeek - There are not any pending seek!
I/ACodec  (  285):  [] Now uninitialized
I/ACodec  (  285): [OMX.google.vorbis.decoder] Now Loaded
E/ACodec  (  285): onConfigureComponent mime.c_str() = audio/vorbis
D/PowerManagerService( 1034): Excessive delay in ColorFade : initGLShaders: 22ms
I/ACodec  (  285): [OMX.google.vorbis.decoder] Now Loaded->Idle
I/ACodec  (  285): [OMX.google.vorbis.decoder] Now Idle->Executing
I/ACodec  (  285): [OMX.google.vorbis.decoder] Now Executing
I/ACodec  (  285): [OMX.google.vorbis.decoder] Now handling output port settings change
I/ACodec  (  285): [OMX.google.vorbis.decoder] Now Executing
I/NuPlayerDecoder(  285): openAudioSink_l
I/NuPlayerRenderer(  285): openAudioSink: offloadOnly(0) offloadingAudio(0)
I/NuPlayerRenderer(  285): openAudioSink: open AudioSink in NON-offload mode audioFormat : 1, flags : 0
V/AudioCache(  285): open(44100, 1, 0x0, 1, 0)
I/NuSecMediaClock(  285): reset
I/NuPlayerRenderer(  285): setAudioFirstAnchorTime mAudioFirstAnchorTimeMediaUs : -1, new mediaTimeUs : 13061
V/NuPlayer(  285): media rendering started
V/NuPlayer(  285): msg : 6, ext1 : 0, ext2 : 0
V/AudioCache(  285): notify(0xb8ad14f0, 6, 0, 0)
V/AudioCache(  285): ignored
D/ColorFade( 1034): ColorFade is ready
D/DisplayPowerController( 1034): ColorFade: onAnimationStart
D/DisplayPowerController( 1034): [Dual Screen Compatible] state[0] :2
D/AutomaticBrightnessController( 1034): [DAB] mLightSensor is null.
D/DisplayPowerController( 1034): getFinalBrightness : Summary is 255 -> 255
D/DisplayPowerController( 1034): performScreenOffTransition : no brightness animation
D/KeyguardViewMediator( 1242): isSecure() = true
D/KeyguardEffectViewUtil( 1242): wallpaperType :1
D/StatusBar-Window( 1242): fnf=false sanc=true, kni=false, sbf=false
D/CoverUI ( 1242): applyFocusableFlag() : Remove SAMSUNG_FLAG_SVIEW_COVER
D/CoverUI ( 1242): applyHeight h = -1, oc = true, ex = false, fa = false, ac = false, sc = false
D/StatusBarKeyguardViewManager( 1242): reset() mShowing = true
D/KeyguardEffectViewUtil( 1242): wallpaperType :1
D/StatusBar-Window( 1242): fnf=false sanc=true, kni=false, sbf=false
D/CoverUI ( 1242): applyFocusableFlag() : Remove SAMSUNG_FLAG_SVIEW_COVER
D/CoverUI ( 1242): applyHeight h = -1, oc = true, ex = false, fa = false, ac = false, sc = false
D/PhoneStatusBar( 1242): updateKeyguardState :1
I/AudioPolicyManager(  285): getOutputForAttr() device 0x2, samplingRate 44100, format b892d590, channelMask 1, flags 0
I/AudioPolicyManager(  285): getOutputForAttr() output 4
W/AudioTrack( 1242): AUDIO_OUTPUT_FLAG_FAST denied by client
I/StatusBar( 1242): Icon Only
V/ActivityThread(14120): updateVisibility : ActivityRecord{254e6c4d token=android.os.BinderProxy@12202d1b {me.drakeet.meizhi.debug/me.drakeet.meizhi.ui.MainActivity}} show : true
W/AudioPolicyIntefaceImpl(  285): Skipped to add effects on session 31
I/AudioPolicyManager(  285): startOutput() output 4, stream 1, session 31
I/AudioPolicyManager(  285): changeRefCount() stream 1, count 1
I/AudioPolicyManager(  285): setOutputDevice() setting same device 0002 or null device for output 4
D/AudioMixer(  285): setResampler format 1, data ch 2, src 44100, dst 48000, dnmix 0, reformat 0
D/SoundAliveResampler(  285): [SoundAliveResampler] Init+++
E/FastThread(  285): did not receive expected priority boost
D/audio_hw_primary(  285): start_output_stream: enter: stream(0xb89747c8)usecase(1: low-latency-playback) devices(0x2)
V/audio_hw_primary(  285): select_devices: ENTER
V/audio_hw_primary(  285): select_devices: usecase(normal)
V/audio_hw_primary(  285): select_devices: usecase(PCM_PLAYBACK)
V/msm8974_platform(  285): platform_get_output_snd_device: enter: output devices(0x2)
V/msm8974_platform(  285): get_OUTPUT_snd_device: for Normal Playback
V/msm8974_platform(  285): platform_get_output_snd_device: exit: snd_device(speaker)
D/audio_hw_primary(  285): select_devices: out_snd_device(2: speaker)
D/audio_hw_primary(  285): select_devices: in_snd_device(0: dummy)
D/hardware_info(  285): hw_info_append_hw_type : device_name = speaker
D/ACDB-LOADER(  285): ACDB -> send_audio_cal, acdb_id = 15, path =  0
D/ACDB-LOADER(  285): ACDB -> send_asm_topology
D/ACDB-LOADER(  285): ACDB -> ACDB_CMD_GET_AUDPROC_STREAM_TOPOLOGY_ID
D/ACDB-LOADER(  285): ACDB -> send_adm_topology
D/ACDB-LOADER(  285): ACDB -> ACDB_CMD_GET_AUDPROC_COMMON_TOPOLOGY_ID
D/ACDB-LOADER(  285): ACDB -> send_audtable
D/ACDB-LOADER(  285): ACDB -> ACDB_CMD_GET_AUDPROC_COMMON_TABLE
D/ACDB-LOADER(  285): ACDB -> AUDIO_SET_AUDPROC_CAL
D/ACDB-LOADER(  285): ACDB -> send_audvoltable
D/ACDB-LOADER(  285): ACDB -> ACDB_CMD_GET_AUDPROC_GAIN_DEP_STEP_TABLE
D/ACDB-LOADER(  285): ACDB -> AUDIO_SET_AUDPROC_VOL_CAL
D/ACDB-LOADER(  285): ACDB -> send_audstrmtable
D/ACDB-LOADER(  285): ACDB -> ACDB_CMD_GET_AUDPROC_STREAM_TABLE_V2
D/ACDB-LOADER(  285): ACDB -> audstrm_cal->cal_type.cal_data.cal_size = 16
D/ACDB-LOADER(  285): ACDB -> send_afe_cal
D/ACDB-LOADER(  285): ACDB -> ACDB_CMD_GET_AFE_COMMON_TABLE
D/ACDB-LOADER(  285): ACDB -> AUDIO_SET_AFE_CAL
D/ACDB-LOADER(  285): ACDB -> send_hw_delay : acdb_id = 15 path = 0
D/ACDB-LOADER(  285): ACDB -> ACDB_AVSYNC_INFO: ACDB_CMD_GET_DEVICE_PROPERTY
V/audio_hw_primary(  285): enable_snd_device: snd_device(2: speaker, speaker)
D/audio_route(  285): ++++ audio_route_update_path ==============
D/audio_route(  285): Setting mixer control: MI2S_RX Channels, value: 1
D/audio_route(  285): Setting mixer control: RX3 MIX1 INP1, value: 3
D/audio_route(  285): Setting mixer control: RX3 MIX1 INP2, value: 4
D/audio_route(  285): Setting mixer control: SPK DAC Switch, value: 1
D/audio_route(  285): ---- audio_route_update_path ==============
D/audio_route(  285): ++++ audio_route_update_mixer ==============
D/audio_route(  285): ------ audio_route_update_mixer ==============
V/audio_hw_primary(  285): enable_audio_route: enter: usecase(1)
V/audio_hw_primary(  285): enable_audio_route: apply mixer path: low-latency-playback
D/audio_route(  285): ++++ audio_route_update_mixer ==============
D/audio_route(  285): Setting mixer control: PRI_MI2S_RX Audio Mixer MultiMedia5, value: 1
D/audio_route(  285): ------ audio_route_update_mixer ==============
V/audio_hw_primary(  285): enable_audio_route: exit
V/msm8974_platform(  285): platform_get_output_snd_device: enter: output devices(0x2)
V/msm8974_platform(  285): get_OUTPUT_snd_device: for Normal Playback
V/msm8974_platform(  285): platform_get_output_snd_device: exit: snd_device(speaker)
D/ACDB-LOADER(  285): ACDB -> send_audio_cal, acdb_id = 15, path =  0
D/ACDB-LOADER(  285): ACDB -> send_asm_topology
D/ACDB-LOADER(  285): ACDB -> ACDB_CMD_GET_AUDPROC_STREAM_TOPOLOGY_ID
D/ACDB-LOADER(  285): ACDB -> send_adm_topology
D/ACDB-LOADER(  285): ACDB -> ACDB_CMD_GET_AUDPROC_COMMON_TOPOLOGY_ID
D/ACDB-LOADER(  285): ACDB -> send_audtable
D/ACDB-LOADER(  285): ACDB -> ACDB_CMD_GET_AUDPROC_COMMON_TABLE
D/ACDB-LOADER(  285): ACDB -> AUDIO_SET_AUDPROC_CAL
D/ACDB-LOADER(  285): ACDB -> send_audvoltable
D/ACDB-LOADER(  285): ACDB -> ACDB_CMD_GET_AUDPROC_GAIN_DEP_STEP_TABLE
D/ACDB-LOADER(  285): ACDB -> AUDIO_SET_AUDPROC_VOL_CAL
D/ACDB-LOADER(  285): ACDB -> send_audstrmtable
D/ACDB-LOADER(  285): ACDB -> ACDB_CMD_GET_AUDPROC_STREAM_TABLE_V2
D/ACDB-LOADER(  285): ACDB -> audstrm_cal->cal_type.cal_data.cal_size = 16
D/ACDB-LOADER(  285): ACDB -> send_afe_cal
D/ACDB-LOADER(  285): ACDB -> ACDB_CMD_GET_AFE_COMMON_TABLE
D/ACDB-LOADER(  285): ACDB -> AUDIO_SET_AFE_CAL
D/ACDB-LOADER(  285): ACDB -> send_hw_delay : acdb_id = 15 path = 0
D/ACDB-LOADER(  285): ACDB -> ACDB_AVSYNC_INFO: ACDB_CMD_GET_DEVICE_PROPERTY
V/audio_hw_primary(  285): start_output_stream: Opening PCM device card_id(0) device_id(12)
V/audio_hw_primary(  285): start_output_stream: exit
I/NuPlayerDecoder(  285): End of Stream
I/NuPlayerRenderer(  285): onQueueEOS audio finalResult : -1011
I/NuPlayerRenderer(  285): [audio] notifyEOS() End of Stream, delayUs : 2
I/NuPlayerRenderer(  285): reachedAudioEOS (1)
V/NuPlayer(  285): reached audio EOS
V/NuPlayer(  285): msg : 2, ext1 : 0, ext2 : 0
V/AudioCache(  285): notify(0xb8ad14f0, 2, 0, 0)
V/AudioCache(  285): playback complete
V/GenericSource(  285): pause
V/GenericSource(  285): [Flag] clear 0x1 -> mFlags = 0x8
I/GenericSource(  285): mDRMEOS is true, check with -1
I/NuPlayerRenderer(  285): onPause
V/AudioCache(  285): wait - success
D/NuPlayerDriver(  285): reset(0xb8ad1700)
V/AudioCache(  285): notify(0xb8ad14f0, 8, 0, 0)
V/AudioCache(  285): ignored
V/NuPlayer(  285): kWhatReset
V/NuPlayer(  285): performDecoderFlush audio=2, video=2
V/NuPlayer(  285): [audio] flushDecoder needShutdown=1
V/NuPlayer(  285): postponing action mFlushingAudio=2, mFlushingVideo=0
V/NuPlayer(  285): mResetInProgress=1, mVideoEOS =0, mAudioEOS =0
I/NuPlayerRenderer(  285): flush audio, notifyComplete 1, shutdown Yes
V/NuPlayer(  285): (mAudioDecoder != NULL) = true, (mVideoDecoder != NULL) = false
D/NuPlayerRenderer(  285): signalTimeDiscontinuity() mHasAudio = 1 , mHasVideo = 0
I/NuPlayerRenderer(  285): flushing audio
I/NuPlayerRenderer(  285): onFlush mAudioQueueGeneration : 2
I/ACodec  (  285): [OMX.google.vorbis.decoder] Now Flushing
V/NuPlayer(  285): renderer audio flush completed.
D/StatusBar( 1242): getNumberOfActiveSim: 1
I/ACodec  (  285): [OMX.google.vorbis.decoder] Now Executing
V/NuPlayer(  285): Got valid new generation 2 
V/NuPlayer(  285): decoder audio flush completed
V/NuPlayer(  285): initiating audio decoder shutdown
I/ACodec  (  285): [OMX.google.vorbis.decoder] Now Executing->Idle
D/PanelView( 1242): There is/are notification(s) 
I/ACodec  (  285): [OMX.google.vorbis.decoder] Now Idle->Loaded
I/ACodec  (  285): [OMX.google.vorbis.decoder] Now Loaded
I/ACodec  (  285):  [OMX.google.vorbis.decoder] Now uninitialized
D/StatusBar( 1242): LSSN:1
V/NuPlayer(  285): Got valid new generation 3 
V/NuPlayer(  285): audio shutdown completed
V/NuPlayer(  285): both audio and video are flushed now.
V/NuPlayer(  285): Reset was postponed execute processDeferredActions
V/NuPlayer(  285): performReset mResetInProgress -> 1 mResetPostponed -> 0 
I/NuSecMediaClock(  285): NuSecMediaClock destructor
V/GenericSource(  285): stop()
V/GenericSource(  285): PREPARE_CANCELLED set to true
V/GenericSource(  285): [Flag] set 0x40 -> mFlags = 0x48
V/GenericSource(  285): [Flag] clear 0x8 -> mFlags = 0x40
V/GenericSource(  285): stop() end
V/GenericSource(  285): ~GenericSource()
I/OggExtractor(  285): OggSource::stop() mExtractor ref count = 2
I/OggExtractor(  285): ~OggSource --
D/NuPlayerDriver(  285): notifyResetComplete(0xb8ad1700)
D/StatusBar( 1242): SLN:S
E/LSO     ( 1242): LSO Service is not yet ready!!!
D/StatusBar-QSPanel( 1242): setSingleLine:true
D/StatusBar-QSPanel( 1242): adjustCellWidth mButtonWidth : 136, displayWidth : 720
D/StatusBar-QSPanel( 1242): updateButtonInfo mButtonWidth : 136 mColumns:5 orien: 1 mButtonCorrectionWidth:16
D/StatusBar-QSPanel( 1242): setSingleLine height:190
D/PhoneStatusBar( 1242): showHideMultiSIMLayout:false
D/NotificationStackScrollLayout( 1242): updateMultiSIMLayout:false
D/NotificationStackScrollLayout( 1242): oldVisibility:8,newVisibility:8
D/PhoneStatusBar( 1242): updateQSpanelHeight: 190 height:302
D/STATUSBAR-PhoneStatusBar( 1242):  mBrightnessEnablebySettings = true mBrightnessEnablebyBattery = true mBrightnessEnablebyDisableFlag = true mPmsBrightnessEnablebySettings = true
D/SecContentProvider( 1034): query(), uri = 17 selection = isStatusBarExpansionallowedAsUser
D/PanelView( 1242): setQsHeight mQsMin:0 mQsMax:392 mQsEx:0.0mQsPeek:302
I/KeyguardEffectViewController( 1242): setKeyguardShowing = true
D/KeyguardEffectViewController( 1242): reset()
D/VisualEffectCircleUnlockEffect( 1242): KeyguardEffectViewNone : reset
D/VisualEffectCircleUnlockEffect( 1242): clearEffect
D/VisualEffectCircleUnlockEffect( 1242): cancelAllAnimator
D/VisualEffectParticleEffect( 1242): KeyguardEffectViewParticleSpace : reset
D/KeyguardEffectViewController( 1242): isFestivalActivated()false
I/KeyguardEffectViewController( 1242): setFestivalKeyguardShowing = true ,:false
D/KeyguardEffectViewController( 1242): isFestivalActivated()false
I/PhoneStatusBar( 1242): Icon Only
I/StatusBar( 1242): Icon Only
D/StatusBar( 1242): getNumberOfActiveSim: 1
D/PanelView( 1242): There is/are notification(s) 
D/PanelView( 1242): kidsfalse mQsExpansionEnabled:true
D/PhoneStatusBar( 1242): updateKeyguardPreviousState :0
D/LauncherApps( 1242): getActivityList callingUid: 0 user: 0
I/StatusBar( 1242): canChildBeBlocked-R1
D/LauncherApps( 1242): getActivityList callingUid: 0 user: 0
I/StatusBar( 1242): canChildBeBlocked-R1
D/PhoneStatusBar( 1242): makeExpandedVisible:false
V/NuPlayerDriver(  285): ~NuPlayerDriver(0xb8ad1700)
I/OggExtractor(  285): ~OggExtractor ++
I/OggExtractor(  285): ~MyVorbisExtractor ++ 
I/OggExtractor(  285): ~MyVorbisExtractor --
I/OggExtractor(  285): ~OggExtractor --
V/MediaPlayer( 1242): decode(80, 0, 25484)
V/MediaPlayerService(  285): decode(49, 0, 25484)
D/KeyguardEffectViewUtil( 1242): wallpaperType :1
V/MediaPlayerService(  285): player type = 4
D/StatusBar-Window( 1242): fnf=false sanc=true, kni=false, sbf=true
D/CoverUI ( 1242): applyFocusableFlag() : Remove SAMSUNG_FLAG_SVIEW_COVER
D/CoverUI ( 1242): applyHeight h = -1, oc = true, ex = true, fa = false, ac = false, sc = false
V/NuPlayerDriver(  285): NuPlayerDriver(0xb8ad17e8)
V/NuPlayerDriver(  285): setDataSource(0xb8ad17e8) file(49)
V/GenericSource(  285): setDefault
V/NuPlayer(  285): kWhatSetAudioSink
V/NuPlayer(  285): kWhatSetDataSource
D/PhoneStatusBar( 1242): disable: < expand ICONS* alerts SYSTEM_INFO* back home recent CLOCK* search >
V/MediaPlayerService(  285): prepare
V/NuPlayerDriver(  285): prepareAsync(0xb8ad17e8)
V/MediaPlayerService(  285): wait for prepare
V/GenericSource(  285): prepareAsync
D/STATUSBAR-PhoneStatusBar( 1242):  mBrightnessEnablebySettings = true mBrightnessEnablebyBattery = true mBrightnessEnablebyDisableFlag = true mPmsBrightnessEnablebySettings = true
D/PhoneStatusBar( 1242): adjustDisableFlags:false, true, false, false, 1
V/GenericSource(  285): [Flag] set 0x8 -> mFlags = 0x8
V/GenericSource(  285): onPrepareAsync
I/OggExtractor(  285): OggSource::OggSource() mExtractor ref count = 4
I/AnotherPacketSource(  285): setFormat() audio
V/GenericSource(  285): setDefault
I/GenericSource(  285): NuPlayer Ormode enabled
V/GenericSource(  285): send mUnsupportedAudio = 0 mUnsupportedVideo = 0 mHaveAudio = 1 mHaveVideo = 0
V/GenericSource(  285): onPrepareAsyncEvent() done
V/NuPlayer(  285): prepare posted successfully.
V/NuPlayer(  285): mUnsupportedAudio = 0, mUnsupportedVideo = 0, mHaveAudioTrack = 1, mHaveVideoTrack = 0
V/NuPlayer(  285): msg : 200, ext1 : 973, ext2 : 0
V/AudioCache(  285): notify(0xb8ad1d08, 200, 973, 0)
V/AudioCache(  285): ignored
V/NuPlayer(  285): extractMetadata Tracks : 1
V/NuPlayer(  285): enableInbandTextFromExtr
V/AudioCache(  285): notify(0xb8ad1d08, 1, 0, 0)
V/AudioCache(  285): prepared
V/AudioCache(  285): wait - success
V/MediaPlayerService(  285): start
D/NuPlayerDriver(  285): start(0xb8ad17e8)
V/MediaPlayerService(  285): wait for playback complete
V/NuPlayer(  285): kWhatStart
D/StatusBarHeaderView( 1242): userCount 1, exceptionUserCount : 0
I/GenericSource(  285): start
D/STATUSBAR-QSTileView( 1242): onStateChanged: WLAN
D/STATUSBAR-QSTileView( 1242): onStateChanged: GPS
D/STATUSBAR-QSTileView( 1242): onStateChanged: 
D/STATUSBAR-QSTileView( 1242): 
D/STATUSBAR-QSTileView( 1242): onStateChanged: 
D/STATUSBAR-QSTileView( 1242): onStateChanged: 
D/STATUSBAR-QSTileView( 1242): 
D/BluetoothTile( 1242):  onBluetoothStateChange:
D/STATUSBAR-QSTileView( 1242): onStateChanged: 
D/PhoneStatusBar( 1242): HomeCitySettingsDialog available = false, show = true
