V/NuPlayer(  285): checkOffloadExceptions is true, call canOffloadStream
I/NuSecMediaClock(  285): NuSecMediaClock constructor
I/NuSecMediaClock(  285): reset
I/NuSecMediaClock(  285): init success
I/NuSecMediaClock(  285): setClockMargin mMinClockModificationCondition (80000), mMaxClockCorrection (30000)
I/NuPlayerRenderer(  285): setParamForMediaClock() out
V/KeyguardUpdateMonitor( 1242): *** register callback for com.android.keyguard.KeyguardSimpleHostView$1@6535de2
V/KeyguardUpdateMonitor( 1242): *** unregister callback for null
I/NuPlayerRenderer(  285): setDuration (1290158)
V/NuPlayer(  285): scanning sources haveAudio=0, haveVideo=0
V/NuPlayer(  285): checkOffloadExceptions is true, call canOffloadStream
V/NuPlayer(  285): make Decoder (audio)
V/NuPlayer(  285): executePendingSecSeek - There are not any pending seek!
I/ACodec  (  285):  [] Now uninitialized
D/STATUSBAR-QSTileView( 1242): onStateChanged: 
D/STATUSBAR-QSTileView( 1242): 
D/STATUSBAR-QSTileView( 1242): onStateChanged: 
D/STATUSBAR-QSTileView( 1242): 
D/STATUSBAR-QSTileView( 1242): onStateChanged: 
D/STATUSBAR-QSTileView( 1242): onStateChanged: 
D/STATUSBAR-QSTileView( 1242): onStateChanged: 
D/STATUSBAR-QSTileView( 1242): 
D/STATUSBAR-QSTileView( 1242): onStateChanged: 
D/STATUSBAR-QSTileView( 1242): 
D/STATUSBAR-QSTileView( 1242): onStateChanged: NFC
D/STATUSBAR-QSTileView( 1242): onStateChanged: 
D/STATUSBAR-QSTileView( 1242): onStateChanged: 
D/STATUSBAR-QSTileView( 1242): 
D/BluetoothTile( 1242):  handleUpdatestate:false name:null
D/KeyguardSecurityView( 1242): checkSecurityPolicy : AUTO_WIPE = false , IT Policy = false
V/KeyguardSecurityView( 1242): showPrimarySecurityScreen(turningOff=false)
D/KeyguardSecurityView( 1242): showSecurityScreen(PIN)
V/KeyguardSecurityView( 1242): inflating id = 2130968635
V/KeyguardUpdateMonitor( 1242): *** register callback for com.android.keyguard.KeyguardAbsKeyInputView$2@3f8b8c30
V/KeyguardUpdateMonitor( 1242): *** unregister callback for null
I/ACodec  (  285): [OMX.google.vorbis.decoder] Now Loaded
D/KeyguardPinBasedInputView( 1242): mMobileKeyboard = false
E/ACodec  (  285): onConfigureComponent mime.c_str() = audio/vorbis
I/ACodec  (  285): [OMX.google.vorbis.decoder] Now Loaded->Idle
I/ACodec  (  285): [OMX.google.vorbis.decoder] Now Idle->Executing
I/ACodec  (  285): [OMX.google.vorbis.decoder] Now Executing
I/ACodec  (  285): [OMX.google.vorbis.decoder] Now handling output port settings change
I/ACodec  (  285): [OMX.google.vorbis.decoder] Now Executing
I/NuPlayerDecoder(  285): openAudioSink_l
I/NuPlayerRenderer(  285): openAudioSink: offloadOnly(0) offloadingAudio(0)
I/NuPlayerRenderer(  285): openAudioSink: open AudioSink in NON-offload mode audioFormat : 1, flags : 0
V/AudioCache(  285): open(44100, 2, 0x0, 1, 0)
I/NuSecMediaClock(  285): reset
I/NuPlayerRenderer(  285): setAudioFirstAnchorTime mAudioFirstAnchorTimeMediaUs : -1, new mediaTimeUs : 13061
V/NuPlayer(  285): media rendering started
V/NuPlayer(  285): msg : 6, ext1 : 0, ext2 : 0
V/AudioCache(  285): notify(0xb8ad1d08, 6, 0, 0)
V/AudioCache(  285): ignored
I/NuPlayerDecoder(  285): End of Stream
D/SecContentProvider2( 1034): query(), uri = 15 selection = getLockScreenHiddenItems
I/NuPlayerDecoder(  285): End of Stream
I/NuPlayerRenderer(  285): onQueueEOS audio finalResult : -1011
I/NuPlayerRenderer(  285): [audio] notifyEOS() End of Stream, delayUs : 1
I/NuPlayerRenderer(  285): reachedAudioEOS (1)
V/NuPlayer(  285): reached audio EOS
V/NuPlayer(  285): msg : 2, ext1 : 0, ext2 : 0
V/AudioCache(  285): notify(0xb8ad1d08, 2, 0, 0)
V/AudioCache(  285): playback complete
V/GenericSource(  285): pause
V/GenericSource(  285): [Flag] clear 0x1 -> mFlags = 0x8
I/GenericSource(  285): mDRMEOS is true, check with -1
I/NuPlayerRenderer(  285): onPause
V/AudioCache(  285): wait - success
D/NuPlayerDriver(  285): reset(0xb8ad17e8)
V/AudioCache(  285): notify(0xb8ad1d08, 8, 0, 0)
V/AudioCache(  285): ignored
V/NuPlayer(  285): kWhatReset
V/NuPlayer(  285): performDecoderFlush audio=2, video=2
V/NuPlayer(  285): [audio] flushDecoder needShutdown=1
V/NuPlayer(  285): postponing action mFlushingAudio=2, mFlushingVideo=0
V/NuPlayer(  285): mResetInProgress=1, mVideoEOS =0, mAudioEOS =0
V/NuPlayer(  285): (mAudioDecoder != NULL) = true, (mVideoDecoder != NULL) = false
I/NuPlayerRenderer(  285): flush audio, notifyComplete 1, shutdown Yes
D/NuPlayerRenderer(  285): signalTimeDiscontinuity() mHasAudio = 1 , mHasVideo = 0
I/NuPlayerRenderer(  285): flushing audio
I/NuPlayerRenderer(  285): onFlush mAudioQueueGeneration : 2
V/NuPlayer(  285): renderer audio flush completed.
I/ACodec  (  285): [OMX.google.vorbis.decoder] Now Flushing
I/ACodec  (  285): [OMX.google.vorbis.decoder] Now Executing
V/NuPlayer(  285): Got valid new generation 2 
V/NuPlayer(  285): decoder audio flush completed
V/NuPlayer(  285): initiating audio decoder shutdown
I/ACodec  (  285): [OMX.google.vorbis.decoder] Now Executing->Idle
I/ACodec  (  285): [OMX.google.vorbis.decoder] Now Idle->Loaded
I/ACodec  (  285): [OMX.google.vorbis.decoder] Now Loaded
D/SecKeyguardBottomAreaView( 1242): mUseBackUp= false mUseCenteredMessageArea= true
I/ACodec  (  285):  [OMX.google.vorbis.decoder] Now uninitialized
V/NuPlayer(  285): Got valid new generation 3 
V/NuPlayer(  285): audio shutdown completed
D/SecKeyguardBottomAreaView( 1242): shortcut value[0-off / 1-camera] = 1
V/NuPlayer(  285): both audio and video are flushed now.
V/NuPlayer(  285): Reset was postponed execute processDeferredActions
V/NuPlayer(  285): performReset mResetInProgress -> 1 mResetPostponed -> 0 
I/NuSecMediaClock(  285): NuSecMediaClock destructor
V/GenericSource(  285): stop()
V/GenericSource(  285): PREPARE_CANCELLED set to true
V/GenericSource(  285): [Flag] set 0x40 -> mFlags = 0x48
V/GenericSource(  285): [Flag] clear 0x8 -> mFlags = 0x40
V/GenericSource(  285): stop() end
V/GenericSource(  285): ~GenericSource()
I/OggExtractor(  285): OggSource::stop() mExtractor ref count = 2
I/OggExtractor(  285): ~OggSource --
D/NuPlayerDriver(  285): notifyResetComplete(0xb8ad17e8)
D/SecKeyguardBottomAreaView( 1242): mKidsModeEnabled= false
D/SecKeyguardBottomAreaView( 1242): mIsHelpTextEnabled= true
D/SecContentProvider2( 1034): query(), uri = 15 selection = getToastGravityEnabledState
D/SecKeyguardCircleEmergencyView( 1242): updateCurrentView()
D/SecContentProvider2( 1034): query(), uri = 15 selection = getLockScreenHiddenItems
V/NuPlayerDriver(  285): ~NuPlayerDriver(0xb8ad17e8)
I/OggExtractor(  285): ~OggExtractor ++
I/OggExtractor(  285): ~MyVorbisExtractor ++ 
I/OggExtractor(  285): ~MyVorbisExtractor --
I/OggExtractor(  285): ~OggExtractor --
D/SecContentProvider2( 1034): query(), uri = 15 selection = getToastGravityEnabledState
D/PasswordUnlockScreen( 1242): max failed attempt for device disable :false
D/PasswordUnlockScreen( 1242): isDeviceDisabledForMaxFailedAttempt return :false
D/PasswordUnlockScreen( 1242): max failed attempt for device disable :false
D/PasswordUnlockScreen( 1242): isDeviceDisabledForMaxFailedAttempt return :false
D/PasswordUnlockScreen( 1242): setHintOrMessageText()
D/KeyguardEffectViewUtil( 1242): wallpaperType :1
D/StatusBar-Window( 1242): fnf=false sanc=true, kni=false, sbf=true
D/CoverUI ( 1242): applyFocusableFlag() : Remove SAMSUNG_FLAG_SVIEW_COVER
D/CoverUI ( 1242): applyHeight h = -1, oc = true, ex = true, fa = false, ac = false, sc = false
D/KeyguardViewMediator( 1242): updateKeyguardClockandNotifications( show = true)
D/PhoneStatusBar( 1242): updateKeyguardClockandNotifications( mShowLockscreenNotifications = true show = true)
D/PanelView( 1242): There is/are notification(s) 
V/KeyguardUpdateMonitor( 1242): *** register callback for com.android.keyguard.EmergencyButton$1@3a726160
V/KeyguardUpdateMonitor( 1242): *** unregister callback for null
D/SecContentProvider2( 1034): query(), uri = 15 selection = getLockScreenHiddenItems
D/SecContentProvider2( 1034): query(), uri = 15 selection = getLockScreenHiddenItems
D/SecContentProvider2( 1034): query(), uri = 15 selection = getLockScreenHiddenItems
V/KeyguardUpdateMonitor( 1242): *** register callback for com.android.keyguard.sec.SecKeyguardBottomAreaView$2@2c9ee619
V/KeyguardUpdateMonitor( 1242): *** unregister callback for null
D/SecKeyguardCircleView( 1242): onAttachedToWindow
V/KeyguardUpdateMonitor( 1242): *** register callback for com.android.keyguard.sec.SecKeyguardCircleView$1@3a19c6de
V/KeyguardUpdateMonitor( 1242): *** unregister callback for null
V/KeyguardUpdateMonitor( 1242): *** register callback for com.android.keyguard.sec.SecKeyguardCircleEmergencyView$1@54580bf
V/KeyguardUpdateMonitor( 1242): *** unregister callback for null
D/SecKeyguardCircleEmergencyView( 1242): updateCurrentView()
D/SecContentProvider2( 1034): query(), uri = 15 selection = getLockScreenHiddenItems
D/SecKeyguardCircleEmergencyView( 1242): updateCurrentView()
D/SecContentProvider2( 1034): query(), uri = 15 selection = getLockScreenHiddenItems
D/lights  ( 1034): lcd : 0 +
D/DisplayPowerState( 1034): !@ [0] ColorFade entry
D/PowerManagerService( 1034): [input device light] onColorFadeExit(false)
D/DisplayPowerController( 1034): ColorFade: onAnimationEnd
D/DisplayPowerController( 1034): animateScreenStateChange[0]: target=1
D/DisplayPowerController( 1034): mWindowManagerPolicy.screenTurnedOff(0)
D/DisplayPowerController( 1034): [Dual Screen Compatible] state[0] :1
D/AutomaticBrightnessController( 1034): [DAB] mLightSensor is null.
D/DisplayPowerController( 1034): getFinalBrightness : Summary is 0 -> 0
D/DisplayPowerController( 1034): performScreenOffTransition : no brightness animation
D/SecKeyguardCircleEmergencyView( 1242): updateCurrentView()
D/SecContentProvider2( 1034): query(), uri = 15 selection = getLockScreenHiddenItems
V/KeyguardUpdateMonitor( 1242): *** register callback for com.android.keyguard.KeyguardMessageArea$3@3e8c338c
V/KeyguardUpdateMonitor( 1242): *** unregister callback for null
D/SecContentProvider2( 1034): query(), uri = 15 selection = getLockScreenHiddenItems
D/KeyguardMessageArea( 1242): onTimeChanged( mCharging = true )
D/lights  ( 1034): lcd : 0 -
D/MISC PowerHAL( 1034): sysfs_write +: /sys/class/input/event2/device/enabled: 0
D/MISC PowerHAL( 1034): sysfs_write +: /sys/class/input/event1/device/enabled: 0
D/MISC PowerHAL( 1034): sysfs_write -: /sys/class/input/event1/device/enabled: 0
D/SecKeyguardCircleView( 1242): onAttachedToWindow
V/KeyguardUpdateMonitor( 1242): *** register callback for com.android.keyguard.sec.SecKeyguardCircleView$1@3aecad5
V/KeyguardUpdateMonitor( 1242): *** unregister callback for null
D/KeyguardUpdateMonitor( 1242): sendKeyguardVisibilityChanged(true)
D/KeyguardPreviewContainer( 1242): refreshPhonePreviewIfNeeded - re-creating preview
D/KeyguardPreviewInflater( 1242): intent.getAction()=android.intent.action.DIAL
D/KeyguardViewMediator( 1242): adjustStatusBarLocked: mShowing=true mOccluded=false isSecure=?true --> flags=0x3280000
D/DisplayManagerService( 1034): getDesiredDisplayIdBitAndRequestingState : ID=2| IdBit= 3
D/DisplayPowerController( 1034): animateScreenStateChange[0]: target=1
D/DisplayPowerController( 1034): [Dual Screen Compatible] state[0] :1
D/AutomaticBrightnessController( 1034): [DAB] mLightSensor is null.
D/DisplayPowerController( 1034): getFinalBrightness : Summary is 0 -> 0
D/DisplayPowerController( 1034): performScreenOffTransition : no brightness animation
D/PowerManagerService( 1034): [s] DisplayPowerCallbacks : onStateChanged()
D/PowerManagerService( 1034): SecHardwareInterface.setBatteryADC : false
D/PowerManagerService( 1034): [PWL] sb release: PowerManagerService.Display
D/StatusBarManagerService( 1034): manageDisableList userId=0 what=0x3280000 pkg=com.android.systemui
D/PowerManagerService( 1034): [api] [s] userActivity : event: 0 flags: 0 (uid: 10034 pid: 1242) eventTime = 8490289
D/KeyguardViewMediator( 1242): isPwdChangeRequested :: false
D/KeyguardPreviewInflater( 1242): switching default dialer action
I/PERF    ( 1242): KeyguardUpdateMonitor - cb.onScreenTurnedOff() start
D/SecVolumePanel( 1242): onScreenTurnedOff()
D/SecVolumePanel( 1242): mCoverBroadcastReceiver : call onDismissSafeVolumeWarning() #1
D/SecVolumePanel( 1242): mCoverBroadcastReceiver: Screen OFF end
D/SecKeyguardClockSingleView( 1242): onScreenTurnedOff
D/VisualEffectCircleUnlockEffect( 1242): KeyguardEffectViewNone : screenTurnedOff
D/VisualEffectParticleEffect( 1242): KeyguardEffectViewParticleSpace : screenTurnedOff
D/VisualEffectParticleEffect( 1242): clearEffect
D/SecKeyguardCircleView( 1242): onScreenTurnedOff
D/SecKeyguardCircleView( 1242): onScreenTurnedOff
I/PERF    ( 1242): KeyguardUpdateMonitor - cb.onScreenTurnedOff() end
I/StatusBar( 1242): Icon Only
D/KeyguardViewMediator( 1242): doKeyguard: SDP_USER_0 inside handleShow LOCKING SDP userid= 0 info SdpEngineInfo { alias:android_0 pkg:  id:0 userid:0 state:2 flags:1 version:4 type:1}
D/SdpManagerService( 1034): lockInternal 0
E/SDP.CRYPTO( 1034):     On Locked OK, id 0
D/SdpManagerService( 1034): clearCachedPassword (PWD) 0
D/SdpManagerService( 1034): clearCachedPassword (CMK) 0
E/SdpManagerService( 1034): sendBroadcastAsUser(INTENT_SDP_STATE_CHANGED, state:1)
V/KeyguardDisplayManager( 1242): show
D/KeyguardViewMediator( 1242): doKeyguard: SDP_USER_0 inside handleShow lock succesful.
D/StatusBar( 1242): getNumberOfActiveSim: 1
D/PanelView( 1242): There is/are notification(s) 
D/MISC PowerHAL( 1034): sysfs_write -: /sys/class/input/event2/device/enabled: 0
D/MISC PowerHAL( 1034): sysfs_write +: /sys/class/power_supply/battery/lcd: 0
D/MISC PowerHAL( 1034): sysfs_write -: /sys/class/power_supply/battery/lcd: 0
D/PowerManagerService-JNI( 1034): Excessive delay in MISC setInteractive(false) while turning screen off: 59ms
I/QTI PowerHAL( 1034): Got set_interactive hint
D/SurfaceFlinger(  260): Set power mode=0, type=0 flinger=0xb7fee690
D/qdhwcomposer(  260): hwc_setPowerMode: Setting mode 0 on display: 0
E/qdutils (  260): int qdutils::getHDMINode(): Failed to open fb node 2
E/qdutils (  260): int qdutils::getHDMINode(): Failed to find HDMI node
D/PowerManagerService( 1034): Excessive delay in nativeSetInteractive(false): 63ms
D/DisplayManagerService( 1034): !@display_state: ON -> OFF
D/StatusBarManagerService( 1034): manageDisableList userId=0 what=0x600000 pkg=Window{2425bd2c u0 d0 StatusBar}
I/DisplayManagerService( 1034): Display device changed: DisplayDeviceInfo{"": uniqueId="local:0", 720 x 1280, 60.0 fps, supportedRefreshRates [60.0], density 320, 294.967 x 306.716 dpi, appVsyncOff 0, presDeadline 17666667, touch INTERNAL, rotation 0, type BUILT_IN, state OFF, FLAG_DEFAULT_DISPLAY, FLAG_ROTATES_WITH_CONTENT, FLAG_SECURE, FLAG_SUPPORTS_PROTECTED_BUFFERS}
V/AudioPolicyEffects(  285): releaseOutputSessionEffects: no output processing was attached to this stream
I/AudioPolicyManager(  285): stopOutput() output 4, stream 1, session 31
I/AudioPolicyManager(  285): changeRefCount() stream 1, count 0
I/AudioPolicyManager(  285): setOutputDevice() setting same device 0000 or null device for output 4
I/qdhwcomposer(  260): handle_blank_event: dpy:0 panel power state: 0
E/qdutils (  260): int qdutils::getHDMINode(): Failed to open fb node 2
E/qdutils (  260): int qdutils::getHDMINode(): Failed to find HDMI node
D/qdhwcomposer(  260): hwc_setPowerMode: Done setting mode 0 on display 0
D/SurfaceControl( 1034): Excessive delay in setPowerMode(): 214ms
D/PowerManagerService( 1034): Excessive delay in !@display_state: OFF: 216ms
D/DisplayManagerService( 1034): !@display_state: OFF -> OFF
D/PowerManagerService( 1034): Excessive delay in !@display_state: OFF: 0ms
I/libsuspend( 1034): !@autosuspend_wakeup_count_enable
I/libsuspend( 1034): !@autosuspend_wakeup_count_enable done
D/InputDispatcher( 1034): Focus left window: 14120
D/InputDispatcher( 1034): Focus entered window: 1242
D/PointerIcon( 1034): setMouseIconStyle1 pointerType: 1001 iconType:101 flag:0 pid:1034 uid:1000
D/PointerIcon( 1034): setMouseCustomIcon IconType is same.101
D/DisplayPowerController( 1034): animateScreenStateChange[0]: target=1
D/DisplayPowerController( 1034): [Dual Screen Compatible] state[0] :1
D/AutomaticBrightnessController( 1034): [DAB] mLightSensor is null.
D/DisplayPowerController( 1034): getFinalBrightness : Summary is 0 -> 0
D/DisplayPowerController( 1034): performScreenOffTransition : no brightness animation
D/PowerManagerService( 1034): Excessive delay in DisplayManagerInternal.requestDesiredDisplayState: 280ms
I/PowerManagerService( 1034): [PWL] Off : 0s ago
I/PowerManagerService( 1034): [PWL]   PowerManagerService.WakeLocks: ref count=1
I/PowerManagerService( 1034): [PWL]     mWakeLockSummary : 0x1
I/PowerManagerService( 1034): [PWL]       PARTIAL_WAKE_LOCK              'AudioMix' (uid=1013, pid=0, ws=null) (elapsedTime=566)
I/PowerManagerService( 1034): [PWL]   PowerManagerService.Broadcasts: ref count=1
D/PowerManagerService( 1034): [api] setUserActivityTimeoutOverrideFromWindowManagerInternal: timeoutMillis: 10000
D/PowerManagerService( 1034): [api] setScreenDimDurationOverrideFromWindowManagerInternal: timeoutMillis: 0
V/ActivityManager( 1034): Display changed displayId=0
D/PhoneStatusBar( 1242): makeExpandedVisible:true
D/STATUSBAR-PhoneStatusBar( 1242):  mBrightnessEnablebySettings = true mBrightnessEnablebyBattery = true mBrightnessEnablebyDisableFlag = true mPmsBrightnessEnablebySettings = true
D/SSRM:a  ( 1034): DeviceInfo:: 00100000000
D/SSRM:a  ( 1034): SettingsAirViewInfo:: 000000000
D/BatteryMeterView( 1242): onDraw batteryColor : -1
D/STATUSBAR-QSTileView( 1242): dynamicallyReduceTextSize: 136
D/STATUSBAR-QSTileView( 1242): dynamicallyReduceTextSize: 136
D/STATUSBAR-QSTileView( 1242): dynamicallyReduceTextSize: 136
D/STATUSBAR-QSTileView( 1242): dynamicallyCutandReduceTextSize: 136
D/STATUSBAR-QSTileView( 1242): text: 
D/STATUSBAR-QSTileView( 1242): dynamicallyReduceTextSize: 136
D/STATUSBAR-QSTileView( 1242): dynamicallyReduceTextSize: 136
D/STATUSBAR-QSTileView( 1242): dynamicallyReduceTextSize: 136
D/STATUSBAR-QSTileView( 1242): dynamicallyReduceTextSize: 136
D/STATUSBAR-QSTileView( 1242): dynamicallyReduceTextSize: 136
D/STATUSBAR-QSTileView( 1242): dynamicallyCutandReduceTextSize: 136
D/STATUSBAR-QSTileView( 1242): text: 
D/STATUSBAR-QSTileView( 1242): dynamicallyReduceTextSize: 136
D/STATUSBAR-QSTileView( 1242): dynamicallyReduceTextSize: 136
D/STATUSBAR-QSTileView( 1242): dynamicallyReduceTextSize: 136
D/STATUSBAR-QSTileView( 1242): dynamicallyReduceTextSize: 136
D/PanelView( 1242): mCarrierLabel.setVisibility - mIsFullyOpened : false isShade : false !mIsUpwardFling : true !isCovered : true
D/PanelView( 1242): mCarrierLabel.setVisibility - mIsFullyOpened : false isShade : false !mIsUpwardFling : true !isCovered : true
D/PanelView( 1242): mCarrierLabel.setVisibility - mIsFullyOpened : false isShade : false !mIsUpwardFling : true !isCovered : true
D/KeyguardUpdateMonitor( 1242): handleKeyguardVisibilityChanged(1)
D/STATUSBAR-QSTileView( 1242): dynamicallyReduceTextSize: 136
D/PhoneStatusBar( 1242): disable: < expand ICONS alerts SYSTEM_INFO BACK* HOME* RECENT* CLOCK SEARCH* >
D/PhoneStatusBar( 1242): adjustDisableFlags:false, true, false, false, 1
D/PanelView( 1242): mCarrierLabel.setVisibility - mIsFullyOpened : false isShade : false !mIsUpwardFling : true !isCovered : true
D/VisualEffectParticleEffect( 1242): KeyguardEffectViewParticleSpace : onWindowFocusChanged - true
D/KeyguardUnlockEventHandler( 1242): reset()
D/KeyguardViewMediator( 1242): handleKeyguardDoneDrawing
E/OpenGLRenderer( 1242): GL error:  GL_INVALID_OPERATION
V/WindowStateAnimator( 1034): Finishing drawing window Window{2425bd2c u0 d0 StatusBar}: mDrawState=DRAW_PENDING
D/PanelView( 1242): mCarrierLabel.setVisibility - mIsFullyOpened : false isShade : false !mIsUpwardFling : true !isCovered : true
D/KeyguardViewMediator( 1242): handleKeyguardDoneDrawing
D/KeyguardViewMediator( 1242): handleKeyguardDoneDrawing
D/SecKeyguardClockView( 1242): updateCMASText() mOwnerInfo=android.widget.TextView{14b688f9 I.ED..C. ......ID 0,0-0,43 #7f0f02d9 app:id/keyguard_owner_info}
D/SecKeyguardClockView( 1242): disableNoti = false
D/Recents_AlternateRecentsComponent( 1242): onHideRecents is getting called
D/Recents_AlternateRecentsComponent( 1376): hideRecents
D/Recents_AlternateRecentsComponent( 1376): onHideRecents is getting called
D/PanelView( 1242): mCarrierLabel.setVisibility - mIsFullyOpened : false isShade : false !mIsUpwardFling : true !isCovered : true
D/Recents_RecentsTaskLoader( 1376): getAndUpdateThumbnail getTaskThumbnail
D/GpsLocationProvider( 1034): receive broadcast intent, action: android.intent.action.SCREEN_ON
D/FusedLocationReceiver( 1465): BroadcastReceiver : ACTION_SCREEN_ON
D/PersonaManagerService( 1034): ACTION_SCREEN_ON onReceive
W/ScoverManager( 1530): getCoverState : This device is not supported cover
D/PersonaManagerServiceHandler( 1034): MSG_ACTION_SCREEN_ON called
I/NfcService( 1530): BASIC ACTION_SCREEN_ON. So screenState is ON_LOCKED by isKeyguardLocked()
D/NfcService( 1530): call the applyRouting
D/[CMAPhone] ( 1938): {[44327C0A677D58ABD4F8F9C9E43649CFC4EC48A6CFE42757E34A575F95B14C5E3D7FAD9B9ADC2B5E86A4E596D53D22811F913121C95B60FA8AFE499B367F731D]}
D/[CMAPhone] ( 1938): {[F29214B6F3E3D48C14886E527D42C90F05281A3A987965674DA6833621F54CE62BF1E57E6DF31C0652DEA4D4F39A231B]}
D/[CMAPhone] ( 1938): {[3FA9CE6FBDA62ABC9A8F5C9307451C4F517222C5FFF7E4ABD181298B89348D78E401D54DB73CF54EA278C7FF3DCA3024]}
D/[CMAPhone] ( 1938): {[C1FF382571B61EB59DD921C84B4C25A46668C8746ED90A32FCE8F78B9F6AFFAD23E0EF439A97E0AC1849017AC952B326BFFE53B78FC25F0975159C32E619F44CAC549A8F48556C937CE1B69E1DDAB1D3]}
D/[CMAPhone] ( 1938): {[FF4CBAF49F4DCB35C87E88C26B56ED00349E5F512206C0A0C2F65EDAA3B198C8AE796B1EA732FA645DB89FD0185C89FE3587579989D4CB944B337933D2AE31C6AFF0CAF9155CBCBFC8FDFC02BDDF84BB]}
D/[CMAPhone] ( 1938): {[AAFB47C02BB4CABB11B0D3C04DF6B9C05177AFD27D4F43C4ACA089137F08E6D429D7C3C530361CB7CCCEC654EFC1FECF894E16634792477B1051CF241D87EC666E50EFD5C17D896C91F24AE6BD196531]}
D/[CMAPhone] ( 1938): {[4474D67FCCBDBAB857FF3ED9CD629234D88B7F1CF57B1604F7B56F0E790D7F83E526EF492929F1E356A134C7A2F6F8A940276E4B6F076B9B5C08FE6D219567EA]}
D/[CMAPhone] ( 1938): {[99ACEC17F13BEA71A4ADD4CB428ED710A4DFB6F288C1A983D3AB379AAC170229B0A2E775C34D7E10E73C2C1B3A834952867E43E1B278F47432E9649AB2FAB73A]}
D/[CMAPhone] ( 1938): {[C6F9727B3039549C04B82FD4645BAB220736CF8755AF3958DCB298572C682C9A9D8A8D63D8DD7F697EF0B2BB20CC8560A32774F23D49577CA07DEFC9F6D3F95E]}
D/[CMAPhone] ( 1938): {[C56AA8ECA18F98606D50814C89E2D27C6998E55F5E79762C00F687E89C2BEA277B4AD0C4755213B0EFE47964D4B65B08]}
D/[CMAPhone] ( 1938): {[3FA9CE6FBDA62ABC9A8F5C9307451C4F517222C5FFF7E4ABD181298B89348D78E401D54DB73CF54EA278C7FF3DCA3024]}
D/[CMAPhone] ( 1938): {[1DE4213D836767A42432715119C7A148665F66DBF74B11A63F20B768684E320664CEE7AA5770BF53BF26C90576FE501D6B1026DD5489A94BD628909A368D4A83]}
D/[CMAPhone] ( 1938): {[5416B6AB03C87294D9ED87550697C26526280E6C136FF6E6806318664910F9C1F986F8E3C486B03BCE2345E1C010401D1E5735039A6C0E58D3ED924E86E82D01]}
E/NxpNfcJni( 1530): getReconnectState = 0x0
D/[CMAPhone] ( 1938): {[EFD10FCFA5A229FCFA577690909995E47EC1B7D704301FF0081203BAA73B12B7AFDD6ED2DB6A0DE2418D927C1AC7F71F]}
D/[CMAPhone] ( 1938): {[5CBF6308F26366769FFFB11141111F22529928DD3E2D7784E0B3722E209E20F67376880A19D0B595C61AC53F33F83CC1]}
D/[CMAPhone] ( 1938): {[54BCC25FBC6768E65FEDE168E6274DBB50B13B97BA943CE56FE00468DE407BE0057E0D545DE07E0C9DCA1E3292B94BCBB934B5CADC0642147A99415D152D14BC0ACE5CA5AA3AEA7C2ADED19EE60912AA]}
E/Minikin ( 1938): addFont failed to create font 
D/[CMAPhone] ( 1938): {[807B768DD967F021F08DB3E3873C61D3B0C777E3624214C17C99E76CA57B5CD92FB75D9E13447CBCE81E9A6170B1E1A8]}
D/[CMAPhone] ( 1938): {[A65F5740A85C8EF6D1CE10EBEFACE86D0294A9ACD7FCE9958B75D8458FA910689C013929CE4DADEED43D1A8020C28499]}
D/[CMAPhone] ( 1938): {[EFD10FCFA5A229FCFA577690909995E47EC1B7D704301FF0081203BAA73B12B7AFDD6ED2DB6A0DE2418D927C1AC7F71F]}
E/NxpNfcJni( 1530): getReconnectState = 0x0
E/NfcNfa  ( 1530): UICC/ESE[0x402] is not activated
D/NfcService( 1530): index : 0
D/NfcService( 1530): index : 1
D/[CMAPhone] ( 1938): {[3FA9CE6FBDA62ABC9A8F5C9307451C4F517222C5FFF7E4ABD181298B89348D78E401D54DB73CF54EA278C7FF3DCA3024]}
D/[CMAPhone] ( 1938): {[8AE4F488CF66091422FD5C78F5A104EE82C45EA25D2C49BB4B8DD76990BDDA6B02904D89E5A52F9ABB0844B047FECFBF]}
D/SSRM:a  ( 1034): DeviceInfo:: 00110000000
D/SSRM:a  ( 1034): SettingsAirViewInfo:: 000000000
D/EnhancedDataManagementService( 2048): onReceive with intent : android.intent.action.SCREEN_ON
D/SSRM:n  ( 1034): SIOP:: AP = 370, CUR = -3, LCD = 0
D/[zero daemon] ( 1329): {[BC21B34B88A20EA5822C8C20EF5DDD55D3F558D2B40B6148AA902B8E755F2C7F]}
D/ActivityManager( 1034): isDeviceAdminActiveApp false :com.sec.android.daemonapp
D/ActivityManager( 1034): isAutoRunBlockedApp:: com.sec.android.daemonapp, Auto Run ON
V/BroadcastQueue( 1034): [background] Process cur broadcast BroadcastRecord{2a19b473 u-1 com.samsung.ssrm.SCREEN_ON qIdx=4} DELIVERED for app ProcessRecord{236e6f98 1329:com.sec.android.daemonapp/u0a100}
D/[zero daemon] ( 1329): {[8789C083E82D8E1F2FE32DACFF2426AFFD5F92D84A9FD33C911ADFBB974B2D45]}
D/[zero daemon] ( 1329): {[03CCBD8E216B8AAF7FB41A36678DB460592382D4021C3B041B748AE95F0D6A8C]}
D/LightsService( 1034): [api] [SvcLED] setFlashing :: id = 4, color = 0, mode = 14, onMS = 0, offMS = 0,  (uid: 1000 pid: 1034) 
D/LightsService( 1034): [api] [SvcLED] LED indicator : Not supported.
D/BatteryService( 1034): turn on LED for fully charged
D/[zero daemon] ( 1329): {[3B333B04C1FFD890E90D5EA27D338429C3176B730DB2D91614B92596449E11DF]}
I/StatusBar( 1242): Icon Only
D/[zero daemon] ( 1329): {[908160387EB28735CDF27ED8FF956F6CEAC288AA20CDFBE1C1E4943840AE7B003846BD6367A5253C519F16D049051142]}
D/[zero daemon] ( 1329): {[C6B53529A4E9A61B6E9DFAC2EC352F35413B8423020D39F21C4F88CE3B9B87CFDCC0B81B0A5ED41F6DFA9549B8ADE1F4BACF4D40B7B8E99052DE9FA88E767D1DEF99F3B50EBB0BE2EA7D97147503802808B0F46342E4D32B53ACCA63815BEAA3E6A19B15B6D34AFADF3249A820F62444]}
I/[zero daemon] ( 1329): {[A32E1AC369E42B6168CFC8ECFBFA9951C42133C77ADF9B218D854990F6269E396BCB11BEB3F5B339C9A8D47415526840]}
D/MotionRecognitionService( 1034): mReceiver.onReceive : ACTION_SCREEN_OFF
D/[zero daemon] ( 1329): {[C6B53529A4E9A61B6E9DFAC2EC352F35413B8423020D39F21C4F88CE3B9B87CFDCC0B81B0A5ED41F6DFA9549B8ADE1F4BACF4D40B7B8E99052DE9FA88E767D1DEF99F3B50EBB0BE2EA7D97147503802808B0F46342E4D32B53ACCA63815BEAA3E6A19B15B6D34AFADF3249A820F62444]}
D/StatusBar( 1242): getNumberOfActiveSim: 1
I/[zero daemon] ( 1329): {[A32E1AC369E42B6168CFC8ECFBFA9951C42133C77ADF9B218D854990F6269E396BCB11BEB3F5B339C9A8D47415526840]}
W/CoverManager( 1034): getCoverState : This device is not supported cover
D/[zero daemon] ( 1329): {[C6B53529A4E9A61B6E9DFAC2EC352F35413B8423020D39F21C4F88CE3B9B87CFDCC0B81B0A5ED41F6DFA9549B8ADE1F4BACF4D40B7B8E99052DE9FA88E767D1DEF99F3B50EBB0BE2EA7D97147503802808B0F46342E4D32B53ACCA63815BEAA3ED276C39FA95340FD01BAF963F21FFFB]}
D/PanelView( 1242): There is/are notification(s) 
I/[zero daemon] ( 1329): {[A32E1AC369E42B6168CFC8ECFBFA9951C42133C77ADF9B218D854990F6269E396BCB11BEB3F5B339C9A8D47415526840]}
E/WifiNative-wlan0( 1034): do suspend true
D/audio_hw_primary(  285): adev_set_parameters: enter: screen_state=off
V/voice   (  285): voice_set_parameters: enter: screen_state=off
V/voice   (  285): voice_set_parameters: exit with code(-2)
V/msm8974_platform(  285): platform_set_parameters: enter: screen_state=off
V/msm8974_platform(  285): platform_set_parameters: exit with code(-2)
D/audio_hw_hfp(  285): audio_extn_hfp_set_parameters: enter
V/audio_hw_primary(  285): adev_set_parameters: exit
D/[zero daemon] ( 1329): {[59D0AF3CFAA025CB5816A12D3F64F68F24533CD09F388B8CCE84CCCAB5F2B4D23C15EF64D114466B398963A86A333025B1F1639A58BC6726B74AFA20EECD6405]}
D/NotificationService( 1034): ACTION_SCREEN_OFF
D/MotionRecognitionService( 1034): Screen off setAccIntStatus
D/LightsService( 1034): [api] [SvcLED] turnOff:: id = 5 (uid: 1000 pid: 1034) 
D/LightsService( 1034): [api] [SvcLED] LED indicator : Not supported.
E/MotionRecognitionService( 1034): handler : SCREEN_OFF end
D/[zero daemon] ( 1329): {[48FB64758F0CCCCA96AAED4BD13C795CB0DB1BB9876E2E3B9C811DC016ED0F3B30E72885FCAF1B653F0229082BD5BD40BD761A6FE7553A554CA971F240AE8D04C4B11130D0507A1E34F20BC95E0A614C111296055329C1B880B82CADC05CD2FDA8704761D7B4230B6F6E5A01EF7FB9DD]}
D/[zero daemon] ( 1329): {[4DCBFD37265D4724AEB97273938FF09AD5C998F70EFCE83E6289B9A5B4CE8AEA46113028C65C85265570A190365658835A912CA870ED6C8F612DDFFE70F0D2AE]}
D/[zero daemon] ( 1329): {[C83DFF45438A3A2275F86659CC9B3CE70AAFC6F52CCEA0FD12EAEDA6E2FEF8086D43C1403706BA11D39ED34F9BF70E8E479FD20183B280AFF19503318ACFFA78AE3BE949809989ABC2591B8428E534B0FFE5C56161444C80AF9C4C7FDB9720CFF7D7229F0369811B209B6DA4507CAA40]}
D/[zero daemon] ( 1329): {[529C5CB2D6D856970C61F34BC825E824442E07D715A84FA07CD0D9620EF286F4B62575F74208CCF87B39E419F98133560DAA8102E6768C6FF8B43C374B113DD6]}
D/[zero daemon] ( 1329): {[DF9E38FE431CEF5F4D269B82866718B23D45951A54580FA0E78AF07EFE6BE5158D62E96C95D84C30C333D713384D4C6E1CACA52A2064588BC03A1028E99E76D8]}
D/[zero daemon] ( 1329): {[C6B53529A4E9A61B6E9DFAC2EC352F35413B8423020D39F21C4F88CE3B9B87CFDCC0B81B0A5ED41F6DFA9549B8ADE1F4BACF4D40B7B8E99052DE9FA88E767D1DEF99F3B50EBB0BE2EA7D97147503802808B0F46342E4D32B53ACCA63815BEAA3E6A19B15B6D34AFADF3249A820F62444]}
I/[zero daemon] ( 1329): {[A32E1AC369E42B6168CFC8ECFBFA9951C42133C77ADF9B218D854990F6269E39BD1DFD8FE5406161EB812B412E9E41FA]}
I/BackgroundCompactionService( 1034): Schedule Type1 BGCompaction
D/[zero daemon] ( 1329): {[4AADB667A79B5D7A120EF857D9FC325944C1A4E170A82A09F4873E45716BB18D163727774B07DE8308B90E6825E47C43765FA8BEF89704C5F549645070AAA95C]}
D/[zero daemon] ( 1329): {[D832F80B4AEEE09680E67026996FFF0F294862C41118153A2F7AB374BA9A2BE512497A23663A6984EEA3CE51C0636953]}
D/[zero daemon] ( 1329): {[C96E6702192DEEB28129F14AFDD0225990FB98FFDD49C58FB1B8B4BE1A9081082BB13DA6BCD2FFDF2722711EBF71C41D]}
D/[zero daemon] ( 1329): {[C6B53529A4E9A61B6E9DFAC2EC352F35413B8423020D39F21C4F88CE3B9B87CFDCC0B81B0A5ED41F6DFA9549B8ADE1F4BACF4D40B7B8E99052DE9FA88E767D1DEF99F3B50EBB0BE2EA7D97147503802808B0F46342E4D32B53ACCA63815BEAA3661D49CEEC71D712BCDD095687E1082A]}
I/[zero daemon] ( 1329): {[A32E1AC369E42B6168CFC8ECFBFA9951C42133C77ADF9B218D854990F6269E396BCB11BEB3F5B339C9A8D47415526840]}
D/[zero daemon] ( 1329): {[3823819AE3FDECACF5DD18132157B40210EF2D7392B530E053129BC37D1AA03072C36758476E6533D5D6FB77B37B4451]}
D/[zero daemon] ( 1329): {[BC21B34B88A20EA5822C8C20EF5DDD55D3F558D2B40B6148AA902B8E755F2C7F]}
D/GpsLocationProvider( 1034): receive broadcast intent, action: android.intent.action.SCREEN_OFF
D/[zero daemon] ( 1329): {[8789C083E82D8E1F2FE32DACFF2426AFFD5F92D84A9FD33C911ADFBB974B2D45]}
D/[zero daemon] ( 1329): {[03CCBD8E216B8AAF7FB41A36678DB460592382D4021C3B041B748AE95F0D6A8C]}
D/FusedLocationReceiver( 1465): BroadcastReceiver : ACTION_SCREEN_OFF
D/PersonaManagerService( 1034): ACTION_SCREEN_OFF onReceive
D/[zero daemon] ( 1329): {[3B333B04C1FFD890E90D5EA27D338429C3176B730DB2D91614B92596449E11DF]}
D/PersonaManagerServiceHandler( 1034): MSG_ACTION_SCREEN_OFF called
D/[zero daemon] ( 1329): {[908160387EB28735CDF27ED8FF956F6CEAC288AA20CDFBE1C1E4943840AE7B003846BD6367A5253C519F16D049051142]}
D/[zero daemon] ( 1329): {[55E46F0C3F66C3D88F486F50D582C9E51BB642E2782496D6BE480557F8F302B9]}
D/NfcService( 1530): call the applyRouting
D/[zero daemon] ( 1329): {[C6B53529A4E9A61B6E9DFAC2EC352F35413B8423020D39F21C4F88CE3B9B87CFDCC0B81B0A5ED41F6DFA9549B8ADE1F4BACF4D40B7B8E99052DE9FA88E767D1DEF99F3B50EBB0BE2EA7D97147503802808B0F46342E4D32B53ACCA63815BEAA3661D49CEEC71D712BCDD095687E1082A]}
I/[zero daemon] ( 1329): {[A32E1AC369E42B6168CFC8ECFBFA9951C42133C77ADF9B218D854990F6269E396BCB11BEB3F5B339C9A8D47415526840]}
E/NxpNfcJni( 1530): getReconnectState = 0x0
W/ActivityManager( 1034): getRunningAppProcesses: caller 10100 does not hold REAL_GET_TASKS; limiting output
D/ActivityManager( 1034): isDeviceAdminActiveApp false :com.samsung.android.SettingsReceiver
D/ActivityManager( 1034): isAutoRunBlockedApp:: com.samsung.android.SettingsReceiver, Auto Run ON
I/BatteryStatsDumper( 1034): In refreshStats isReason Screen ON/OFF: true
V/BroadcastQueue( 1034): [background] Process cur broadcast BroadcastRecord{25ba47a9 u-1 com.samsung.settings.action.directaccess.CLOSE_DIALOG qIdx=4} DELIVERED for app ProcessRecord{2be39725 9779:com.samsung.android.SettingsReceiver/1000}
D/BatteryStatsImpl( 1034): poolsize= 1, curBatteryRealtime= 3427000, mUpdateTime= 0, mTimeout= 0, mNesting= 0, mTotalTime= 0
E/NxpNfcJni( 1530): getReconnectState = 0x0
E/NxpNfcJni( 1530): getRouting failed. status=0x00
D/NxpNfcJni( 1530): processGetRoutingRsp : Enter
D/NfcService( 1530): index : 0
D/NfcService( 1530): index : 1
D/[CMAPhone] ( 1938): {[44327C0A677D58ABD4F8F9C9E43649CFC4EC48A6CFE42757E34A575F95B14C5E3D7FAD9B9ADC2B5E86A4E596D53D2281948D84517AD7F0A3A840BC025727FFC9]}
D/[CMAPhone] ( 1938): {[C59DD3E68837FD1F4B9E672D6C5046BB9FD6D568F0F21C08831C6F0340E4F80E85E6DFE2D59FF5653D63A8CFD4C75510]}
D/BatteryStatsImpl( 1034): poolsize= 1, curBatteryRealtime= 3427000, mUpdateTime= 0, mTimeout= 0, mNesting= 0, mTotalTime= 0
D/PanelView( 1242): mCarrierLabel.setVisibility - mIsFullyOpened : false isShade : false !mIsUpwardFling : true !isCovered : true
D/[CMAPhone] ( 1938): {[3FA9CE6FBDA62ABC9A8F5C9307451C4F517222C5FFF7E4ABD181298B89348D78E401D54DB73CF54EA278C7FF3DCA3024]}
I/BatteryStatsDumper( 1034): Screen bin #0: time=3427 power=0.03617388888888889
I/BatteryStatsDumper( 1034): Screen bin #1: time=0 power=0.0
I/BatteryStatsDumper( 1034): Screen bin #2: time=0 power=0.0
I/BatteryStatsDumper( 1034): Screen bin #3: time=0 power=0.0
I/BatteryStatsDumper( 1034): Screen bin #4: time=0 power=0.0
I/BatteryStatsDumper( 1034): Previous Battery Level: 100 Current Level: 100 Delta: 0
D/BatteryStatsImpl( 1034): poolsize= 1, curBatteryRealtime= 3427000, mUpdateTime= 0, mTimeout= 0, mNesting= 0, mTotalTime= 0
D/EnhancedDataManagementService( 2048): onReceive with intent : android.intent.action.SCREEN_OFF
E/LibSecureUISvc( 2129): svc_sock_send_message(suisvc): Error sending data, -1 vs 4: Connection refused
D/SSRM:n  ( 1034): SIOP:: AP = 370, CUR = -3, LCD = 0
W/ActivityManager( 1034): getTasks: caller 10114 does not hold REAL_GET_TASKS; limiting output
D/Recents_RecentsActivity( 1376): ACTION_OFF is getting called
D/Recents_RecentsActivity( 1376): dismissRecentsToHome is getting called animated=false
D/PowerManagerService( 1034): [PWL] sb release: PowerManagerService.Broadcasts
I/BatteryStatsDumper( 1034): Writing to database completed
D/PasswordUnlockScreen( 1242): setHintOrMessageText()
W/ContextImpl( 1034): Calling a method in the system process without a qualified user: android.app.ContextImpl.sendBroadcast:1748 b.B.a:-1 b.B.a:-1 b.D.run:-1 android.os.Handler.handleCallback:739 
D/ActivityManager( 1034): isDeviceAdminActiveApp false :com.samsung.android.sm
D/ActivityManager( 1034): isAutoRunBlockedApp:: com.samsung.android.sm, Auto Run ON
V/BroadcastQueue( 1034): [background] Process cur broadcast BroadcastRecord{75124cf u0 com.samsung.android.sm.lowpowercontext.START_ANALYSIS qIdx=4} DELIVERED for app ProcessRecord{1dddee5c 26135:com.samsung.android.sm/1000}
D/ApplicationPackageManager( 1034): getResourcesForApplication com.android.bluetooth got new pi = android.app.LoadedApk@237e323a
D/ApplicationPackageManager( 1034): getResourcesForApplication com.sec.android.app.soundalive got new pi = android.app.LoadedApk@22e53eeb
D/ApplicationPackageManager( 1034): getResourcesForApplication com.sec.android.app.bluetoothtest got new pi = android.app.LoadedApk@9899448
D/ResourcesManager( 1034): For user 0 new overlays fetched Null
D/ResourcesManager( 1034): For user 0 new overlays fetched Null
D/ResourcesManager( 1034): For user 0 new overlays fetched Null
D/ApplicationPackageManager( 1034): getResourcesForApplication com.sec.android.app.music got new pi = android.app.LoadedApk@327242e1
D/ApplicationPackageManager( 1034): getResourcesForApplication com.sec.android.daemonapp got new pi = android.app.LoadedApk@260d3806
D/ResourcesManager( 1034): For user 0 new overlays fetched [/data/overlays/style/com.samsung.colorful_indie/com.samsung.colorful_indie.common.apk]
D/ResourcesManager( 1034): For user 0 new overlays fetched Null
D/ApplicationPackageManager( 1034): getResourcesForApplication com.sec.imsservice got new pi = android.app.LoadedApk@1556dec7
D/ApplicationPackageManager( 1034): getResourcesForApplication com.bst.spamcall got new pi = android.app.LoadedApk@22c7acf4
D/ResourcesManager( 1034): For user 0 new overlays fetched Null
D/ResourcesManager( 1034): For user 0 new overlays fetched Null
D/ApplicationPackageManager( 1034): getResourcesForApplication com.sec.enterprise.mdm.services.simpin got new pi = android.app.LoadedApk@1e6f2c1d
D/ApplicationPackageManager( 1034): getResourcesForApplication com.samsung.aasaservice got new pi = android.app.LoadedApk@1034ce92
D/ResourcesManager( 1034): For user 0 new overlays fetched Null
D/ResourcesManager( 1034): For user 0 new overlays fetched Null
D/ApplicationPackageManager( 1034): getResourcesForApplication com.sec.android.widgetapp.ap.hero.cmaweather got new pi = android.app.LoadedApk@1458a063
D/ApplicationPackageManager( 1034): getResourcesForApplication com.android.incallui got new pi = android.app.LoadedApk@1a2ca460
D/ResourcesManager( 1034): For user 0 new overlays fetched [/data/overlays/style/com.samsung.colorful_indie/com.samsung.colorful_indie.common.apk]
D/ApplicationPackageManager( 1034): getResourcesForApplication com.samsung.sec.android.application.csc got new pi = android.app.LoadedApk@1576d19
D/ApplicationPackageManager( 1034): getResourcesForApplication com.baidu.map.location got new pi = android.app.LoadedApk@2fcd41de
D/ResourcesManager( 1034): For user 0 new overlays fetched Null
D/ResourcesManager( 1034): For user 0 new overlays fetched Null
D/ApplicationPackageManager( 1034): getResourcesForApplication com.samsung.android.themecenter got new pi = android.app.LoadedApk@342adfbf
D/ApplicationPackageManager( 1034): getResourcesForApplication com.samsung.android.MtpApplication got new pi = android.app.LoadedApk@1327a68c
D/ResourcesManager( 1034): For user 0 new overlays fetched Null
D/ResourcesManager( 1034): For user 0 new overlays fetched [/data/overlays/style/com.samsung.colorful_indie/com.samsung.colorful_indie.common.apk]
D/ApplicationPackageManager( 1034): getResourcesForApplication com.android.server.telecom got new pi = android.app.LoadedApk@18e8c1d5
D/ApplicationPackageManager( 1034): getResourcesForApplication com.eg.android.AlipayGphone got new pi = android.app.LoadedApk@5e79dea
D/ResourcesManager( 1034): For user 0 new overlays fetched Null
D/ApplicationPackageManager( 1034): getResourcesForApplication com.tencent.engine got new pi = android.app.LoadedApk@22b7b8db
D/ResourcesManager( 1034): For user 0 new overlays fetched Null
D/ApplicationPackageManager( 1034): getResourcesForApplication com.android.stk got new pi = android.app.LoadedApk@16ee9f78
D/ApplicationPackageManager( 1034): getResourcesForApplication com.android.stk got new pi = android.app.LoadedApk@16ee9f78
D/ResourcesManager( 1034): For user 0 new overlays fetched Null
D/ResourcesManager( 1034): For user 0 new overlays fetched Null
D/ApplicationPackageManager( 1034): getResourcesForApplication com.sec.location.nsflp got new pi = android.app.LoadedApk@700a651
D/ApplicationPackageManager( 1034): getResourcesForApplication com.android.providers.media got new pi = android.app.LoadedApk@2199aeb6
D/ResourcesManager( 1034): For user 0 new overlays fetched Null
D/ResourcesManager( 1034): For user 0 new overlays fetched [/data/overlays/style/com.samsung.colorful_indie/com.samsung.colorful_indie.common.apk]
D/ApplicationPackageManager( 1034): getResourcesForApplication com.sec.EnhancedDataManagement got new pi = android.app.LoadedApk@386f07b7
D/ApplicationPackageManager( 1034): getResourcesForApplication com.android.stk2 got new pi = android.app.LoadedApk@a2a3b24
D/ResourcesManager( 1034): For user 0 new overlays fetched Null
D/ApplicationPackageManager( 1034): getResourcesForApplication com.android.stk2 got new pi = android.app.LoadedApk@a2a3b24
D/ApplicationPackageManager( 1034): getResourcesForApplication com.android.phone got new pi = android.app.LoadedApk@13d8568d
D/ResourcesManager( 1034): For user 0 new overlays fetched Null
D/ResourcesManager( 1034): For user 0 new overlays fetched Null
D/ApplicationPackageManager( 1034): getResourcesForApplication com.qualcomm.qti.services.secureui got new pi = android.app.LoadedApk@1b8a0042
D/ResourcesManager( 1034): For user 0 new overlays fetched Null
V/audio_hw_primary(  285): out_standby: enter: usecase(1: low-latency-playback)
V/audio_hw_primary(  285): stop_output_stream: enter: usecase(1: low-latency-playback)
V/audio_hw_primary(  285): disable_audio_route: enter: usecase(1)
V/audio_hw_primary(  285): disable_audio_route: reset mixer path: low-latency-playback
D/audio_route(  285): ++++ audio_route_update_mixer ==============
D/audio_route(  285): Setting mixer control: PRI_MI2S_RX Audio Mixer MultiMedia5, value: 0
D/audio_route(  285): ------ audio_route_update_mixer ==============
V/audio_hw_primary(  285): disable_audio_route: exit
D/hardware_info(  285): hw_info_append_hw_type : device_name = speaker
V/audio_hw_primary(  285): disable_snd_device: snd_device(2: speaker)
D/audio_route(  285): ++++ audio_route_update_path ==============
D/audio_route(  285): Setting mixer control: SPK DAC Switch, value: 0
D/audio_route(  285): Setting mixer control: RX3 MIX1 INP2, value: 0
D/audio_route(  285): Setting mixer control: RX3 MIX1 INP1, value: 0
D/audio_route(  285): Setting mixer control: MI2S_RX Channels, value: 0
D/audio_route(  285): ---- audio_route_update_path ==============
V/audio_hw_primary(  285): stop_output_stream: exit: status(0)
V/audio_hw_primary(  285): out_standby: exit
V/AlarmManager( 1034): waitForAlarm result :8
I/PowerManagerService( 1034): [PWL] Off : 5s ago
D/ApplicationPackageManager(26135): getResourcesForApplication com.android.contacts got new pi = android.app.LoadedApk@39ba2f60
D/ApplicationPackageManager(26135): getResourcesForApplication com.sec.android.gallery3d got new pi = android.app.LoadedApk@12f59c19
D/ResourcesManager(26135): For user 0 new overlays fetched [/data/overlays/style/com.samsung.colorful_indie/com.samsung.colorful_indie.common.apk]
D/ApplicationPackageManager(26135): getResourcesForApplication com.android.contacts got new pi = android.app.LoadedApk@39ba2f60
D/ApplicationPackageManager(26135): getResourcesForApplication com.samsung.android.email.ui got new pi = android.app.LoadedApk@3c7944de
D/ApplicationPackageManager(26135): getResourcesForApplication com.android.mms got new pi = android.app.LoadedApk@145226bf
D/ResourcesManager(26135): For user 0 new overlays fetched [/data/overlays/style/com.samsung.colorful_indie/com.samsung.colorful_indie.common.apk]
D/ResourcesManager(26135): For user 0 new overlays fetched [/data/overlays/style/com.samsung.colorful_indie/com.samsung.colorful_indie.common.apk]
D/ApplicationPackageManager(26135): getResourcesForApplication com.android.settings got new pi = android.app.LoadedApk@2582e18c
D/ResourcesManager(26135): For user 0 new overlays fetched [/data/overlays/style/com.samsung.colorful_indie/com.samsung.colorful_indie.common.apk]
D/ApplicationPackageManager(26135): getResourcesForApplication com.sec.android.app.sbrowser got new pi = andr