E/File    (18433): fail readDirectory() errno=13
D/SamsungIME( 4949): onStartInput: No inputType, No imeOption, isInputViewShown = false, isExtractViewShown = false, isShowInputRequested = false, isConfigChanged = false
E/File    (18433): fail readDirectory() errno=13
I/InputDispatcher( 1034): Delivering touch to (1242): action: 0x4, toolType: 0
I/InputDispatcher( 1034): Delivering touch to (14120): action: 0x0, toolType: 0
E/File    (18433): fail readDirectory() errno=13
I/InputDispatcher( 1034): Delivering touch to (14120): action: 0x1, toolType: 0
E/File    (18433): fail readDirectory() errno=13
D/ViewRootImpl(14120): ViewPostImeInputStage ACTION_DOWN
E/File    (18433): fail readDirectory() errno=13
I/InputDispatcher( 1034): Delivering key to (14120): action: 0x0 (0)
E/File    (18433): fail readDirectory() errno=13
D/InputDispatcher( 1034): Waiting for application to become ready for input: 14120.  Reason: Waiting to send key event because the focused window has not finished processing all of the input events that were previously delivered to it.  Outbound queue length: 0.  Wait queue length: 1.
W/CoverManager( 1034): getCoverState : This device is not supported cover
D/SecVolumePanel.04d0d0ea( 1242): onVolumeChanged(streamType: 2, flags: 1)
D/SecVolumePanel( 1242): phoneIsOffhook : phoneOffhook = false
D/SecVolumePanel( 1242): Call setMode(ProgressBar.MODE_STANDARD)_#4
D/SecVolumePanel( 1242): call sc_music.seekbarView.setMax(150)
D/SecVolumePanel( 1242): onVolumeChanged : call reorderSliders
D/SecVolumePanel( 1242): updateSliderProgress : progress = -1
I/FMRadioService( 1034): *** mReceiver: VOLUME_CHANGED_ACTION
I/FMRadioService( 1034):    stream: 2
I/FMRadioService( 1034):    volume: 0
I/FMRadioService( 1034):    current_stream_volume: 7
W/AudioService( 1034): stream was not muted by this client
E/AudioService( 1034): Could not get client death handler for stream: 2
W/AudioService( 1034): stream was not muted by this client
E/AudioService( 1034): Could not get client death handler for stream: 8
I/InputDispatcher( 1034): Delivering key to (14120): action: 0x1 (0)
E/File    (18433): fail readDirectory() errno=13
D/SecVolumePanel( 1242): updateSliderProgress : progress = -1
D/SecVolumePanel( 1242): updateSliderProgress : converted mediaVolume index = 150
W/CoverManager( 1034): getCoverState : This device is not supported cover
I/FMRadioService( 1034): *** mReceiver: VOLUME_CHANGED_ACTION
I/FMRadioService( 1034):    stream: 2
I/FMRadioService( 1034):    volume: 0
I/FMRadioService( 1034):    current_stream_volume: 7
D/SecVolumePanel( 1242): addOtherVolumes stream : 3
D/SecVolumePanel( 1242): updateSliderProgress : progress = -1
D/SecVolumePanel( 1242): addOtherVolumes stream : 5
D/SecVolumePanel( 1242): updateSliderProgress : progress = -1
D/SecVolumePanel( 1242): addOtherVolumes stream : STREAM_SYSTEM
D/SecVolumePanel.04d0d0ea( 1242): onShowVolumeChanged(streamType: 2, flags: 1), index: 0
D/RingtoneManager( 1242): getActualDefaultRingtoneUri  type    :1
D/RingtoneManager( 1242): checkDefaultRingtoneProperUri : InternalMediaAudio uriString not null type:1
D/SecVolumePanel( 1242): updateSliderProgress : progress = 0
W/ScoverManager( 1242): getCoverState : This device is not supported cover
D/SecVolumePanel( 1242): state is null 
D/SecVolumePanel( 1242): setSeekbarSlidingAnimation(): Call sc.seekbarView.setSlidingAnimation: enable = false
D/SecVolumePanel( 1242): setSeekbarSlidingAnimation(): Call sc.seekbarView.setSlidingAnimation: enable = false
D/SecVolumePanel( 1242): setSeekbarSlidingAnimation(): Call sc.seekbarView.setSlidingAnimation: enable = false
D/SecVolumePanel( 1242): setSeekbarSlidingAnimation(): Call sc.seekbarView.setSlidingAnimation: enable = false
W/ScoverManager( 1242): getCoverState : This device is not supported cover
D/SecVolumePanel( 1242): state is null 
D/SecVolumePanel( 1242): onShowVolumeChanged: Cover is opened
D/SecVolumePanel( 1242): ===== Start updateLayout =====
W/ScoverManager( 1242): getCoverState : This device is not supported cover
D/SecVolumePanel( 1242): state is null 
D/SecVolumePanel( 1242): updateLayout : lp.width = 636, lp.y = 96
D/SecContentProvider2( 1034): query(), uri = 14 selection = getVolumePanelEnabledState
D/SecVolumePanel( 1242): onShowVolumeChanged : call setStreamTypeForLogging
D/SecVolumePanel( 1242): setStreamTypeForLogging : mExtraForRingerMode = Ringtone
D/SecVolumePanel( 1242): onVolumeChanged : call resetTimeout()
D/SecVolumePanel.04d0d0ea( 1242): resetTimeout at 1500520687120 delay=3000 touchExploration=false
D/SecVolumePanel( 1242): resetTimeout : call sendEmptyMessageDelayed : MSG_TIMEOUT
D/PhoneWindow( 1242): *FMB* isFloatingMenuEnabled mFloatingMenuBtn : null
D/PhoneWindow( 1242): *FMB* isFloatingMenuEnabled return false
I/SurfaceFlinger(  260): id=302 createSurf (97x97),1 flag=4, TecVolumePa
D/SecVolumePanel.04d0d0ea( 1242): onVolumeChanged(streamType: 2, flags: 4)
D/SecVolumePanel( 1242): onVolumeChanged : useSlidingAnimation = true
D/SecVolumePanel( 1242): onVolumeChanged: Call setSeekbarSlidingAnimation(true)
D/SecVolumePanel( 1242): setSeekbarSlidingAnimation(): Call sc.seekbarView.setSlidingAnimation: enable = true
D/SecVolumePanel( 1242): setSeekbarSlidingAnimation(): Call sc.seekbarView.setSlidingAnimation: enable = true
D/SecVolumePanel( 1242): setSeekbarSlidingAnimation(): Call sc.seekbarView.setSlidingAnimation: enable = true
D/SecVolumePanel( 1242): setSeekbarSlidingAnimation(): Call sc.seekbarView.setSlidingAnimation: enable = true
D/SecVolumePanel( 1242): phoneIsOffhook : phoneOffhook = false
D/SecVolumePanel( 1242): Call setMode(ProgressBar.MODE_STANDARD)_#4
D/SecVolumePanel( 1242): onVolumeChanged : call resetTimeout()
D/SecVolumePanel.04d0d0ea( 1242): resetTimeout at 1500520687148 delay=3000 touchExploration=false
D/SecVolumePanel( 1242): resetTimeout : call sendEmptyMessageDelayed : MSG_TIMEOUT
D/SecVolumePanel( 1242): sound : new SoundPool
W/SoundPool( 1242): Sample was not loaded. Waiting for 30ms.
W/SoundPool( 1242): Sample was not loaded. Waiting for 30ms.
W/SoundPool( 1242): Sample was not loaded. Waiting for 30ms.
W/SoundPool( 1242): Sample was not loaded. Waiting for 30ms.
W/SoundPool( 1242): Sample was not loaded. Waiting for 30ms.
E/SoundPool( 1242):   sample 1 not READY
V/MediaPlayer( 1242): decode(80, 0, 5515)
V/MediaPlayerService(  285): decode(49, 0, 5515)
V/MediaPlayerService(  285): player type = 4
V/NuPlayerDriver(  285): NuPlayerDriver(0xb8a4f5d0)
V/NuPlayerDriver(  285): setDataSource(0xb8a4f5d0) file(49)
V/GenericSource(  285): setDefault
V/NuPlayer(  285): kWhatSetAudioSink
V/NuPlayer(  285): kWhatSetDataSource
V/MediaPlayerService(  285): prepare
V/NuPlayerDriver(  285): prepareAsync(0xb8a4f5d0)
V/MediaPlayerService(  285): wait for prepare
V/GenericSource(  285): prepareAsync
V/GenericSource(  285): [Flag] set 0x8 -> mFlags = 0x8
V/GenericSource(  285): onPrepareAsync
I/OggExtractor(  285): OggSource::OggSource() mExtractor ref count = 4
I/AnotherPacketSource(  285): setFormat() audio
V/GenericSource(  285): setDefault
I/GenericSource(  285): NuPlayer Ormode enabled
V/GenericSource(  285): send mUnsupportedAudio = 0 mUnsupportedVideo = 0 mHaveAudio = 1 mHaveVideo = 0
V/NuPlayer(  285): prepare posted successfully.
V/GenericSource(  285): onPrepareAsyncEvent() done
V/NuPlayer(  285): mUnsupportedAudio = 0, mUnsupportedVideo = 0, mHaveAudioTrack = 1, mHaveVideoTrack = 0
V/NuPlayer(  285): msg : 200, ext1 : 973, ext2 : 0
V/AudioCache(  285): notify(0xb8a8c4c0, 200, 973, 0)
V/AudioCache(  285): ignored
V/NuPlayer(  285): extractMetadata Tracks : 1
V/NuPlayer(  285): enableInbandTextFromExtr
V/AudioCache(  285): notify(0xb8a8c4c0, 1, 0, 0)
V/AudioCache(  285): prepared
V/AudioCache(  285): wait - success
V/MediaPlayerService(  285): start
D/NuPlayerDriver(  285): start(0xb8a4f5d0)
V/MediaPlayerService(  285): wait for playback complete
V/NuPlayer(  285): kWhatStart
I/GenericSource(  285): start
V/NuPlayer(  285): checkOffloadExceptions is true, call canOffloadStream
I/NuSecMediaClock(  285): NuSecMediaClock constructor
I/NuSecMediaClock(  285): reset
I/NuSecMediaClock(  285): init success
I/NuSecMediaClock(  285): setClockMargin mMinClockModificationCondition (80000), mMaxClockCorrection (30000)
I/NuPlayerRenderer(  285): setParamForMediaClock() out
I/NuPlayerRenderer(  285): setDuration (140952)
V/NuPlayer(  285): scanning sources haveAudio=0, haveVideo=0
V/NuPlayer(  285): checkOffloadExceptions is true, call canOffloadStream
V/NuPlayer(  285): make Decoder (audio)
V/NuPlayer(  285): executePendingSecSeek - There are not any pending seek!
I/ACodec  (  285):  [] Now uninitialized
I/ACodec  (  285): [OMX.google.vorbis.decoder] Now Loaded
E/ACodec  (  285): onConfigureComponent mime.c_str() = audio/vorbis
I/ACodec  (  285): [OMX.google.vorbis.decoder] Now Loaded->Idle
I/ACodec  (  285): [OMX.google.vorbis.decoder] Now Idle->Executing
I/ACodec  (  285): [OMX.google.vorbis.decoder] Now Executing
I/ACodec  (  285): [OMX.google.vorbis.decoder] Now handling output port settings change
I/ACodec  (  285): [OMX.google.vorbis.decoder] Now Executing
I/NuPlayerDecoder(  285): openAudioSink_l
I/NuPlayerRenderer(  285): openAudioSink: offloadOnly(0) offloadingAudio(0)
I/NuPlayerRenderer(  285): openAudioSink: open AudioSink in NON-offload mode audioFormat : 1, flags : 0
I/NuPlayerRenderer(  285): use bufferCount 4
V/AudioCache(  285): open(44100, 2, 0x0, 1, 0)
I/NuSecMediaClock(  285): reset
I/NuPlayerRenderer(  285): setAudioFirstAnchorTime mAudioFirstAnchorTimeMediaUs : -1, new mediaTimeUs : 13061
V/NuPlayer(  285): media rendering started
V/NuPlayer(  285): msg : 6, ext1 : 0, ext2 : 0
V/AudioCache(  285): notify(0xb8a8c4c0, 6, 0, 0)
V/AudioCache(  285): ignored
I/NuPlayerDecoder(  285): End of Stream
I/NuPlayerDecoder(  285): End of Stream
I/NuPlayerDecoder(  285): End of Stream
I/NuPlayerRenderer(  285): onQueueEOS audio finalResult : -1011
I/NuPlayerRenderer(  285): [audio] notifyEOS() End of Stream, delayUs : 2
I/NuPlayerRenderer(  285): reachedAudioEOS (1)
V/NuPlayer(  285): reached audio EOS
V/NuPlayer(  285): msg : 2, ext1 : 0, ext2 : 0
V/AudioCache(  285): notify(0xb8a8c4c0, 2, 0, 0)
V/AudioCache(  285): playback complete
V/GenericSource(  285): pause
V/AudioCache(  285): wait - success
V/GenericSource(  285): [Flag] clear 0x1 -> mFlags = 0x8
D/NuPlayerDriver(  285): reset(0xb8a4f5d0)
I/GenericSource(  285): mDRMEOS is true, check with -1
V/AudioCache(  285): notify(0xb8a8c4c0, 8, 0, 0)
V/AudioCache(  285): ignored
V/NuPlayer(  285): kWhatReset
V/NuPlayer(  285): performDecoderFlush audio=2, video=2
V/NuPlayer(  285): [audio] flushDecoder needShutdown=1
V/NuPlayer(  285): postponing action mFlushingAudio=2, mFlushingVideo=0
I/NuPlayerRenderer(  285): flush audio, notifyComplete 1, shutdown Yes
V/NuPlayer(  285): mResetInProgress=1, mVideoEOS =0, mAudioEOS =0
V/NuPlayer(  285): (mAudioDecoder != NULL) = true, (mVideoDecoder != NULL) = false
D/NuPlayerRenderer(  285): signalTimeDiscontinuity() mHasAudio = 1 , mHasVideo = 0
I/ACodec  (  285): [OMX.google.vorbis.decoder] Now Flushing
I/NuPlayerRenderer(  285): onPause
I/NuPlayerRenderer(  285): flushing audio
I/NuPlayerRenderer(  285): onFlush mAudioQueueGeneration : 2
V/NuPlayer(  285): renderer audio flush completed.
I/ACodec  (  285): [OMX.google.vorbis.decoder] Now Executing
V/NuPlayer(  285): Got valid new generation 2 
V/NuPlayer(  285): decoder audio flush completed
V/NuPlayer(  285): initiating audio decoder shutdown
I/ACodec  (  285): [OMX.google.vorbis.decoder] Now Executing->Idle
I/ACodec  (  285): [OMX.google.vorbis.decoder] Now Idle->Loaded
I/ACodec  (  285): [OMX.google.vorbis.decoder] Now Loaded
I/ACodec  (  285):  [OMX.google.vorbis.decoder] Now uninitialized
V/NuPlayer(  285): Got valid new generation 3 
V/NuPlayer(  285): audio shutdown completed
V/NuPlayer(  285): both audio and video are flushed now.
V/NuPlayer(  285): Reset was postponed execute processDeferredActions
V/NuPlayer(  285): performReset mResetInProgress -> 1 mResetPostponed -> 0 
I/NuSecMediaClock(  285): NuSecMediaClock destructor
V/GenericSource(  285): stop()
V/GenericSource(  285): PREPARE_CANCELLED set to true
V/GenericSource(  285): [Flag] set 0x40 -> mFlags = 0x48
V/GenericSource(  285): [Flag] clear 0x8 -> mFlags = 0x40
V/GenericSource(  285): stop() end
V/GenericSource(  285): ~GenericSource()
I/OggExtractor(  285): OggSource::stop() mExtractor ref count = 2
I/OggExtractor(  285): ~OggSource --
D/NuPlayerDriver(  285): notifyResetComplete(0xb8a4f5d0)
V/NuPlayerDriver(  285): ~NuPlayerDriver(0xb8a4f5d0)
I/OggExtractor(  285): ~OggExtractor ++
I/OggExtractor(  285): ~MyVorbisExtractor ++ 
I/OggExtractor(  285): ~MyVorbisExtractor --
I/OggExtractor(  285): ~OggExtractor --
D/ViewRootImpl(14120): changeCanvasOpacity: opaque=false
E/File    (18433): fail readDirectory() errno=13
I/InputDispatcher( 1034): Delivering key to (14120): action: 0x0 (0)
E/File    (18433): fail readDirectory() errno=13
D/InputDispatcher( 1034): Waiting for application to become ready for input: 14120.  Reason: Waiting to send key event because the focused window has not finished processing all of the input events that were previously delivered to it.  Outbound queue length: 0.  Wait queue length: 1.
I/InputDispatcher( 1034): Delivering key to (14120): action: 0x1 (0)
E/File    (18433): fail readDirectory() errno=13
E/File    (18433): fail readDirectory() errno=13
I/InputDispatcher( 1034): Delivering touch to (1242): action: 0x4, toolType: 0
I/InputDispatcher( 1034): Delivering touch to (1242): action: 0x4, toolType: 0
I/InputDispatcher( 1034): Delivering touch to (14120): action: 0x0, toolType: 0
E/File    (18433): fail readDirectory() errno=13
E/File    (18433): fail readDirectory() errno=13
E/File    (18433): fail readDirectory() errno=13
E/File    (18433): fail readDirectory() errno=13
D/ViewRootImpl(14120): ViewPostImeInputStage ACTION_DOWN
D/SecVolumePanel.04d0d0ea( 1242): forceTimeout delay=0 callers=com.android.systemui.volume.SecVolumePanel.access$300:146 com.android.systemui.volume.SecVolumePanel$3.onTouchEvent:814 android.app.Dialog.dispatchTouchEvent:959 
E/File    (18433): fail readDirectory() errno=13
E/File    (18433): fail readDirectory() errno=13
E/File    (18433): fail readDirectory() errno=13
D/SecVolumePanel( 1242): handleMessage : call mDialog.dismiss()
D/InputMethodManager( 1242): windowDismissed mLockisused = false
E/File    (18433): fail readDirectory() errno=13
E/File    (18433): fail readDirectory() errno=13
E/File    (18433): fail readDirectory() errno=13
I/InputDispatcher( 1034): Delivering touch to (14120): action: 0x1, toolType: 0
E/File    (18433): fail readDirectory() errno=13
D/SecVolumePanel( 1242): setSeekbarSlidingAnimation(): Call sc.seekbarView.setSlidingAnimation: enable = false
D/SecVolumePanel( 1242): setSeekbarSlidingAnimation(): Call sc.seekbarView.setSlidingAnimation: enable = false
D/SecVolumePanel( 1242): setSeekbarSlidingAnimation(): Call sc.seekbarView.setSlidingAnimation: enable = false
D/SecVolumePanel( 1242): setSeekbarSlidingAnimation(): Call sc.seekbarView.setSlidingAnimation: enable = false
D/SecVolumePanel( 1242): setOnDismissListener : onDismiss : call insertLog
D/SecVolumePanel( 1242): insertLog : appId = com.android.systemui.volume
D/SecVolumePanel( 1242): insertLog : feature = FWVP
D/SecVolumePanel( 1242): insertLog : extra = Ringtone
D/SecVolumePanel( 1242): insertLog : value = 1000
D/SecVolumePanel( 1242): insertLog : Call sendBoradcast
I/SurfaceFlinger(  260): id=302 Removed TecVolumePa (8/8)
I/SurfaceFlinger(  260): id=302 Removed TecVolumePa (-2/8)
E/File    (18433): fail readDirectory() errno=13
E/File    (18433): fail readDirectory() errno=13
E/File    (18433): fail readDirectory() errno=13
E/File    (18433): fail readDirectory() errno=13
E/File    (18433): fail readDirectory() errno=13
E/File    (18433): fail readDirectory() errno=13
E/File    (18433): fail readDirectory() errno=13
E/File    (18433): fail readDirectory() errno=13
E/File    (18433): fail readDirectory() errno=13
E/File    (18433): fail readDirectory() errno=13
E/File    (18433): fail readDirectory() errno=13
D/InputDispatcher( 1034): Waiting for application to become ready for input: 14120.  Reason: Waiting to send key event because the focused window has not finished processing all of the input events that were previously delivered to it.  Outbound queue length: 0.  Wait queue length: 10.
I/InputDispatcher( 1034): Delivering key to (14120): action: 0x0 (0)
D/SamsungIME( 4949): onStartInput: No inputType, No imeOption, isInputViewShown = false, isExtractViewShown = false, isShowInputRequested = false, isConfigChanged = false
E/File    (18433): fail readDirectory() errno=13
D/InputDispatcher( 1034): Waiting for application to become ready for input: 14120.  Reason: Waiting to send key event because the focused window has not finished processing all of the input events that were previously delivered to it.  Outbound queue length: 0.  Wait queue length: 1.
I/InputDispatcher( 1034): Delivering key to (14120): action: 0x1 (0)
E/File    (18433): fail readDirectory() errno=13
E/File    (18433): fail readDirectory() errno=13
I/InputDispatcher( 1034): Delivering key to (14120): action: 0x0 (0)
E/File    (18433): fail readDirectory() errno=13
D/InputDispatcher( 1034): Waiting for application to become ready for input: 14120.  Reason: Waiting to send key event because the focused window has not finished processing all of the input events that were previously delivered to it.  Outbound queue length: 0.  Wait queue length: 1.
D/InputMethodService( 4949): handleBack() : mShowInputRequestedfalse
D/InputMethodService( 4949): handleBack() : mWindowVisiblefalse
I/InputDispatcher( 1034): Delivering key to (14120): action: 0x1 (0)
E/File    (18433): fail readDirectory() errno=13
D/ViewRootImpl(14120): changeCanvasOpacity: opaque=false
I/SurfaceFlinger(  260): id=303 createSurf (720x1280),1 flag=404, NainActivit
V/WindowOrientationListener( 1034): setCurrentAppOrientation :1
V/WindowOrientationListener( 1034): ScreenOrientationEventListenerImpl.getProposedRotationLocked, Rotation: -1
V/WindowOrientationListener( 1034): ScreenOrientationEventListenerImpl.getProposedRotationLocked, Rotation: -1
I/Timeline( 1034): Timeline: Activity_windows_visible id: ActivityRecord{29a93619 u0 me.drakeet.meizhi.debug/me.drakeet.meizhi.ui.MainActivity t723} time:6862462
D/ViewRootImpl(14120): changeCanvasOpacity: opaque=false
D/InputDispatcher( 1034): Focused application set to: xxxx
D/InputDispatcher( 1034): Focus left window: 14120
D/InputDispatcher( 1034): Focus entered window: 14120
D/PointerIcon( 1034): setMouseIconStyle1 pointerType: 1001 iconType:101 flag:0 pid:1034 uid:1000
D/PointerIcon( 1034): setMouseCustomIcon IconType is same.101
E/File    (18433): fail readDirectory() errno=13
D/ActivityManager( 1034): post active user change for 0 fullscreen true isFloatingActivity() false isHomeActivity() false
D/KnoxTimeoutHandler( 1034): postActiveUserChange for user 0
I/KnoxTimeoutHandler( 1034): postActiveUserChange, showWhenLocked: false
D/KnoxTimeoutHandler( 1034): handleActiveUserChange for user 0
I/KnoxTimeoutHandler( 1034): Shared devices show user statefalse
D/InputMethodManagerService( 1034): windowGainedFocus mCurrentFocusedUserId - 0 and mSecureKeypadEnabled-false
I/InputDispatcher( 1034): Delivering key to (14120): action: 0x0 (0)
E/File    (18433): fail readDirectory() errno=13
D/SamsungIME( 4949): onStartInput: No inputType, No imeOption, isInputViewShown = false, isExtractViewShown = false, isShowInputRequested = false, isConfigChanged = false
D/InputDispatcher( 1034): Waiting for application to become ready for input: 14120.  Reason: Waiting to send key event because the focused window has not finished processing all of the input events that were previously delivered to it.  Outbound queue length: 0.  Wait queue length: 1.
W/CoverManager( 1034): getCoverState : This device is not supported cover
I/AudioService( 1034): setRingerModeInt is called by pid: 1034, uid=1000, Mode=2
I/AudioService( 1034): Ringer mode : normal
D/SecVolumePanel.04d0d0ea( 1242): onVolumeChanged(streamType: 2, flags: 1)
I/AudioPolicyManager(  285): setStreamVolumeIndex() stream 8, device 40000000, index 11
D/SecVolumePanel( 1242): phoneIsOffhook : phoneOffhook = false
D/SecVolumePanel( 1242): Call setMode(ProgressBar.MODE_STANDARD)_#4
D/SecVolumePanel( 1242): call sc_music.seekbarView.setMax(150)
D/SecVolumePanel( 1242): onVolumeChanged : call reorderSliders
D/SecVolumePanel( 1242): updateSliderProgress : progress = -1
I/AudioPolicyManager(  285): setStreamVolumeIndex() stream 8, device 0002, index 1
I/AudioPolicyManager(  285): setStreamVolumeIndex() stream 7, device 40000000, index 14
D/PhoneApp( 1548): PhoneAppBroadcastReceiver onReceive android.media.RINGER_MODE_CHANGED
I/AudioPolicyManager(  285): setStreamVolumeIndex() stream 5, device 40000000, index 11
I/AudioPolicyManager(  285): setStreamVolumeIndex() stream 5, device 0002, index 8
I/FMRadioService( 1034): *** mReceiver: VOLUME_CHANGED_ACTION
I/FMRadioService( 1034):    stream: 2
I/FMRadioService( 1034):    volume: 1
I/AudioPolicyManager(  285): setStreamVolumeIndex() stream 2, device 40000000, index 11
I/AudioPolicyManager(  285): setStreamVolumeIndex() stream 2, device 0002, index 1
I/AudioPolicyManager(  285): setStreamVolumeIndex() stream 8, device 40000000, index 11
I/AudioPolicyManager(  285): setStreamVolumeIndex() stream 8, device 0002, index 1
I/AudioPolicyManager(  285): setStreamVolumeIndex() stream 1, device 40000000, index 6
I/AudioPolicyManager(  285): setStreamVolumeIndex() stream 1, device 0002, index 8
I/AudioService( 1034): mSilentModeOff TRUE
D/AudioService( 1034): SystemProperties.set(persist.audio.ringermode, 2)
W/AudioService( 1034): stream was not muted by this client
E/AudioService( 1034): Could not get client death handler for stream: 2
I/FMRadioService( 1034):    current_stream_volume: 7
W/AudioService( 1034): stream was not muted by this client
E/AudioService( 1034): Could not get client death handler for stream: 8
I/InputDispatcher( 1034): Delivering key to (14120): action: 0x1 (0)
E/File    (18433): fail readDirectory() errno=13
D/AudioService( 1034): SystemProperties.set(persist.sys.silent, 0)
I/SurfaceFlinger(  260): id=301 Removed QictureActi (5/8)
I/SurfaceFlinger(  260): id=301 Removed QictureActi (-2/8)
D/SecVolumePanel( 1242): updateSliderProgress : progress = -1
D/SecVolumePanel( 1242): updateSliderProgress : converted mediaVolume index = 150
I/Timeline(14120): Timeline: Activity_idle id: android.os.BinderProxy@12202d1b time:6862939
W/CoverManager( 1034): getCoverState : This device is not supported cover
D/SecVolumePanel( 1242): addOtherVolumes stream : 3
D/SecVolumePanel( 1242): updateSliderProgress : progress = -1
I/FMRadioService( 1034): *** mReceiver: VOLUME_CHANGED_ACTION
I/FMRadioService( 1034):    stream: 2
I/FMRadioService( 1034):    volume: 1
I/FMRadioService( 1034):    current_stream_volume: 7
D/InputMethodManager(14120): windowDismissed mLockisused = false
D/SecVolumePanel( 1242): addOtherVolumes stream : 5
D/SecVolumePanel( 1242): updateSliderProgress : progress = -1
D/SecVolumePanel( 1242): addOtherVolumes stream : STREAM_SYSTEM
D/SecVolumePanel.04d0d0ea( 1242): onShowVolumeChanged(streamType: 2, flags: 1), index: 1
D/RingtoneManager( 1242): getActualDefaultRingtoneUri  type    :1
D/RingtoneManager( 1242): checkDefaultRingtoneProperUri : InternalMediaAudio uriString not null type:1
D/SecVolumePanel( 1242): updateSliderProgress : progress = 1
W/ScoverManager( 1242): getCoverState : This device is not supported cover
D/SecVolumePanel( 1242): state is null 
D/SecVolumePanel( 1242): setSeekbarSlidingAnimation(): Call sc.seekbarView.setSlidingAnimation: enable = false
D/SecVolumePanel( 1242): setSeekbarSlidingAnimation(): Call sc.seekbarView.setSlidingAnimation: enable = false
D/SecVolumePanel( 1242): setSeekbarSlidingAnimation(): Call sc.seekbarView.setSlidingAnimation: enable = false
D/SecVolumePanel( 1242): setSeekbarSlidingAnimation(): Call sc.seekbarView.setSlidingAnimation: enable = false
W/ScoverManager( 1242): getCoverState : This device is not supported cover
D/SecVolumePanel( 1242): state is null 
D/SecVolumePanel( 1242): onShowVolumeChanged: Cover is opened
D/SecVolumePanel( 1242): ===== Start updateLayout =====
W/ScoverManager( 1242): getCoverState : This device is not supported cover
D/SecVolumePanel( 1242): state is null 
D/SecVolumePanel( 1242): updateLayout : lp.width = 636, lp.y = 96
D/SecContentProvider2( 1034): query(), uri = 14 selection = getVolumePanelEnabledState
D/SecVolumePanel( 1242): onShowVolumeChanged : call setStreamTypeForLogging
D/SecVolumePanel( 1242): setStreamTypeForLogging : mExtraForRingerMode = Ringtone
D/SecVolumePanel( 1242): onVolumeChanged : call resetTimeout()
D/SecVolumePanel.04d0d0ea( 1242): resetTimeout at 1500520689788 delay=3000 touchExploration=false
D/SecVolumePanel( 1242): resetTimeout : call sendEmptyMessageDelayed : MSG_TIMEOUT
D/KeyguardUpdateMonitor( 1242): received broadcast android.media.RINGER_MODE_CHANGED
I/PERF    ( 1242): received broadcast android.media.RINGER_MODE_CHANGED
D/SecVolumePanel( 1242): registerReceiver: onReceive start 
D/SecVolumePanel( 1242): registerReceiver: onReceive end 
D/PhoneWindow( 1242): *FMB* isFloatingMenuEnabled mFloatingMenuBtn : null
D/PhoneWindow( 1242): *FMB* isFloatingMenuEnabled return false
D/SecVolumePanel( 1242): onProgressChanged : call resetTimeout()
D/SecVolumePanel.04d0d0ea( 1242): resetTimeout at 1500520689791 delay=3000 touchExploration=false
D/SecVolumePanel( 1242): resetTimeout : call sendEmptyMessageDelayed : MSG_TIMEOUT
D/SecVolumePanel( 1242): onProgressChanged : call resetTimeout()
D/SecVolumePanel.04d0d0ea( 1242): resetTimeout at 1500520689791 delay=3000 touchExploration=false
D/SecVolumePanel( 1242): resetTimeout : call sendEmptyMessageDelayed : MSG_TIMEOUT
D/SecVolumePanel( 1242): onProgressChanged : call resetTimeout()
D/SecVolumePanel.04d0d0ea( 1242): resetTimeout at 1500520689791 delay=3000 touchExploration=false
D/SecVolumePanel( 1242): resetTimeout : call sendEmptyMessageDelayed : MSG_TIMEOUT
I/SurfaceFlinger(  260): id=304 createSurf (97x97),1 flag=4, TecVolumePa
D/SecVolumePanel.04d0d0ea( 1242): onVolumeChanged(streamType: 2, flags: 20)
D/SecVolumePanel( 1242): onVolumeChanged : useSlidingAnimation = true
D/SecVolumePanel( 1242): onVolumeChanged: Call setSeekbarSlidingAnimation(true)
D/SecVolumePanel( 1242): setSeekbarSlidingAnimation(): Call sc.seekbarView.setSlidingAnimation: enable = true
D/SecVolumePanel( 1242): setSeekbarSlidingAnimation(): Call sc.seekbarView.setSlidingAnimation: enable = true
D/SecVolumePanel( 1242): setSeekbarSlidingAnimation(): Call sc.seekbarView.setSlidingAnimation: enable = true
D/SecVolumePanel( 1242): setSeekbarSlidingAnimation(): Call sc.seekbarView.setSlidingAnimation: enable = true
D/SecVolumePanel( 1242): phoneIsOffhook : phoneOffhook = false
D/SecVolumePanel( 1242): Call setMode(ProgressBar.MODE_STANDARD)_#4
D/SecVolumePanel( 1242): onVolumeChanged : call resetTimeout()
D/SecVolumePanel.04d0d0ea( 1242): resetTimeout at 1500520689812 delay=3000 touchExploration=false
D/SecVolumePanel( 1242): resetTimeout : call sendEmptyMessageDelayed : MSG_TIMEOUT
D/PhoneStatusBar( 1242): updateIcon slot=volume index=23 viewIndex=6 old=StatusBarIcon(pkg=com.android.systemuiuser=0 id=0x7f0203b1 level=0 visible=true num=0 ) icon=StatusBarIcon(pkg=com.android.systemuiuser=0 id=0x7f0203b1 level=0 visible=false num=0 )
D/KeyguardUpdateMonitor( 1242): handleRingerModeChange(2)
D/SecVolumePanel( 1242): updateSliderProgress : progress = -1
D/SecVolumePanel( 1242): updateSliderProgress : progress = -1
D/SecVolumePanel( 1242): updateSliderProgress : converted mediaVolume index = 150
D/SecVolumePanel( 1242): updateSliderProgress : progress = -1
D/SecVolumePanel( 1242): updateSliderProgress : progress = -1
I/AudioPolicyManager(  285): getOutputForAttr() device 0x2, samplingRate 44100, format b892d590, channelMask 1, flags 0
I/AudioPolicyManager(  285): getOutputForAttr() output 4
W/AudioTrack( 1242): AUDIO_OUTPUT_FLAG_FAST denied by client
W/AudioPolicyIntefaceImpl(  285): Skipped to add effects on session 26
I/AudioPolicyManager(  285): startOutput() output 4, stream 2, session 26
I/AudioPolicyManager(  285): changeRefCount() stream 2, count 1
I/AudioPolicyManager(  285): setOutputDevice() setting same device 0002 or null device for output 4
D/AudioMixer(  285): setResampler format 1, data ch 2, src 44100, dst 48000, dnmix 0, reformat 0
D/SoundAliveResampler(  285): [SoundAliveResampler] Init+++
E/FastThread(  285): did not receive expected priority boost
D/audio_hw_primary(  285): start_output_stream: enter: stream(0xb89747c8)usecase(1: low-latency-playback) devices(0x2)
V/audio_hw_primary(  285): select_devices: ENTER
V/audio_hw_primary(  285): select_devices: usecase(normal)
V/audio_hw_primary(  285): select_devices: usecase(PCM_PLAYBACK)
V/msm8974_platform(  285): platform_get_output_snd_device: enter: output devices(0x2)
V/msm8974_platform(  285): get_OUTPUT_snd_device: for Normal Playback
V/msm8974_platform(  285): platform_get_output_snd_device: exit: snd_device(speaker)
D/audio_hw_primary(  285): select_devices: out_snd_device(2: speaker)
D/audio_hw_primary(  285): select_devices: in_snd_device(0: dummy)
D/hardware_info(  285): hw_info_append_hw_type : device_name = speaker
D/ACDB-LOADER(  285): ACDB -> send_audio_cal, acdb_id = 15, path =  0
D/ACDB-LOADER(  285): ACDB -> send_asm_topology
D/ACDB-LOADER(  285): ACDB -> ACDB_CMD_GET_AUDPROC_STREAM_TOPOLOGY_ID
D/ACDB-LOADER(  285): ACDB -> send_adm_topology
D/ACDB-LOADER(  285): ACDB -> ACDB_CMD_GET_AUDPROC_COMMON_TOPOLOGY_ID
D/ACDB-LOADER(  285): ACDB -> send_audtable
D/ACDB-LOADER(  285): ACDB -> ACDB_CMD_GET_AUDPROC_COMMON_TABLE
D/ACDB-LOADER(  285): ACDB -> AUDIO_SET_AUDPROC_CAL
D/ACDB-LOADER(  285): ACDB -> send_audvoltable
D/ACDB-LOADER(  285): ACDB -> ACDB_CMD_GET_AUDPROC_GAIN_DEP_STEP_TABLE
D/ACDB-LOADER(  285): ACDB -> AUDIO_SET_AUDPROC_VOL_CAL
D/ACDB-LOADER(  285): ACDB -> send_audstrmtable
D/ACDB-LOADER(  285): ACDB -> ACDB_CMD_GET_AUDPROC_STREAM_TABLE_V2
D/ACDB-LOADER(  285): ACDB -> audstrm_cal->cal_type.cal_data.cal_size = 16
D/ACDB-LOADER(  285): ACDB -> send_afe_cal
D/ACDB-LOADER(  285): ACDB -> ACDB_CMD_GET_AFE_COMMON_TABLE
D/ACDB-LOADER(  285): ACDB -> AUDIO_SET_AFE_CAL
D/ACDB-LOADER(  285): ACDB -> send_hw_delay : acdb_id = 15 path = 0
D/ACDB-LOADER(  285): ACDB -> ACDB_AVSYNC_INFO: ACDB_CMD_GET_DEVICE_PROPERTY
V/audio_hw_primary(  285): enable_snd_device: snd_device(2: speaker, speaker)
D/audio_route(  285): ++++ audio_route_update_path ==============
D/audio_route(  285): Setting mixer control: MI2S_RX Channels, value: 1
D/audio_route(  285): Setting mixer control: RX3 MIX1 INP1, value: 3
D/audio_route(  285): Setting mixer control: RX3 MIX1 INP2, value: 4
D/audio_route(  285): Setting mixer control: SPK DAC Switch, value: 1
D/audio_route(  285): ---- audio_route_update_path ==============
D/audio_route(  285): ++++ audio_route_update_mixer ==============
D/audio_route(  285): ------ audio_route_update_mixer ==============
V/audio_hw_primary(  285): enable_audio_route: enter: usecase(1)
V/audio_hw_primary(  285): enable_audio_route: apply mixer path: low-latency-playback
D/audio_route(  285): ++++ audio_route_update_mixer ==============
D/audio_route(  285): Setting mixer control: PRI_MI2S_RX Audio Mixer MultiMedia5, value: 1
D/audio_route(  285): ------ audio_route_update_mixer ==============
V/audio_hw_primary(  285): enable_audio_route: exit
V/msm8974_platform(  285): platform_get_output_snd_device: enter: output devices(0x2)
V/msm8974_platform(  285): get_OUTPUT_snd_device: for Normal Playback
V/msm8974_platform(  285): platform_get_output_snd_device: exit: snd_device(speaker)
D/ACDB-LOADER(  285): ACDB -> send_audio_cal, acdb_id = 15, path =  0
D/ACDB-LOADER(  285): ACDB -> send_asm_topology
D/ACDB-LOADER(  285): ACDB -> ACDB_CMD_GET_AUDPROC_STREAM_TOPOLOGY_ID
D/ACDB-LOADER(  285): ACDB -> send_adm_topology
D/ACDB-LOADER(  285): ACDB -> ACDB_CMD_GET_AUDPROC_COMMON_TOPOLOGY_ID
D/ACDB-LOADER(  285): ACDB -> send_audtable
D/ACDB-LOADER(  285): ACDB -> ACDB_CMD_GET_AUDPROC_COMMON_TABLE
D/ACDB-LOADER(  285): ACDB -> AUDIO_SET_AUDPROC_CAL
D/ACDB-LOADER(  285): ACDB -> send_audvoltable
D/ACDB-LOADER(  285): ACDB -> ACDB_CMD_GET_AUDPROC_GAIN_DEP_STEP_TABLE
D/ACDB-LOADER(  285): ACDB -> AUDIO_SET_AUDPROC_VOL_CAL
D/ACDB-LOADER(  285): ACDB -> send_audstrmtable
D/ACDB-LOADER(  285): ACDB -> ACDB_CMD_GET_AUDPROC_STREAM_TABLE_V2
D/ACDB-LOADER(  285): ACDB -> audstrm_cal->cal_type.cal_data.cal_size = 16
D/ACDB-LOADER(  285): ACDB -> send_afe_cal
D/ACDB-LOADER(  285): ACDB -> ACDB_CMD_GET_AFE_COMMON_TABLE
D/ACDB-LOADER(  285): ACDB -> AUDIO_SET_AFE_CAL
D/ACDB-LOADER(  285): ACDB -> send_hw_delay : acdb_id = 15 path = 0
D/ACDB-LOADER(  285): ACDB -> ACDB_AVSYNC_INFO: ACDB_CMD_GET_DEVICE_PROPERTY
V/audio_hw_primary(  285): start_output_stream: Opening PCM device card_id(0) device_id(12)
V/audio_hw_primary(  285): start_output_stream: exit
V/AudioPolicyEffects(  285): releaseOutputSessionEffects: no output processing was attached to this stream
I/AudioPolicyManager(  285): stopOutput() output 4, stream 2, session 26
I/AudioPolicyManager(  285): changeRefCount() stream 2, count 0
I/AudioPolicyManager(  285): setOutputDevice() setting same device 0000 or null device for output 4
D/SettingsProvider( 1034): isChangeAllowed() : name = mode_ringer
E/File    (18433): fail readDirectory() errno=13
I/InputDispatcher( 1034): Delivering key to (14120): action: 0x0 (0)
E/File    (18433): fail readDirectory() errno=13
I/InputDispatcher( 1034): Delivering key to (14120): action: 0x1 (0)
E/File    (18433): fail readDirectory() errno=13
D/SamsungIME( 4949): onStartInput: No inputType, No imeOption, isInputViewShown = false, isExtractViewShown = false, isShowInputRequested = false, isConfigChanged = false
E/File    (18433): fail readDirectory() errno=13
I/InputDispatcher( 1034): Delivering key to (14120): action: 0x0 (0)
E/File    (18433): fail readDirectory() errno=13
D/InputDispatcher( 1034): Waiting for application to become ready for input: 14120.  Reason: Waiting to send key event because the focused window has not finished processing all of the input events that were previously delivered to it.  Outbound queue length: 0.  Wait queue length: 1.
I/InjectionManager(14120): dispatchPrepareOptionsMenu :me.drakeet.meizhi.ui.MainActivity
I/InputDispatcher( 1034): Delivering key to (14120): action: 0x1 (0)
E/File    (18433): fail readDirectory() errno=13
D/InputDispatcher( 1034): Focus left window: 14120
D/InputDispatcher( 1034): Focus entered window: 14120
D/PointerIcon( 1034): setMouseIconStyle1 pointerType: 1001 iconType:101 flag:0 pid:1034 uid:1000
D/PointerIcon( 1034): setMouseCustomIcon IconType is same.101
I/SurfaceFlinger(  260): id=305 createSurf (1x1),1 flag=4, NainActivit
E/File    (18433): fail readDirectory() errno=13
E/File    (18433): fail readDirectory() errno=13
E/File    (18433): fail readDirectory() errno=13
E/File    (18433): fail readDirectory() errno=13
E/File    (18433): fail readDirectory() errno=13
E/File    (18433): fail readDirectory() errno=13
E/File    (18433): fail readDirectory() errno=13
E/File    (18433): fail readDirectory() errno=13
E/File    (18433): fail readDirectory() errno=13
E/File    (18433): fail readDirectory() errno=13
E/File    (18433): fail readDirectory() errno=13
I/InputDispatcher( 1034): Delivering touch to (1242): action: 0x4, toolType: 0
I/InputDispatcher( 1034): Delivering touch to (1242): action: 0x4, toolType: 0
I/InputDispatcher( 1034): Delivering touch to (14120): action: 0x0, toolType: 0
E/File    (18433): fail readDirectory() errno=13
D/SecVolumePanel.04d0d0ea( 1242): forceTimeout delay=0 callers=com.android.systemui.volume.SecVolumePanel.access$300:146 com.android.systemui.volume.SecVolumePanel$3.onTouchEvent:814 android.app.Dialog.dispatchTouchEvent:959 
D/ViewRootImpl(14120): ViewPostImeInputStage ACTION_DOWN
D/SecVolumePanel( 1242): handleMessage : call mDialog.dismiss()
D/InputMethodManager( 1242): windowDismissed mLockisused = false
E/File    (18433): fail readDirectory() errno=13
E/File    (18433): fail readDirectory() errno=13
E/File    (18433): fail readDirectory() errno=13
E/File    (18433): fail readDirectory() errno=13
E/File    (18433): fail readDirectory() errno=13
D/SecVolumePanel( 1242): setSeekbarSlidingAnimation(): Call sc.seekbarView.setSlidingAnimation: enable = false
D/SecVolumePanel( 1242): setSeekbarSlidingAnimation(): Call sc.seekbarView.setSlidingAnimation: enable = false
D/SecVolumePanel( 1242): setSeekbarSlidingAnimation(): Call sc.seekbarView.setSlidingAnimation: enable = false
D/SecVolumePanel( 1242): setSeekbarSlidingAnimation(): Call sc.seekbarView.setSlidingAnimation: enable = false
D/SecVolumePanel( 1242): setOnDismissListener : onDismiss : call insertLog
D/SecVolumePanel( 1242): insertLog : appId = com.android.systemui.volume
D/SecVolumePanel( 1242): insertLog : feature = FWVP
D/SecVolumePanel( 1242): insertLog : extra = Ringtone
D/SecVolumePanel( 1242): insertLog : value = 1000
D/SecVolumePanel( 1242): insertLog : Call sendBoradcast
E/File    (18433): fail readDirectory() errno=13
E/File    (18433): fail readDirectory() errno=13
E/File    (18433): fail readDirectory() errno=13
I/InputDispatcher( 1034): Delivering touch to (14120): action: 0x1, toolType: 0
E/File    (18433): fail readDirectory() errno=13
I/SurfaceFlinger(  260): id=304 Removed TecVolumePa (9/9)
I/SurfaceFlinger(  260): id=304 Removed TecVolumePa (-2/9)
V/LpnetManagerService( 1034): on USB power
D/KeyguardUpdateMonitor( 1242): received broadcast android.intent.action.BATTERY_CHANGED
I/PERF    ( 1242): received broadcast android.intent.action.BATTERY_CHANGED
D/KeyguardUpdateMonitor( 1242): handleBatteryUpdate
D/PhoneStatusBar( 1242): ACTION_BATTERY_CHANGED received - mBatteryLevel = 100
E/File    (18433): fail readDirectory() errno=13
E/File    (18433): fail readDirectory() errno=13
E/File    (18433): fail readDirectory() errno=13
D/CommonServiceConfiguration( 1641): getStringValueSetting
E/File    (18433): fail readDirectory() errno=13
E/File    (18433): fail readDirectory() errno=13
E/File    (18433): fail readDirectory() errno=13
D/BatteryMonitor( 1641): new battery level: 100
E/File    (18433): fail readDirectory() errno=13
D/QSTile.TorchLightTile( 1242): ACTION_BATTERY_CHANGED - Level :: 100, Status :: 5
E/File    (18433): fail readDirectory() errno=13
V/HeadsetService( 2770): HeadsetService - Received Intent.ACTION_BATTERY_CHANGED
D/HeadsetStateMachine( 2770): Disconnected process message: 10
E/File    (18433): fail readDirectory() errno=13
E/File    (18433): fail readDirectory() errno=13
D/SMUSIC-Service(14714): mSystemReceiver - batteryLevel: 100 batteryStatus: 5
E/File    (18433): fail readDirectory() errno=13
D/InputDispatcher( 1034): Waiting for application to become ready for input: 14120.  Reason: Waiting to send key event because the focused window has not finished processing all of the input events that were previously delivered to it.  Outbound queue length: 0.  Wait queue length: 10.
I/InputDispatcher( 1034): Delivering key to (14120): action: 0x0 (0)
E/File    (18433): fail readDirectory() errno=13
I/InputDispatcher( 1034): Delivering key to (14120): action: 0x1 (0)
D/InputMethodManager(14120): windowDismissed mLockisused = false
E/File    (18433): fail readDirectory() errno=13
D/InputDispatcher( 1034): Focus left window: 14120
D/InputDispatcher( 1034): Focus entered window: 14120
D/PointerIcon( 1034): setMouseIconStyle1 pointerType: 1001 iconType:101 flag:0 pid:1034 uid:1000
D/PointerIcon( 1034): setMouseCustomIcon IconType is same.101
D/InputMethodManagerService( 1034): windowGainedFocus mCurrentFocusedUserId - 0 and mSecureKeypadEnabled-false
E/ViewRootImpl(14120): sendUserActionEvent() mView == null
D/SensorService( 1034): [SO] -0.162 0.226 9.748
I/SurfaceFlinger(  260): id=305 Removed NainActivit (5/8)
I/SurfaceFlinger(  260): id=305 Removed NainActivit (-2/8)
E/File    (18433): fail readDirectory() errno=13
I/InputDispatcher( 1034): Delivering key to (14120): action: 0x0 (0)
E/File    (18433): fail readDirectory() errno=13
D/InputDispatcher( 1034): Waiting for application to become ready for input: 14120.  Reason: Waiting to send key event because the focused window has not finished processing all of the input events that were previously delivered to it.  Outbound queue length: 0.  Wait queue length: 1.
I/InputDispatcher( 1034): Delivering key to (14120): action: 0x1 (0)
E/File    (18433): fail readDirectory() errno=13
D/SamsungIME( 4949): onStartInput: No inputType, No imeOption, isInputViewShown = false, isExtractViewShown = false, isShowInputRequested = false, isConfigChanged = false
E/File    (18433): fail readDirectory() errno=13
I/InputDispatcher( 1034): Delivering key to (14120): action: 0x0 (0)
D/SettingsProvider( 1034): isChangeAllowed() : name = user_rotation
D/SettingsProvider( 1034): isChangeAllowed() : name = accelerometer_rotation
V/WindowOrientationListener( 1034): ScreenOrientationEventListenerImpl.getProposedRotationLocked, Rotation: -1
V/WindowOrientationListener( 1034): ScreenOrientationEventListenerImpl.getProposedRotationLocked, Rotation: -1
V/WindowOrientationListener( 1034): WindowOrientationListener disabled
D/SensorService( 1034): cleanupWithoutDisableLocked - size : 0, ref : 2
D/SensorService( 1034): [SO] activate (ident=0xb76f5860, enabled=0)
I/Sensors ( 1034): AccelerometerSensor enable: mEnabled 1, handle 0, en 0
D/SensorService( 1034): cleanupConnection - size : 0, ref : 0
D/SensorManager( 1034): unregisterListener ::   
D/SettingsProvider( 1034): isChangeAllowed() : name = accelerometer_rotation
I/SecKeyguardClockSingleView( 1242): Ignore. Because it is same clock text
D/WindowOrientationListener( 1034): sensor enabled
I/Sensors ( 1034): AccelerometerSensor(0) setDelay : 66000000(ns)
I/SecKeyguardClockSingleView( 1242): Ignore. Because it is same clock text
I/art     (18433): System.exit called, status: 0
I/AndroidRuntime(18433): VM exiting with result code 0.
D/SensorService( 1034): [SO] changed settle time [1]
D/SensorService( 1034): [SO] setDelay [66000000]
D/SensorService( 1034): [SO] activate (ident=0xb7c70108, enabled=1)
D/SensorService( 1034): [SO] AR_init
I/Sensors ( 1034): AccelerometerSensor enable: mEnabled 0, handle 0, en 1
D/SensorManager( 1034): registerListener :: 1600221811, Screen Orientation Sensor, 66000, 0,  
V/WindowOrientationListener( 1034): ScreenOrientationEventListenerImpl.getProposedRotationLocked, Rotation: -1
V/WindowOrientationListener( 1034): ScreenOrientationEventListenerImpl.getProposedRotationLocked, Rotation: -1
V/WindowOrientationListener( 1034): ScreenOrientationEventListenerImpl.getProposedRotationLocked, Rotation: -1
V/WindowOrientationListener( 1034): ScreenOrientationEventListenerImpl.getProposedRotationLocked, Rotation: -1
D/SensorService( 1034): [SO] Reset Rotation Old [100], Init [1]
V/audio_hw_primary(  285): out_standby: enter: usecase(1: low-latency-playback)
V/audio_hw_primary(  285): stop_output_stream: enter: usecase(1: low-latency-playback)
V/audio_hw_primary(  285): disable_audio_route: enter: usecase(1)
V/audio_hw_primary(  285): disable_audio_route: reset mixer path: low-latency-playback
D/audio_route(  285): ++++ audio_route_update_mixer ==============
D/audio_route(  285): Setting mixer control: PRI_MI2S_RX Audio Mixer MultiMedia5, value: 0
D/audio_route(  285): ------ audio_route_update_mixer ==============
V/audio_hw_primary(  285): disable_audio_route: exit
D/hardware_info(  285): hw_info_append_hw_type : device_name = speaker
V/audio_hw_primary(  285): disable_snd_device: snd_device(2: speaker)
D/audio_route(  285): ++++ audio_route_update_path ==============
D/audio_route(  285): Setting mixer control: SPK DAC Switch, value: 0
D/audio_route(  285): Setting mixer control: RX3 MIX1 INP2, value: 0
D/audio_route(  285): Setting mixer control: RX3 MIX1 INP1, value: 0
D/audio_route(  285): Setting mixer control: MI2S_RX Channels, value: 0
D/audio_route(  285): ---- audio_route_update_path ==============
V/audio_hw_primary(  285): stop_output_stream: exit: status(0)
V/audio_hw_primary(  285): out_standby: exit
D/SecVolumePanel( 1242): sound : release SoundPool
D/AudioFlinger(  285): purging stale effects --
D/SensorService( 1034): [SO] -0.162 0.231 9.746
V/LpnetManagerService( 1034): on USB power
D/KeyguardUpdateMonitor( 1242): received broadcast android.intent.action.BATTERY_CHANGED
I/PERF    ( 1242): received broadcast android.intent.action.BATTERY_CHANGED
D/KeyguardUpdateMonitor( 1242): handleBatteryUpdate
D/PhoneStatusBar( 1242): ACTION_BATTERY_CHANGED received - mBatteryLevel = 100
D/CommonServiceConfiguration( 1641): getStringValueSetting
D/BatteryMonitor( 1641): new battery level: 100
V/HeadsetService( 2770): HeadsetService - Received Intent.ACTION_BATTERY_CHANGED
D/HeadsetStateMachine( 2770): Disconnected process message: 10
D/QSTile.TorchLightTile( 1242): ACTION_BATTERY_CHANGED - Level :: 100, Status :: 5
D/SMUSIC-Service(14714): mSystemReceiver - batteryLevel: 100 batteryStatus: 5
D/SensorService( 1034): [SO] -0.152 0.214 9.750
V/LpnetManagerService( 1034): on USB power
D/KeyguardUpdateMonitor( 1242): received broadcast android.intent.action.BATTERY_CHANGED
I/PERF    ( 1242): received broadcast android.intent.action.BATTERY_CHANGED
D/KeyguardUpdateMonitor( 1242): handleBatteryUpdate
D/PhoneStatusBar( 1242): ACTION_BATTERY_CHANGED received - mBatteryLevel = 100
D/CommonServiceConfiguration( 1641): getStringValueSetting
D/BatteryMonitor( 1641): new battery level: 100
D/QSTile.TorchLightTile( 1242): ACTION_BATTERY_CHANGED - Level :: 100, Status :: 5
V/HeadsetService( 2770): HeadsetService - Received Intent.ACTION_BATTERY_CHANGED
D/HeadsetStateMachine( 2770): Disconnected process message: 10
D/SMUSIC-Service(14714): mSystemReceiver - batteryLevel: 100 batteryStatus: 5
D/StatusBar.MSimNetworkController( 1242): updateTelephonySignalStrength: iconLevel= 4, phoneId = 0
D/StatusBar.MSimNetworkController( 1242): Nothing final, mRoamingIconId = 0 phoneId : 0
D/SensorService( 1034): [SO] -0.152 0.229 9.750
D/SensorService( 1034): [SO] -0.129 0.232 9.723
V/LpnetManagerService( 1034): on USB power
D/KeyguardUpdateMonitor( 1242): received broadcast android.intent.action.BATTERY_CHANGED
I/PERF    ( 1242): received broadcast android.intent.action.BATTERY_CHANGED
D/KeyguardUpdateMonitor( 1242): handleBatteryUpdate
D/PhoneStatusBar( 1242): ACTION_BATTERY_CHANGED received - mBatteryLevel = 100
D/CommonServiceConfiguration( 1641): getStringValueSetting
D/BatteryMonitor( 1641): new battery level: 100
V/HeadsetService( 2770): HeadsetService - Received Intent.ACTION_BATTERY_CHANGED
D/HeadsetStateMachine( 2770): Disconnected process message: 10
D/QSTile.TorchLightTile( 1242): ACTION_BATTERY_CHANGED - Level :: 100, Status :: 5
D/SMUSIC-Service(14714): mSystemReceiver - batteryLevel: 100 batteryStatus: 5
D/StatusBar.MSimNetworkController( 1242): updateTelephonySignalStrength: iconLevel= 3, phoneId = 0
D/StatusBar.MSimNetworkController( 1242): Nothing final, mRoamingIconId = 0 phoneId : 0
D/EnterpriseController(  281): netId is 0
D/Netd    (  281): getNetworkForDns: using netid 0 for uid 10114
D/EnterpriseController(  281): netId is 0
D/Netd    (  281): getNetworkForDns: using netid 0 for uid 10114
E/Zygote  (19693): MountEmulatedStorage()
E/Zygote  (19693): v2
I/SELinux (19693): Function: selinux_compare_spd_ram , priority [2] , priority version is VE=SEPF_SM-J3110_5.1.1_0070
E/Zygote  (19693): accessInfo : 0
E/SELinux (19693): [DEBUG] get_category: variable seinfo: default sensitivity: NULL, cateogry: NULL
D/TimaKeyStoreProvider(19693): TimaSignature is unavailable
D/ActivityThread(19693): Added TimaKeyStore provider
D/AndroidHttpClient( 4248): [NALSECURITY] isMmsRequest() : CoreProtocolPNames.USER_AGENT = alipay
D/AndroidHttpClient( 4248): [NALSECURITY] checkMmsSendPermission() : isMmsRequest() = false method = GET
I/System.out( 4248): Thread-919(ApacheHTTPLog):isSBSettingEnabled false
I/System.out( 4248): Thread-919(ApacheHTTPLog):isShipBuild true
I/System.out( 4248): Thread-919(ApacheHTTPLog):SMARTBONDING_ENABLED is false
I/System.out( 4248): Thread-919(ApacheHTTPLog):SmartBonding Enabling is false, SHIP_BUILD is true, log to file is false, DBG is false
D/EnterpriseController(  281): netId is 0
D/Netd    (  281): getNetworkForDns: using netid 0 for uid 10114
I/System.out( 4248): LogStrategyManager.request calls detatch()
I/InjectionManager(19693): Inside getClassLibPath + mLibMap{0=, 1=}
I/InjectionManager(19693): Inside getClassLibPath caller 
I/jni     (19693): libcrashsdk.so loaded
D/InjectionManager(19693): InjectionManager
D/InjectionManager(19693): fillFeatureStoreMap com.eg.android.AlipayGphone
I/InjectionManager(19693): Constructor com.eg.android.AlipayGphone, Feature store :{}
I/InjectionManager(19693): featureStore :{}
D/AndroidHttpClient(19693): [NALSECURITY] isMmsRequest() : CoreProtocolPNames.USER_AGENT = alipay
D/AndroidHttpClient(19693): [NALSECURITY] checkMmsSendPermission() : isMmsRequest() = false method = GET
I/System.out(19693): Thread-1409(ApacheHTTPLog):Reading from variable values from setDefaultValuesToVariables
I/System.out(19693): Thread-1409(ApacheHTTPLog):isSBSettingEnabled false
I/System.out(19693): Thread-1409(ApacheHTTPLog):isShipBuild true
I/System.out(19693): Thread-1409(ApacheHTTPLog):SMARTBONDING_ENABLED is false
I/System.out(19693): Thread-1409(ApacheHTTPLog):SmartBonding Enabling is false, SHIP_BUILD is true, log to file is false, DBG is false
D/EnterpriseController(  281): netId is 0
D/Netd    (  281): getNetworkForDns: using netid 0 for uid 10114
I/System.out(19693): LogStrategyManager.request calls detatch()
